0 verbose cli /usr/local/bin/node /usr/local/bin/npm
1 info using npm@10.9.7
2 info using node@v22.22.2
3 silly config load:file:/usr/local/lib/node_modules/npm/npmrc
4 silly config load:file:/tmp/workspace/a97c8650-d5af-4e3f-90e8-f8d938ffc3ae/.npmrc
5 silly config load:file:/usr/local/etc/npmrc
6 verbose title npm install @rollup/plugin-commonjs @rollup/plugin-node-resolve
7 verbose argv "install" "@rollup/plugin-commonjs" "@rollup/plugin-node-resolve" "--save-dev"
8 verbose logfile logs-max:10 dir:/tmp/workspace/a97c8650-d5af-4e3f-90e8-f8d938ffc3ae/.npm/_logs/2026-06-05T08_03_26_554Z-
9 verbose logfile /tmp/workspace/a97c8650-d5af-4e3f-90e8-f8d938ffc3ae/.npm/_logs/2026-06-05T08_03_26_554Z-debug-0.log
10 silly logfile done cleaning log files
11 silly packumentCache heap:1098907648 maxSize:274726912 maxEntrySize:137363456
12 silly idealTree buildDeps
13 silly fetch manifest @rollup/plugin-commonjs@*
14 silly packumentCache full:https://registry.npmjs.org/@rollup%2fplugin-commonjs cache-miss
15 http fetch GET 200 https://registry.npmjs.org/@rollup%2fplugin-commonjs 1271ms (cache miss)
16 silly packumentCache full:https://registry.npmjs.org/@rollup%2fplugin-commonjs set size:undefined disposed:false
17 silly fetch manifest rollup@^2.68.0||^3.0.0||^4.0.0
18 silly packumentCache full:https://registry.npmjs.org/rollup cache-miss
19 http fetch GET 200 https://registry.npmjs.org/rollup 1636ms (cache miss)
20 silly packumentCache full:https://registry.npmjs.org/rollup set size:undefined disposed:false
21 silly fetch manifest @rollup/plugin-node-resolve@*
22 silly packumentCache full:https://registry.npmjs.org/@rollup%2fplugin-node-resolve cache-miss
23 http fetch GET 200 https://registry.npmjs.org/@rollup%2fplugin-node-resolve 388ms (cache miss)
24 silly packumentCache full:https://registry.npmjs.org/@rollup%2fplugin-node-resolve set size:undefined disposed:false
25 silly fetch manifest rollup@^2.78.0||^3.0.0||^4.0.0
26 silly packumentCache full:https://registry.npmjs.org/rollup cache-miss
27 http cache https://registry.npmjs.org/rollup 33ms (cache hit)
28 silly packumentCache full:https://registry.npmjs.org/rollup set size:6217825 disposed:false
29 silly placeDep ROOT @rollup/plugin-commonjs@29.0.3 OK for: react-example@0.0.0 want: *
30 silly placeDep ROOT @rollup/plugin-node-resolve@16.0.3 OK for: react-example@0.0.0 want: *
31 silly fetch manifest @rollup/pluginutils@^5.0.1
32 silly packumentCache full:https://registry.npmjs.org/@rollup%2fpluginutils cache-miss
33 silly fetch manifest commondir@^1.0.1
34 silly packumentCache full:https://registry.npmjs.org/commondir cache-miss
35 http fetch GET 200 https://registry.npmjs.org/@rollup%2fpluginutils 358ms (cache miss)
36 silly packumentCache full:https://registry.npmjs.org/@rollup%2fpluginutils set size:undefined disposed:false
37 silly fetch manifest estree-walker@^2.0.2
38 silly packumentCache full:https://registry.npmjs.org/estree-walker cache-miss
39 http fetch GET 200 https://registry.npmjs.org/commondir 605ms (cache miss)
40 silly packumentCache full:https://registry.npmjs.org/commondir set size:undefined disposed:false
41 silly fetch manifest is-reference@1.2.1
42 silly packumentCache full:https://registry.npmjs.org/is-reference cache-miss
43 http fetch GET 200 https://registry.npmjs.org/estree-walker 383ms (cache miss)
44 silly packumentCache full:https://registry.npmjs.org/estree-walker set size:undefined disposed:false
45 silly fetch manifest @types/resolve@1.20.2
46 silly packumentCache full:https://registry.npmjs.org/@types%2fresolve cache-miss
47 http fetch GET 200 https://registry.npmjs.org/@types%2fresolve 190ms (cache miss)
48 silly packumentCache full:https://registry.npmjs.org/@types%2fresolve set size:undefined disposed:false
49 silly fetch manifest deepmerge@^4.2.2
50 silly packumentCache full:https://registry.npmjs.org/deepmerge cache-miss
51 http fetch GET 200 https://registry.npmjs.org/is-reference 351ms (cache miss)
52 silly packumentCache full:https://registry.npmjs.org/is-reference set size:undefined disposed:false
53 silly fetch manifest is-module@^1.0.0
54 silly packumentCache full:https://registry.npmjs.org/is-module cache-miss
55 http fetch GET 200 https://registry.npmjs.org/is-module 347ms (cache miss)
56 silly packumentCache full:https://registry.npmjs.org/is-module set size:undefined disposed:false
57 silly fetch manifest resolve@^1.22.1
58 silly packumentCache full:https://registry.npmjs.org/resolve cache-miss
59 http fetch GET 200 https://registry.npmjs.org/resolve 558ms (cache miss)
60 silly packumentCache full:https://registry.npmjs.org/resolve set size:undefined disposed:false
61 http fetch GET 200 https://registry.npmjs.org/deepmerge 948ms (cache miss)
62 silly packumentCache full:https://registry.npmjs.org/deepmerge set size:undefined disposed:false
63 silly placeDep ROOT @rollup/pluginutils@5.4.0 OK for: @rollup/plugin-commonjs@29.0.3 want: ^5.0.1
64 silly placeDep ROOT commondir@1.0.1 OK for: @rollup/plugin-commonjs@29.0.3 want: ^1.0.1
65 silly placeDep ROOT estree-walker@2.0.2 OK for: @rollup/plugin-commonjs@29.0.3 want: ^2.0.2
66 silly placeDep ROOT is-reference@1.2.1 OK for: @rollup/plugin-commonjs@29.0.3 want: 1.2.1
67 silly placeDep ROOT @types/resolve@1.20.2 OK for: @rollup/plugin-node-resolve@16.0.3 want: 1.20.2
68 silly placeDep ROOT deepmerge@4.3.1 OK for: @rollup/plugin-node-resolve@16.0.3 want: ^4.2.2
69 silly placeDep ROOT is-module@1.0.0 OK for: @rollup/plugin-node-resolve@16.0.3 want: ^1.0.0
70 silly placeDep ROOT resolve@1.22.12 OK for: @rollup/plugin-node-resolve@16.0.3 want: ^1.22.1
71 silly fetch manifest path-parse@^1.0.7
72 silly packumentCache full:https://registry.npmjs.org/path-parse cache-miss
73 silly fetch manifest is-core-module@^2.16.1
74 silly packumentCache full:https://registry.npmjs.org/is-core-module cache-miss
75 http fetch GET 200 https://registry.npmjs.org/path-parse 674ms (cache miss)
76 silly packumentCache full:https://registry.npmjs.org/path-parse set size:undefined disposed:false
77 silly fetch manifest supports-preserve-symlinks-flag@^1.0.0
78 silly packumentCache full:https://registry.npmjs.org/supports-preserve-symlinks-flag cache-miss
79 http fetch GET 200 https://registry.npmjs.org/is-core-module 805ms (cache miss)
80 silly packumentCache full:https://registry.npmjs.org/is-core-module set size:undefined disposed:false
81 http fetch GET 200 https://registry.npmjs.org/supports-preserve-symlinks-flag 342ms (cache miss)
82 silly packumentCache full:https://registry.npmjs.org/supports-preserve-symlinks-flag set size:undefined disposed:false
83 silly placeDep ROOT is-core-module@2.16.2 OK for: resolve@1.22.12 want: ^2.16.1
84 silly placeDep ROOT path-parse@1.0.7 OK for: resolve@1.22.12 want: ^1.0.7
85 silly placeDep ROOT supports-preserve-symlinks-flag@1.0.0 OK for: resolve@1.22.12 want: ^1.0.0
86 silly reify moves {}
87 verbose reify failed optional dependency /tmp/workspace/a97c8650-d5af-4e3f-90e8-f8d938ffc3ae/node_modules/@tailwindcss/oxide-wasm32-wasi
88 silly reify mark deleted [
88 silly reify   '/tmp/workspace/a97c8650-d5af-4e3f-90e8-f8d938ffc3ae/node_modules/@tailwindcss/oxide-wasm32-wasi'
88 silly reify ]
89 silly audit bulk request {
89 silly audit   '@babel/code-frame': [ '7.29.7' ],
89 silly audit   '@babel/compat-data': [ '7.29.7' ],
89 silly audit   '@babel/core': [ '7.29.7' ],
89 silly audit   '@babel/generator': [ '7.29.7' ],
89 silly audit   '@babel/helper-compilation-targets': [ '7.29.7' ],
89 silly audit   '@babel/helper-globals': [ '7.29.7' ],
89 silly audit   '@babel/helper-module-imports': [ '7.29.7' ],
89 silly audit   '@babel/helper-module-transforms': [ '7.29.7' ],
89 silly audit   '@babel/helper-plugin-utils': [ '7.29.7' ],
89 silly audit   '@babel/helper-string-parser': [ '7.29.7' ],
89 silly audit   '@babel/helper-validator-identifier': [ '7.29.7' ],
89 silly audit   '@babel/helper-validator-option': [ '7.29.7' ],
89 silly audit   '@babel/helpers': [ '7.29.7' ],
89 silly audit   '@babel/parser': [ '7.29.7' ],
89 silly audit   '@babel/plugin-transform-react-jsx-self': [ '7.29.7' ],
89 silly audit   '@babel/plugin-transform-react-jsx-source': [ '7.29.7' ],
89 silly audit   '@babel/template': [ '7.29.7' ],
89 silly audit   '@babel/traverse': [ '7.29.7' ],
89 silly audit   '@babel/types': [ '7.29.7' ],
89 silly audit   '@cloudbase/adapter-interface': [ '0.7.1' ],
89 silly audit   '@cloudbase/adapter-wx_mp': [ '1.3.1' ],
89 silly audit   'web-streams-polyfill': [ '4.3.0', '3.3.3' ],
89 silly audit   '@cloudbase/ai': [ '3.3.13' ],
89 silly audit   '@cloudbase/analytics': [ '3.3.13' ],
89 silly audit   '@cloudbase/apis': [ '3.3.13' ],
89 silly audit   '@cloudbase/app': [ '3.3.13' ],
89 silly audit   '@cloudbase/auth': [ '3.3.13' ],
89 silly audit   '@cloudbase/cloudrun': [ '3.3.13' ],
89 silly audit   '@cloudbase/database': [ '0.12.1' ],
89 silly audit   '@cloudbase/functions': [ '3.3.13' ],
89 silly audit   '@cloudbase/js-sdk': [ '3.3.13' ],
89 silly audit   '@cloudbase/model': [ '3.3.13' ],
89 silly audit   '@cloudbase/mysql': [ '3.3.13' ],
89 silly audit   '@cloudbase/types': [ '2.20.3', '3.3.13' ],
89 silly audit   '@cloudbase/utilities': [ '2.20.3', '3.3.13' ],
89 silly audit   '@cloudbase/wx-cloud-client-sdk': [ '1.8.6-beta.1', '1.8.8' ],
89 silly audit   '@cloudbase/oauth': [ '3.3.13' ],
89 silly audit   '@cloudbase/realtime': [ '3.3.13' ],
89 silly audit   '@cloudbase/storage': [ '3.3.13' ],
89 silly audit   '@esbuild/aix-ppc64': [ '0.25.12', '0.28.0' ],
89 silly audit   '@esbuild/android-arm': [ '0.25.12', '0.28.0' ],
89 silly audit   '@esbuild/android-arm64': [ '0.25.12', '0.28.0' ],
89 silly audit   '@esbuild/android-x64': [ '0.25.12', '0.28.0' ],
89 silly audit   '@esbuild/darwin-arm64': [ '0.25.12', '0.28.0' ],
89 silly audit   '@esbuild/darwin-x64': [ '0.25.12', '0.28.0' ],
89 silly audit   '@esbuild/freebsd-arm64': [ '0.25.12', '0.28.0' ],
89 silly audit   '@esbuild/freebsd-x64': [ '0.25.12', '0.28.0' ],
89 silly audit   '@esbuild/linux-arm': [ '0.25.12', '0.28.0' ],
89 silly audit   '@esbuild/linux-arm64': [ '0.25.12', '0.28.0' ],
89 silly audit   '@esbuild/linux-ia32': [ '0.25.12', '0.28.0' ],
89 silly audit   '@esbuild/linux-loong64': [ '0.25.12', '0.28.0' ],
89 silly audit   '@esbuild/linux-mips64el': [ '0.25.12', '0.28.0' ],
89 silly audit   '@esbuild/linux-ppc64': [ '0.25.12', '0.28.0' ],
89 silly audit   '@esbuild/linux-riscv64': [ '0.25.12', '0.28.0' ],
89 silly audit   '@esbuild/linux-s390x': [ '0.25.12', '0.28.0' ],
89 silly audit   '@esbuild/linux-x64': [ '0.25.12', '0.28.0' ],
89 silly audit   '@esbuild/netbsd-arm64': [ '0.25.12', '0.28.0' ],
89 silly audit   '@esbuild/netbsd-x64': [ '0.25.12', '0.28.0' ],
89 silly audit   '@esbuild/openbsd-arm64': [ '0.25.12', '0.28.0' ],
89 silly audit   '@esbuild/openbsd-x64': [ '0.25.12', '0.28.0' ],
89 silly audit   '@esbuild/openharmony-arm64': [ '0.25.12', '0.28.0' ],
89 silly audit   '@esbuild/sunos-x64': [ '0.25.12', '0.28.0' ],
89 silly audit   '@esbuild/win32-arm64': [ '0.25.12', '0.28.0' ],
89 silly audit   '@esbuild/win32-ia32': [ '0.25.12', '0.28.0' ],
89 silly audit   '@esbuild/win32-x64': [ '0.25.12', '0.28.0' ],
89 silly audit   '@google/genai': [ '2.8.0' ],
89 silly audit   '@jridgewell/gen-mapping': [ '0.3.13' ],
89 silly audit   '@jridgewell/remapping': [ '2.3.5' ],
89 silly audit   '@jridgewell/resolve-uri': [ '3.1.2' ],
89 silly audit   '@jridgewell/sourcemap-codec': [ '1.5.5' ],
89 silly audit   '@jridgewell/trace-mapping': [ '0.3.31' ],
89 silly audit   '@mattiasbuelens/web-streams-adapter': [ '0.1.0' ],
89 silly audit   '@protobufjs/aspromise': [ '1.1.2' ],
89 silly audit   '@protobufjs/base64': [ '1.1.2' ],
89 silly audit   '@protobufjs/codegen': [ '2.0.5' ],
89 silly audit   '@protobufjs/eventemitter': [ '1.1.1' ],
89 silly audit   '@protobufjs/fetch': [ '1.1.1' ],
89 silly audit   '@protobufjs/float': [ '1.0.2' ],
89 silly audit   '@protobufjs/inquire': [ '1.1.2' ],
89 silly audit   '@protobufjs/path': [ '1.1.2' ],
89 silly audit   '@protobufjs/pool': [ '1.1.0' ],
89 silly audit   '@protobufjs/utf8': [ '1.1.1' ],
89 silly audit   '@rolldown/pluginutils': [ '1.0.0-rc.3' ],
89 silly audit   '@rollup/rollup-android-arm-eabi': [ '4.61.1' ],
89 silly audit   '@rollup/rollup-android-arm64': [ '4.61.1' ],
89 silly audit   '@rollup/rollup-darwin-arm64': [ '4.61.1' ],
89 silly audit   '@rollup/rollup-darwin-x64': [ '4.61.1' ],
89 silly audit   '@rollup/rollup-freebsd-arm64': [ '4.61.1' ],
89 silly audit   '@rollup/rollup-freebsd-x64': [ '4.61.1' ],
89 silly audit   '@rollup/rollup-linux-arm-gnueabihf': [ '4.61.1' ],
89 silly audit   '@rollup/rollup-linux-arm-musleabihf': [ '4.61.1' ],
89 silly audit   '@rollup/rollup-linux-arm64-gnu': [ '4.61.1' ],
89 silly audit   '@rollup/rollup-linux-arm64-musl': [ '4.61.1' ],
89 silly audit   '@rollup/rollup-linux-loong64-gnu': [ '4.61.1' ],
89 silly audit   '@rollup/rollup-linux-loong64-musl': [ '4.61.1' ],
89 silly audit   '@rollup/rollup-linux-ppc64-gnu': [ '4.61.1' ],
89 silly audit   '@rollup/rollup-linux-ppc64-musl': [ '4.61.1' ],
89 silly audit   '@rollup/rollup-linux-riscv64-gnu': [ '4.61.1' ],
89 silly audit   '@rollup/rollup-linux-riscv64-musl': [ '4.61.1' ],
89 silly audit   '@rollup/rollup-linux-s390x-gnu': [ '4.61.1' ],
89 silly audit   '@rollup/rollup-linux-x64-gnu': [ '4.61.1' ],
89 silly audit   '@rollup/rollup-linux-x64-musl': [ '4.61.1' ],
89 silly audit   '@rollup/rollup-openbsd-x64': [ '4.61.1' ],
89 silly audit   '@rollup/rollup-openharmony-arm64': [ '4.61.1' ],
89 silly audit   '@rollup/rollup-win32-arm64-msvc': [ '4.61.1' ],
89 silly audit   '@rollup/rollup-win32-ia32-msvc': [ '4.61.1' ],
89 silly audit   '@rollup/rollup-win32-x64-gnu': [ '4.61.1' ],
89 silly audit   '@rollup/rollup-win32-x64-msvc': [ '4.61.1' ],
89 silly audit   '@tailwindcss/node': [ '4.3.0' ],
89 silly audit   '@tailwindcss/oxide': [ '4.3.0' ],
89 silly audit   '@tailwindcss/oxide-android-arm64': [ '4.3.0' ],
89 silly audit   '@tailwindcss/oxide-darwin-arm64': [ '4.3.0' ],
89 silly audit   '@tailwindcss/oxide-darwin-x64': [ '4.3.0' ],
89 silly audit   '@tailwindcss/oxide-freebsd-x64': [ '4.3.0' ],
89 silly audit   '@tailwindcss/oxide-linux-arm-gnueabihf': [ '4.3.0' ],
89 silly audit   '@tailwindcss/oxide-linux-arm64-gnu': [ '4.3.0' ],
89 silly audit   '@tailwindcss/oxide-linux-arm64-musl': [ '4.3.0' ],
89 silly audit   '@tailwindcss/oxide-linux-x64-gnu': [ '4.3.0' ],
89 silly audit   '@tailwindcss/oxide-linux-x64-musl': [ '4.3.0' ],
89 silly audit   '@tailwindcss/oxide-win32-arm64-msvc': [ '4.3.0' ],
89 silly audit   '@tailwindcss/oxide-win32-x64-msvc': [ '4.3.0' ],
89 silly audit   '@tailwindcss/vite': [ '4.3.0' ],
89 silly audit   '@types/babel__core': [ '7.20.5' ],
89 silly audit   '@types/babel__generator': [ '7.27.0' ],
89 silly audit   '@types/babel__template': [ '7.4.4' ],
89 silly audit   '@types/babel__traverse': [ '7.28.0' ],
89 silly audit   '@types/body-parser': [ '1.19.6' ],
89 silly audit   '@types/connect': [ '3.4.38' ],
89 silly audit   '@types/estree': [ '1.0.9' ],
89 silly audit   '@types/express': [ '4.17.25' ],
89 silly audit   '@types/express-serve-static-core': [ '4.19.8' ],
89 silly audit   '@types/http-errors': [ '2.0.5' ],
89 silly audit   '@types/mime': [ '1.3.5' ],
89 silly audit   '@types/node': [ '22.19.19' ],
89 silly audit   '@types/qs': [ '6.15.1' ],
89 silly audit   '@types/range-parser': [ '1.2.7' ],
89 silly audit   '@types/retry': [ '0.12.0' ],
89 silly audit   '@types/send': [ '1.2.1', '0.17.6' ],
89 silly audit   '@types/serve-static': [ '1.15.10' ],
89 silly audit   '@vitejs/plugin-react': [ '5.2.0' ],
89 silly audit   accepts: [ '1.3.8' ],
89 silly audit   'agent-base': [ '7.1.4' ],
89 silly audit   'ansi-regex': [ '6.2.2' ],
89 silly audit   'ansi-styles': [ '6.2.3' ],
89 silly audit   anymatch: [ '3.1.3' ],
89 silly audit   picomatch: [ '2.3.2', '4.0.4' ],
89 silly audit   'array-flatten': [ '1.1.1' ],
89 silly audit   autoprefixer: [ '10.5.0' ],
89 silly audit   'balanced-match': [ '4.0.4' ],
89 silly audit   'base64-js': [ '1.5.1' ],
89 silly audit   'baseline-browser-mapping': [ '2.10.33' ],
89 silly audit   'bignumber.js': [ '9.3.1' ],
89 silly audit   'binary-extensions': [ '2.3.0' ],
89 silly audit   'body-parser': [ '1.20.5' ],
89 silly audit   debug: [ '2.6.9', '4.4.3' ],
89 silly audit   ms: [ '2.0.0', '2.1.3' ],
89 silly audit   'brace-expansion': [ '5.0.6' ],
89 silly audit   braces: [ '3.0.3' ],
89 silly audit   browserslist: [ '4.28.2' ],
89 silly audit   bson: [ '7.2.0' ],
89 silly audit   'buffer-equal-constant-time': [ '1.0.1' ],
89 silly audit   bytes: [ '3.1.2' ],
89 silly audit   'call-bind-apply-helpers': [ '1.0.2' ],
89 silly audit   'call-bound': [ '1.0.4' ],
89 silly audit   'caniuse-lite': [ '1.0.30001793' ],
89 silly audit   chalk: [ '5.6.2' ],
89 silly audit   chokidar: [ '3.6.0' ],
89 silly audit   cliui: [ '9.0.1' ],
89 silly audit   concurrently: [ '10.0.3' ],
89 silly audit   'content-disposition': [ '0.5.4' ],
89 silly audit   'content-type': [ '1.0.5' ],
89 silly audit   'convert-source-map': [ '2.0.0' ],
89 silly audit   cookie: [ '0.7.2' ],
89 silly audit   'cookie-signature': [ '1.0.7' ],
89 silly audit   'core-js-pure': [ '3.49.0' ],
89 silly audit   cors: [ '2.8.6' ],
89 silly audit   'data-uri-to-buffer': [ '4.0.1' ],
89 silly audit   depd: [ '2.0.0' ],
89 silly audit   destroy: [ '1.2.0' ],
89 silly audit   'detect-libc': [ '2.1.2' ],
89 silly audit   dotenv: [ '17.4.2' ],
89 silly audit   'dunder-proto': [ '1.0.1' ],
89 silly audit   'ecdsa-sig-formatter': [ '1.0.11' ],
89 silly audit   'ee-first': [ '1.1.1' ],
89 silly audit   'electron-to-chromium': [ '1.5.367' ],
89 silly audit   'emoji-regex': [ '10.6.0' ],
89 silly audit   encodeurl: [ '2.0.0' ],
89 silly audit   'enhanced-resolve': [ '5.22.2' ],
89 silly audit   'es-define-property': [ '1.0.1' ],
89 silly audit   'es-errors': [ '1.3.0' ],
89 silly audit   'es-object-atoms': [ '1.1.2' ],
89 silly audit   esbuild: [ '0.25.12', '0.28.0' ],
89 silly audit   escalade: [ '3.2.0' ],
89 silly audit   'escape-html': [ '1.0.3' ],
89 silly audit   etag: [ '1.8.1' ],
89 silly audit   express: [ '4.22.2' ],
89 silly audit   extend: [ '3.0.2' ],
89 silly audit   fdir: [ '6.5.0' ],
89 silly audit   'fetch-blob': [ '3.2.0' ],
89 silly audit   'fill-range': [ '7.1.1' ],
89 silly audit   finalhandler: [ '1.3.2' ],
89 silly audit   'formdata-polyfill': [ '4.0.10' ],
89 silly audit   forwarded: [ '0.2.0' ],
89 silly audit   'fraction.js': [ '5.3.4' ],
89 silly audit   'framer-motion': [ '12.40.0' ],
89 silly audit   fresh: [ '0.5.2' ],
89 silly audit   fsevents: [ '2.3.3' ],
89 silly audit   'function-bind': [ '1.1.2' ],
89 silly audit   gaxios: [ '7.1.4' ],
89 silly audit   'gcp-metadata': [ '8.1.2' ],
89 silly audit   gensync: [ '1.0.0-beta.2' ],
89 silly audit   'get-caller-file': [ '2.0.5' ],
89 silly audit   'get-east-asian-width': [ '1.6.0' ],
89 silly audit   'get-intrinsic': [ '1.3.0' ],
89 silly audit   'get-proto': [ '1.0.1' ],
89 silly audit   'glob-parent': [ '5.1.2' ],
89 silly audit   'google-auth-library': [ '10.6.2' ],
89 silly audit   'google-logging-utils': [ '1.1.3' ],
89 silly audit   gopd: [ '1.2.0' ],
89 silly audit   'graceful-fs': [ '4.2.11' ],
89 silly audit   'has-flag': [ '3.0.0' ],
89 silly audit   'has-symbols': [ '1.1.0' ],
89 silly audit   hasown: [ '2.0.4' ],
89 silly audit   'http-errors': [ '2.0.1' ],
89 silly audit   'https-proxy-agent': [ '7.0.6' ],
89 silly audit   'iconv-lite': [ '0.4.24' ],
89 silly audit   'ignore-by-default': [ '1.0.1' ],
89 silly audit   inherits: [ '2.0.4' ],
89 silly audit   'ipaddr.js': [ '1.9.1' ],
89 silly audit   'is-binary-path': [ '2.1.0' ],
89 silly audit   'is-extglob': [ '2.1.1' ],
89 silly audit   'is-glob': [ '4.0.3' ],
89 silly audit   'is-number': [ '7.0.0' ],
89 silly audit   jiti: [ '2.7.0' ],
89 silly audit   'js-tokens': [ '4.0.0' ],
89 silly audit   jsesc: [ '3.1.0' ],
89 silly audit   'json-bigint': [ '1.0.0' ],
89 silly audit   json5: [ '2.2.3' ],
89 silly audit   jwa: [ '2.0.1' ],
89 silly audit   jws: [ '4.0.1' ],
89 silly audit   'jwt-decode': [ '3.1.2' ],
89 silly audit   lightningcss: [ '1.32.0' ],
89 silly audit   'lightningcss-android-arm64': [ '1.32.0' ],
89 silly audit   'lightningcss-darwin-arm64': [ '1.32.0' ],
89 silly audit   'lightningcss-darwin-x64': [ '1.32.0' ],
89 silly audit   'lightningcss-freebsd-x64': [ '1.32.0' ],
89 silly audit   'lightningcss-linux-arm-gnueabihf': [ '1.32.0' ],
89 silly audit   'lightningcss-linux-arm64-gnu': [ '1.32.0' ],
89 silly audit   'lightningcss-linux-arm64-musl': [ '1.32.0' ],
89 silly audit   'lightningcss-linux-x64-gnu': [ '1.32.0' ],
89 silly audit   'lightningcss-linux-x64-musl': [ '1.32.0' ],
89 silly audit   'lightningcss-win32-arm64-msvc': [ '1.32.0' ],
89 silly audit   'lightningcss-win32-x64-msvc': [ '1.32.0' ],
89 silly audit   lodash: [ '4.18.1' ],
89 silly audit   long: [ '5.3.2' ],
89 silly audit   'lru-cache': [ '5.1.1' ],
89 silly audit   'lucide-react': [ '0.546.0' ],
89 silly audit   'magic-string': [ '0.30.21' ],
89 silly audit   'math-intrinsics': [ '1.1.0' ],
89 silly audit   'media-typer': [ '0.3.0' ],
89 silly audit   'merge-descriptors': [ '1.0.3' ],
89 silly audit   methods: [ '1.1.2' ],
89 silly audit   mime: [ '1.6.0' ],
89 silly audit   'mime-db': [ '1.52.0' ],
89 silly audit   'mime-types': [ '2.1.35' ],
89 silly audit   minimatch: [ '10.2.5' ],
89 silly audit   motion: [ '12.40.0' ],
89 silly audit   'motion-dom': [ '12.40.0' ],
89 silly audit   'motion-utils': [ '12.39.0' ],
89 silly audit   nanoid: [ '3.3.12' ],
89 silly audit   negotiator: [ '0.6.3' ],
89 silly audit   'node-domexception': [ '1.0.0' ],
89 silly audit   'node-fetch': [ '3.3.2' ],
89 silly audit   'node-releases': [ '2.0.47' ],
89 silly audit   nodemon: [ '3.1.14' ],
89 silly audit   semver: [ '7.8.1', '6.3.1' ],
89 silly audit   'supports-color': [ '5.5.0', '10.2.2' ],
89 silly audit   'normalize-path': [ '3.0.0' ],
89 silly audit   'object-assign': [ '4.1.1' ],
89 silly audit   'object-inspect': [ '1.13.4' ],
89 silly audit   'on-finished': [ '2.4.1' ],
89 silly audit   'p-retry': [ '4.6.2' ],
89 silly audit   parseurl: [ '1.3.3' ],
89 silly audit   'path-to-regexp': [ '0.1.13' ],
89 silly audit   picocolors: [ '1.1.1' ],
89 silly audit   postcss: [ '8.5.15' ],
89 silly audit   'postcss-value-parser': [ '4.2.0' ],
89 silly audit   protobufjs: [ '7.6.2' ],
89 silly audit   'proxy-addr': [ '2.0.7' ],
89 silly audit   'pstree.remy': [ '1.1.8' ],
89 silly audit   qs: [ '6.15.2' ],
89 silly audit   'range-parser': [ '1.2.1' ],
89 silly audit   'raw-body': [ '2.5.3' ],
89 silly audit   react: [ '19.2.7' ],
89 silly audit   'react-dom': [ '19.2.7' ],
89 silly audit   'react-refresh': [ '0.18.0' ],
89 silly audit   readdirp: [ '3.6.0' ],
89 silly audit   retry: [ '0.13.1' ],
89 silly audit   rollup: [ '4.61.1' ],
89 silly audit   rxjs: [ '7.8.2' ],
89 silly audit   'safe-buffer': [ '5.2.1' ],
89 silly audit   'safer-buffer': [ '2.1.2' ],
89 silly audit   scheduler: [ '0.27.0' ],
89 silly audit   send: [ '0.19.2' ],
89 silly audit   'serve-static': [ '1.16.3' ],
89 silly audit   setprototypeof: [ '1.2.0' ],
89 silly audit   'shell-quote': [ '1.8.4' ],
89 silly audit   'side-channel': [ '1.1.0' ],
89 silly audit   'side-channel-list': [ '1.0.1' ],
89 silly audit   'side-channel-map': [ '1.0.1' ],
89 silly audit   'side-channel-weakmap': [ '1.0.2' ],
89 silly audit   'simple-update-notifier': [ '2.0.0' ],
89 silly audit   'source-map-js': [ '1.2.1' ],
89 silly audit   statuses: [ '2.0.2' ],
89 silly audit   'string-width': [ '7.2.0' ],
89 silly audit   'strip-ansi': [ '7.2.0' ],
89 silly audit   tailwindcss: [ '4.3.0' ],
89 silly audit   tapable: [ '2.3.3' ],
89 silly audit   'text-encoding-shim': [ '1.0.5' ],
89 silly audit   tinyglobby: [ '0.2.17' ],
89 silly audit   'to-regex-range': [ '5.0.1' ],
89 silly audit   toidentifier: [ '1.0.1' ],
89 silly audit   touch: [ '3.1.1' ],
89 silly audit   'tree-kill': [ '1.2.2' ],
89 silly audit   tslib: [ '2.8.1' ],
89 silly audit   tsx: [ '4.22.4' ],
89 silly audit   'type-is': [ '1.6.18' ],
89 silly audit   typescript: [ '5.8.3' ],
89 silly audit   undefsafe: [ '2.0.5' ],
89 silly audit   'undici-types': [ '6.21.0' ],
89 silly audit   unpipe: [ '1.0.0' ],
89 silly audit   'update-browserslist-db': [ '1.2.3' ],
89 silly audit   'utils-merge': [ '1.0.1' ],
89 silly audit   vary: [ '1.1.2' ],
89 silly audit   vite: [ '6.4.3' ],
89 silly audit   'wrap-ansi': [ '9.0.2' ],
89 silly audit   ws: [ '8.21.0' ],
89 silly audit   y18n: [ '5.0.8' ],
89 silly audit   yallist: [ '3.1.1' ],
89 silly audit   yargs: [ '18.0.0' ],
89 silly audit   'yargs-parser': [ '22.0.0' ],
89 silly audit   '@rollup/plugin-commonjs': [ '29.0.3' ],
89 silly audit   '@rollup/plugin-node-resolve': [ '16.0.3' ],
89 silly audit   '@rollup/pluginutils': [ '5.4.0' ],
89 silly audit   commondir: [ '1.0.1' ],
89 silly audit   'estree-walker': [ '2.0.2' ],
89 silly audit   'is-reference': [ '1.2.1' ],
89 silly audit   '@types/resolve': [ '1.20.2' ],
89 silly audit   deepmerge: [ '4.3.1' ],
89 silly audit   'is-module': [ '1.0.0' ],
89 silly audit   resolve: [ '1.22.12' ],
89 silly audit   'is-core-module': [ '2.16.2' ],
89 silly audit   'path-parse': [ '1.0.7' ],
89 silly audit   'supports-preserve-symlinks-flag': [ '1.0.0' ],
89 silly audit   '@tailwindcss/oxide-wasm32-wasi': [ '4.3.0' ]
89 silly audit }
90 verbose reify failed optional dependency /tmp/workspace/a97c8650-d5af-4e3f-90e8-f8d938ffc3ae/node_modules/lightningcss-win32-x64-msvc
91 silly reify mark deleted [
91 silly reify   '/tmp/workspace/a97c8650-d5af-4e3f-90e8-f8d938ffc3ae/node_modules/lightningcss-win32-x64-msvc'
91 silly reify ]
92 verbose reify failed optional dependency /tmp/workspace/a97c8650-d5af-4e3f-90e8-f8d938ffc3ae/node_modules/lightningcss-win32-arm64-msvc
93 silly reify mark deleted [
93 silly reify   '/tmp/workspace/a97c8650-d5af-4e3f-90e8-f8d938ffc3ae/node_modules/lightningcss-win32-arm64-msvc'
93 silly reify ]
94 verbose reify failed optional dependency /tmp/workspace/a97c8650-d5af-4e3f-90e8-f8d938ffc3ae/node_modules/lightningcss-linux-arm64-musl
95 silly reify mark deleted [
95 silly reify   '/tmp/workspace/a97c8650-d5af-4e3f-90e8-f8d938ffc3ae/node_modules/lightningcss-linux-arm64-musl'
95 silly reify ]
96 verbose reify failed optional dependency /tmp/workspace/a97c8650-d5af-4e3f-90e8-f8d938ffc3ae/node_modules/lightningcss-linux-arm64-gnu
97 silly reify mark deleted [
97 silly reify   '/tmp/workspace/a97c8650-d5af-4e3f-90e8-f8d938ffc3ae/node_modules/lightningcss-linux-arm64-gnu'
97 silly reify ]
98 verbose reify failed optional dependency /tmp/workspace/a97c8650-d5af-4e3f-90e8-f8d938ffc3ae/node_modules/lightningcss-linux-arm-gnueabihf
99 silly reify mark deleted [
99 silly reify   '/tmp/workspace/a97c8650-d5af-4e3f-90e8-f8d938ffc3ae/node_modules/lightningcss-linux-arm-gnueabihf'
99 silly reify ]
100 verbose reify failed optional dependency /tmp/workspace/a97c8650-d5af-4e3f-90e8-f8d938ffc3ae/node_modules/lightningcss-freebsd-x64
101 silly reify mark deleted [
101 silly reify   '/tmp/workspace/a97c8650-d5af-4e3f-90e8-f8d938ffc3ae/node_modules/lightningcss-freebsd-x64'
101 silly reify ]
102 verbose reify failed optional dependency /tmp/workspace/a97c8650-d5af-4e3f-90e8-f8d938ffc3ae/node_modules/lightningcss-darwin-x64
103 silly reify mark deleted [
103 silly reify   '/tmp/workspace/a97c8650-d5af-4e3f-90e8-f8d938ffc3ae/node_modules/lightningcss-darwin-x64'
103 silly reify ]
104 verbose reify failed optional dependency /tmp/workspace/a97c8650-d5af-4e3f-90e8-f8d938ffc3ae/node_modules/lightningcss-darwin-arm64
105 silly reify mark deleted [
105 silly reify   '/tmp/workspace/a97c8650-d5af-4e3f-90e8-f8d938ffc3ae/node_modules/lightningcss-darwin-arm64'
105 silly reify ]
106 verbose reify failed optional dependency /tmp/workspace/a97c8650-d5af-4e3f-90e8-f8d938ffc3ae/node_modules/lightningcss-android-arm64
107 silly reify mark deleted [
107 silly reify   '/tmp/workspace/a97c8650-d5af-4e3f-90e8-f8d938ffc3ae/node_modules/lightningcss-android-arm64'
107 silly reify ]
108 verbose reify failed optional dependency /tmp/workspace/a97c8650-d5af-4e3f-90e8-f8d938ffc3ae/node_modules/fsevents
109 silly reify mark deleted [
109 silly reify   '/tmp/workspace/a97c8650-d5af-4e3f-90e8-f8d938ffc3ae/node_modules/fsevents'
109 silly reify ]
110 verbose reify failed optional dependency /tmp/workspace/a97c8650-d5af-4e3f-90e8-f8d938ffc3ae/node_modules/@tailwindcss/oxide-win32-x64-msvc
111 silly reify mark deleted [
111 silly reify   '/tmp/workspace/a97c8650-d5af-4e3f-90e8-f8d938ffc3ae/node_modules/@tailwindcss/oxide-win32-x64-msvc'
111 silly reify ]
112 verbose reify failed optional dependency /tmp/workspace/a97c8650-d5af-4e3f-90e8-f8d938ffc3ae/node_modules/@tailwindcss/oxide-win32-arm64-msvc
113 silly reify mark deleted [
113 silly reify   '/tmp/workspace/a97c8650-d5af-4e3f-90e8-f8d938ffc3ae/node_modules/@tailwindcss/oxide-win32-arm64-msvc'
113 silly reify ]
114 verbose reify failed optional dependency /tmp/workspace/a97c8650-d5af-4e3f-90e8-f8d938ffc3ae/node_modules/@tailwindcss/oxide-linux-arm64-musl
115 silly reify mark deleted [
115 silly reify   '/tmp/workspace/a97c8650-d5af-4e3f-90e8-f8d938ffc3ae/node_modules/@tailwindcss/oxide-linux-arm64-musl'
115 silly reify ]
116 verbose reify failed optional dependency /tmp/workspace/a97c8650-d5af-4e3f-90e8-f8d938ffc3ae/node_modules/@tailwindcss/oxide-linux-arm64-gnu
117 silly reify mark deleted [
117 silly reify   '/tmp/workspace/a97c8650-d5af-4e3f-90e8-f8d938ffc3ae/node_modules/@tailwindcss/oxide-linux-arm64-gnu'
117 silly reify ]
118 verbose reify failed optional dependency /tmp/workspace/a97c8650-d5af-4e3f-90e8-f8d938ffc3ae/node_modules/@tailwindcss/oxide-linux-arm-gnueabihf
119 silly reify mark deleted [
119 silly reify   '/tmp/workspace/a97c8650-d5af-4e3f-90e8-f8d938ffc3ae/node_modules/@tailwindcss/oxide-linux-arm-gnueabihf'
119 silly reify ]
120 verbose reify failed optional dependency /tmp/workspace/a97c8650-d5af-4e3f-90e8-f8d938ffc3ae/node_modules/@tailwindcss/oxide-freebsd-x64
121 silly reify mark deleted [
121 silly reify   '/tmp/workspace/a97c8650-d5af-4e3f-90e8-f8d938ffc3ae/node_modules/@tailwindcss/oxide-freebsd-x64'
121 silly reify ]
122 verbose reify failed optional dependency /tmp/workspace/a97c8650-d5af-4e3f-90e8-f8d938ffc3ae/node_modules/@tailwindcss/oxide-darwin-x64
123 silly reify mark deleted [
123 silly reify   '/tmp/workspace/a97c8650-d5af-4e3f-90e8-f8d938ffc3ae/node_modules/@tailwindcss/oxide-darwin-x64'
123 silly reify ]
124 verbose reify failed optional dependency /tmp/workspace/a97c8650-d5af-4e3f-90e8-f8d938ffc3ae/node_modules/@tailwindcss/oxide-darwin-arm64
125 silly reify mark deleted [
125 silly reify   '/tmp/workspace/a97c8650-d5af-4e3f-90e8-f8d938ffc3ae/node_modules/@tailwindcss/oxide-darwin-arm64'
125 silly reify ]
126 verbose reify failed optional dependency /tmp/workspace/a97c8650-d5af-4e3f-90e8-f8d938ffc3ae/node_modules/@tailwindcss/oxide-android-arm64
127 silly reify mark deleted [
127 silly reify   '/tmp/workspace/a97c8650-d5af-4e3f-90e8-f8d938ffc3ae/node_modules/@tailwindcss/oxide-android-arm64'
127 silly reify ]
128 verbose reify failed optional dependency /tmp/workspace/a97c8650-d5af-4e3f-90e8-f8d938ffc3ae/node_modules/@rollup/rollup-win32-x64-msvc
129 silly reify mark deleted [
129 silly reify   '/tmp/workspace/a97c8650-d5af-4e3f-90e8-f8d938ffc3ae/node_modules/@rollup/rollup-win32-x64-msvc'
129 silly reify ]
130 verbose reify failed optional dependency /tmp/workspace/a97c8650-d5af-4e3f-90e8-f8d938ffc3ae/node_modules/@rollup/rollup-win32-x64-gnu
131 silly reify mark deleted [
131 silly reify   '/tmp/workspace/a97c8650-d5af-4e3f-90e8-f8d938ffc3ae/node_modules/@rollup/rollup-win32-x64-gnu'
131 silly reify ]
132 verbose reify failed optional dependency /tmp/workspace/a97c8650-d5af-4e3f-90e8-f8d938ffc3ae/node_modules/@rollup/rollup-win32-ia32-msvc
133 silly reify mark deleted [
133 silly reify   '/tmp/workspace/a97c8650-d5af-4e3f-90e8-f8d938ffc3ae/node_modules/@rollup/rollup-win32-ia32-msvc'
133 silly reify ]
134 verbose reify failed optional dependency /tmp/workspace/a97c8650-d5af-4e3f-90e8-f8d938ffc3ae/node_modules/@rollup/rollup-win32-arm64-msvc
135 silly reify mark deleted [
135 silly reify   '/tmp/workspace/a97c8650-d5af-4e3f-90e8-f8d938ffc3ae/node_modules/@rollup/rollup-win32-arm64-msvc'
135 silly reify ]
136 verbose reify failed optional dependency /tmp/workspace/a97c8650-d5af-4e3f-90e8-f8d938ffc3ae/node_modules/@rollup/rollup-openharmony-arm64
137 silly reify mark deleted [
137 silly reify   '/tmp/workspace/a97c8650-d5af-4e3f-90e8-f8d938ffc3ae/node_modules/@rollup/rollup-openharmony-arm64'
137 silly reify ]
138 verbose reify failed optional dependency /tmp/workspace/a97c8650-d5af-4e3f-90e8-f8d938ffc3ae/node_modules/@rollup/rollup-openbsd-x64
139 silly reify mark deleted [
139 silly reify   '/tmp/workspace/a97c8650-d5af-4e3f-90e8-f8d938ffc3ae/node_modules/@rollup/rollup-openbsd-x64'
139 silly reify ]
140 verbose reify failed optional dependency /tmp/workspace/a97c8650-d5af-4e3f-90e8-f8d938ffc3ae/node_modules/@rollup/rollup-linux-s390x-gnu
141 silly reify mark deleted [
141 silly reify   '/tmp/workspace/a97c8650-d5af-4e3f-90e8-f8d938ffc3ae/node_modules/@rollup/rollup-linux-s390x-gnu'
141 silly reify ]
142 verbose reify failed optional dependency /tmp/workspace/a97c8650-d5af-4e3f-90e8-f8d938ffc3ae/node_modules/@rollup/rollup-linux-riscv64-musl
143 silly reify mark deleted [
143 silly reify   '/tmp/workspace/a97c8650-d5af-4e3f-90e8-f8d938ffc3ae/node_modules/@rollup/rollup-linux-riscv64-musl'
143 silly reify ]
144 verbose reify failed optional dependency /tmp/workspace/a97c8650-d5af-4e3f-90e8-f8d938ffc3ae/node_modules/@rollup/rollup-linux-riscv64-gnu
145 silly reify mark deleted [
145 silly reify   '/tmp/workspace/a97c8650-d5af-4e3f-90e8-f8d938ffc3ae/node_modules/@rollup/rollup-linux-riscv64-gnu'
145 silly reify ]
146 verbose reify failed optional dependency /tmp/workspace/a97c8650-d5af-4e3f-90e8-f8d938ffc3ae/node_modules/@rollup/rollup-linux-ppc64-musl
147 silly reify mark deleted [
147 silly reify   '/tmp/workspace/a97c8650-d5af-4e3f-90e8-f8d938ffc3ae/node_modules/@rollup/rollup-linux-ppc64-musl'
147 silly reify ]
148 verbose reify failed optional dependency /tmp/workspace/a97c8650-d5af-4e3f-90e8-f8d938ffc3ae/node_modules/@rollup/rollup-linux-ppc64-gnu
149 silly reify mark deleted [
149 silly reify   '/tmp/workspace/a97c8650-d5af-4e3f-90e8-f8d938ffc3ae/node_modules/@rollup/rollup-linux-ppc64-gnu'
149 silly reify ]
150 verbose reify failed optional dependency /tmp/workspace/a97c8650-d5af-4e3f-90e8-f8d938ffc3ae/node_modules/@rollup/rollup-linux-loong64-musl
151 silly reify mark deleted [
151 silly reify   '/tmp/workspace/a97c8650-d5af-4e3f-90e8-f8d938ffc3ae/node_modules/@rollup/rollup-linux-loong64-musl'
151 silly reify ]
152 verbose reify failed optional dependency /tmp/workspace/a97c8650-d5af-4e3f-90e8-f8d938ffc3ae/node_modules/@rollup/rollup-linux-loong64-gnu
153 silly reify mark deleted [
153 silly reify   '/tmp/workspace/a97c8650-d5af-4e3f-90e8-f8d938ffc3ae/node_modules/@rollup/rollup-linux-loong64-gnu'
153 silly reify ]
154 verbose reify failed optional dependency /tmp/workspace/a97c8650-d5af-4e3f-90e8-f8d938ffc3ae/node_modules/@rollup/rollup-linux-arm64-musl
155 silly reify mark deleted [
155 silly reify   '/tmp/workspace/a97c8650-d5af-4e3f-90e8-f8d938ffc3ae/node_modules/@rollup/rollup-linux-arm64-musl'
155 silly reify ]
156 verbose reify failed optional dependency /tmp/workspace/a97c8650-d5af-4e3f-90e8-f8d938ffc3ae/node_modules/@rollup/rollup-linux-arm64-gnu
157 silly reify mark deleted [
157 silly reify   '/tmp/workspace/a97c8650-d5af-4e3f-90e8-f8d938ffc3ae/node_modules/@rollup/rollup-linux-arm64-gnu'
157 silly reify ]
158 verbose reify failed optional dependency /tmp/workspace/a97c8650-d5af-4e3f-90e8-f8d938ffc3ae/node_modules/@rollup/rollup-linux-arm-musleabihf
159 silly reify mark deleted [
159 silly reify   '/tmp/workspace/a97c8650-d5af-4e3f-90e8-f8d938ffc3ae/node_modules/@rollup/rollup-linux-arm-musleabihf'
159 silly reify ]
160 verbose reify failed optional dependency /tmp/workspace/a97c8650-d5af-4e3f-90e8-f8d938ffc3ae/node_modules/@rollup/rollup-linux-arm-gnueabihf
161 silly reify mark deleted [
161 silly reify   '/tmp/workspace/a97c8650-d5af-4e3f-90e8-f8d938ffc3ae/node_modules/@rollup/rollup-linux-arm-gnueabihf'
161 silly reify ]
162 verbose reify failed optional dependency /tmp/workspace/a97c8650-d5af-4e3f-90e8-f8d938ffc3ae/node_modules/@rollup/rollup-freebsd-x64
163 silly reify mark deleted [
163 silly reify   '/tmp/workspace/a97c8650-d5af-4e3f-90e8-f8d938ffc3ae/node_modules/@rollup/rollup-freebsd-x64'
163 silly reify ]
164 verbose reify failed optional dependency /tmp/workspace/a97c8650-d5af-4e3f-90e8-f8d938ffc3ae/node_modules/@rollup/rollup-freebsd-arm64
165 silly reify mark deleted [
165 silly reify   '/tmp/workspace/a97c8650-d5af-4e3f-90e8-f8d938ffc3ae/node_modules/@rollup/rollup-freebsd-arm64'
165 silly reify ]
166 verbose reify failed optional dependency /tmp/workspace/a97c8650-d5af-4e3f-90e8-f8d938ffc3ae/node_modules/@rollup/rollup-darwin-x64
167 silly reify mark deleted [
167 silly reify   '/tmp/workspace/a97c8650-d5af-4e3f-90e8-f8d938ffc3ae/node_modules/@rollup/rollup-darwin-x64'
167 silly reify ]
168 verbose reify failed optional dependency /tmp/workspace/a97c8650-d5af-4e3f-90e8-f8d938ffc3ae/node_modules/@rollup/rollup-darwin-arm64
169 silly reify mark deleted [
169 silly reify   '/tmp/workspace/a97c8650-d5af-4e3f-90e8-f8d938ffc3ae/node_modules/@rollup/rollup-darwin-arm64'
169 silly reify ]
170 verbose reify failed optional dependency /tmp/workspace/a97c8650-d5af-4e3f-90e8-f8d938ffc3ae/node_modules/@rollup/rollup-android-arm64
171 silly reify mark deleted [
171 silly reify   '/tmp/workspace/a97c8650-d5af-4e3f-90e8-f8d938ffc3ae/node_modules/@rollup/rollup-android-arm64'
171 silly reify ]
172 verbose reify failed optional dependency /tmp/workspace/a97c8650-d5af-4e3f-90e8-f8d938ffc3ae/node_modules/@rollup/rollup-android-arm-eabi
173 silly reify mark deleted [
173 silly reify   '/tmp/workspace/a97c8650-d5af-4e3f-90e8-f8d938ffc3ae/node_modules/@rollup/rollup-android-arm-eabi'
173 silly reify ]
174 verbose reify failed optional dependency /tmp/workspace/a97c8650-d5af-4e3f-90e8-f8d938ffc3ae/node_modules/@esbuild/win32-x64
175 silly reify mark deleted [
175 silly reify   '/tmp/workspace/a97c8650-d5af-4e3f-90e8-f8d938ffc3ae/node_modules/@esbuild/win32-x64'
175 silly reify ]
176 verbose reify failed optional dependency /tmp/workspace/a97c8650-d5af-4e3f-90e8-f8d938ffc3ae/node_modules/@esbuild/win32-ia32
177 silly reify mark deleted [
177 silly reify   '/tmp/workspace/a97c8650-d5af-4e3f-90e8-f8d938ffc3ae/node_modules/@esbuild/win32-ia32'
177 silly reify ]
178 verbose reify failed optional dependency /tmp/workspace/a97c8650-d5af-4e3f-90e8-f8d938ffc3ae/node_modules/@esbuild/win32-arm64
179 silly reify mark deleted [
179 silly reify   '/tmp/workspace/a97c8650-d5af-4e3f-90e8-f8d938ffc3ae/node_modules/@esbuild/win32-arm64'
179 silly reify ]
180 verbose reify failed optional dependency /tmp/workspace/a97c8650-d5af-4e3f-90e8-f8d938ffc3ae/node_modules/@esbuild/sunos-x64
181 silly reify mark deleted [
181 silly reify   '/tmp/workspace/a97c8650-d5af-4e3f-90e8-f8d938ffc3ae/node_modules/@esbuild/sunos-x64'
181 silly reify ]
182 verbose reify failed optional dependency /tmp/workspace/a97c8650-d5af-4e3f-90e8-f8d938ffc3ae/node_modules/@esbuild/openharmony-arm64
183 silly reify mark deleted [
183 silly reify   '/tmp/workspace/a97c8650-d5af-4e3f-90e8-f8d938ffc3ae/node_modules/@esbuild/openharmony-arm64'
183 silly reify ]
184 verbose reify failed optional dependency /tmp/workspace/a97c8650-d5af-4e3f-90e8-f8d938ffc3ae/node_modules/@esbuild/openbsd-x64
185 silly reify mark deleted [
185 silly reify   '/tmp/workspace/a97c8650-d5af-4e3f-90e8-f8d938ffc3ae/node_modules/@esbuild/openbsd-x64'
185 silly reify ]
186 verbose reify failed optional dependency /tmp/workspace/a97c8650-d5af-4e3f-90e8-f8d938ffc3ae/node_modules/@esbuild/openbsd-arm64
187 silly reify mark deleted [
187 silly reify   '/tmp/workspace/a97c8650-d5af-4e3f-90e8-f8d938ffc3ae/node_modules/@esbuild/openbsd-arm64'
187 silly reify ]
188 verbose reify failed optional dependency /tmp/workspace/a97c8650-d5af-4e3f-90e8-f8d938ffc3ae/node_modules/@esbuild/netbsd-x64
189 silly reify mark deleted [
189 silly reify   '/tmp/workspace/a97c8650-d5af-4e3f-90e8-f8d938ffc3ae/node_modules/@esbuild/netbsd-x64'
189 silly reify ]
190 verbose reify failed optional dependency /tmp/workspace/a97c8650-d5af-4e3f-90e8-f8d938ffc3ae/node_modules/@esbuild/netbsd-arm64
191 silly reify mark deleted [
191 silly reify   '/tmp/workspace/a97c8650-d5af-4e3f-90e8-f8d938ffc3ae/node_modules/@esbuild/netbsd-arm64'
191 silly reify ]
192 verbose reify failed optional dependency /tmp/workspace/a97c8650-d5af-4e3f-90e8-f8d938ffc3ae/node_modules/@esbuild/linux-s390x
193 silly reify mark deleted [
193 silly reify   '/tmp/workspace/a97c8650-d5af-4e3f-90e8-f8d938ffc3ae/node_modules/@esbuild/linux-s390x'
193 silly reify ]
194 verbose reify failed optional dependency /tmp/workspace/a97c8650-d5af-4e3f-90e8-f8d938ffc3ae/node_modules/@esbuild/linux-riscv64
195 silly reify mark deleted [
195 silly reify   '/tmp/workspace/a97c8650-d5af-4e3f-90e8-f8d938ffc3ae/node_modules/@esbuild/linux-riscv64'
195 silly reify ]
196 verbose reify failed optional dependency /tmp/workspace/a97c8650-d5af-4e3f-90e8-f8d938ffc3ae/node_modules/@esbuild/linux-ppc64
197 silly reify mark deleted [
197 silly reify   '/tmp/workspace/a97c8650-d5af-4e3f-90e8-f8d938ffc3ae/node_modules/@esbuild/linux-ppc64'
197 silly reify ]
198 verbose reify failed optional dependency /tmp/workspace/a97c8650-d5af-4e3f-90e8-f8d938ffc3ae/node_modules/@esbuild/linux-mips64el
199 silly reify mark deleted [
199 silly reify   '/tmp/workspace/a97c8650-d5af-4e3f-90e8-f8d938ffc3ae/node_modules/@esbuild/linux-mips64el'
199 silly reify ]
200 verbose reify failed optional dependency /tmp/workspace/a97c8650-d5af-4e3f-90e8-f8d938ffc3ae/node_modules/@esbuild/linux-loong64
201 silly reify mark deleted [
201 silly reify   '/tmp/workspace/a97c8650-d5af-4e3f-90e8-f8d938ffc3ae/node_modules/@esbuild/linux-loong64'
201 silly reify ]
202 verbose reify failed optional dependency /tmp/workspace/a97c8650-d5af-4e3f-90e8-f8d938ffc3ae/node_modules/@esbuild/linux-ia32
203 silly reify mark deleted [
203 silly reify   '/tmp/workspace/a97c8650-d5af-4e3f-90e8-f8d938ffc3ae/node_modules/@esbuild/linux-ia32'
203 silly reify ]
204 verbose reify failed optional dependency /tmp/workspace/a97c8650-d5af-4e3f-90e8-f8d938ffc3ae/node_modules/@esbuild/linux-arm64
205 silly reify mark deleted [
205 silly reify   '/tmp/workspace/a97c8650-d5af-4e3f-90e8-f8d938ffc3ae/node_modules/@esbuild/linux-arm64'
205 silly reify ]
206 verbose reify failed optional dependency /tmp/workspace/a97c8650-d5af-4e3f-90e8-f8d938ffc3ae/node_modules/@esbuild/linux-arm
207 silly reify mark deleted [
207 silly reify   '/tmp/workspace/a97c8650-d5af-4e3f-90e8-f8d938ffc3ae/node_modules/@esbuild/linux-arm'
207 silly reify ]
208 verbose reify failed optional dependency /tmp/workspace/a97c8650-d5af-4e3f-90e8-f8d938ffc3ae/node_modules/@esbuild/freebsd-x64
209 silly reify mark deleted [
209 silly reify   '/tmp/workspace/a97c8650-d5af-4e3f-90e8-f8d938ffc3ae/node_modules/@esbuild/freebsd-x64'
209 silly reify ]
210 verbose reify failed optional dependency /tmp/workspace/a97c8650-d5af-4e3f-90e8-f8d938ffc3ae/node_modules/@esbuild/freebsd-arm64
211 silly reify mark deleted [
211 silly reify   '/tmp/workspace/a97c8650-d5af-4e3f-90e8-f8d938ffc3ae/node_modules/@esbuild/freebsd-arm64'
211 silly reify ]
212 verbose reify failed optional dependency /tmp/workspace/a97c8650-d5af-4e3f-90e8-f8d938ffc3ae/node_modules/@esbuild/darwin-x64
213 silly reify mark deleted [
213 silly reify   '/tmp/workspace/a97c8650-d5af-4e3f-90e8-f8d938ffc3ae/node_modules/@esbuild/darwin-x64'
213 silly reify ]
214 verbose reify failed optional dependency /tmp/workspace/a97c8650-d5af-4e3f-90e8-f8d938ffc3ae/node_modules/@esbuild/darwin-arm64
215 silly reify mark deleted [
215 silly reify   '/tmp/workspace/a97c8650-d5af-4e3f-90e8-f8d938ffc3ae/node_modules/@esbuild/darwin-arm64'
215 silly reify ]
216 verbose reify failed optional dependency /tmp/workspace/a97c8650-d5af-4e3f-90e8-f8d938ffc3ae/node_modules/@esbuild/android-x64
217 silly reify mark deleted [
217 silly reify   '/tmp/workspace/a97c8650-d5af-4e3f-90e8-f8d938ffc3ae/node_modules/@esbuild/android-x64'
217 silly reify ]
218 verbose reify failed optional dependency /tmp/workspace/a97c8650-d5af-4e3f-90e8-f8d938ffc3ae/node_modules/@esbuild/android-arm64
219 silly reify mark deleted [
219 silly reify   '/tmp/workspace/a97c8650-d5af-4e3f-90e8-f8d938ffc3ae/node_modules/@esbuild/android-arm64'
219 silly reify ]
220 verbose reify failed optional dependency /tmp/workspace/a97c8650-d5af-4e3f-90e8-f8d938ffc3ae/node_modules/@esbuild/android-arm
221 silly reify mark deleted [
221 silly reify   '/tmp/workspace/a97c8650-d5af-4e3f-90e8-f8d938ffc3ae/node_modules/@esbuild/android-arm'
221 silly reify ]
222 verbose reify failed optional dependency /tmp/workspace/a97c8650-d5af-4e3f-90e8-f8d938ffc3ae/node_modules/@esbuild/aix-ppc64
223 silly reify mark deleted [
223 silly reify   '/tmp/workspace/a97c8650-d5af-4e3f-90e8-f8d938ffc3ae/node_modules/@esbuild/aix-ppc64'
223 silly reify ]
224 verbose reify failed optional dependency /tmp/workspace/a97c8650-d5af-4e3f-90e8-f8d938ffc3ae/node_modules/tsx/node_modules/@esbuild/win32-x64
225 silly reify mark deleted [
225 silly reify   '/tmp/workspace/a97c8650-d5af-4e3f-90e8-f8d938ffc3ae/node_modules/tsx/node_modules/@esbuild/win32-x64'
225 silly reify ]
226 verbose reify failed optional dependency /tmp/workspace/a97c8650-d5af-4e3f-90e8-f8d938ffc3ae/node_modules/tsx/node_modules/@esbuild/win32-ia32
227 silly reify mark deleted [
227 silly reify   '/tmp/workspace/a97c8650-d5af-4e3f-90e8-f8d938ffc3ae/node_modules/tsx/node_modules/@esbuild/win32-ia32'
227 silly reify ]
228 verbose reify failed optional dependency /tmp/workspace/a97c8650-d5af-4e3f-90e8-f8d938ffc3ae/node_modules/tsx/node_modules/@esbuild/win32-arm64
229 silly reify mark deleted [
229 silly reify   '/tmp/workspace/a97c8650-d5af-4e3f-90e8-f8d938ffc3ae/node_modules/tsx/node_modules/@esbuild/win32-arm64'
229 silly reify ]
230 verbose reify failed optional dependency /tmp/workspace/a97c8650-d5af-4e3f-90e8-f8d938ffc3ae/node_modules/tsx/node_modules/@esbuild/sunos-x64
231 silly reify mark deleted [
231 silly reify   '/tmp/workspace/a97c8650-d5af-4e3f-90e8-f8d938ffc3ae/node_modules/tsx/node_modules/@esbuild/sunos-x64'
231 silly reify ]
232 verbose reify failed optional dependency /tmp/workspace/a97c8650-d5af-4e3f-90e8-f8d938ffc3ae/node_modules/tsx/node_modules/@esbuild/openharmony-arm64
233 silly reify mark deleted [
233 silly reify   '/tmp/workspace/a97c8650-d5af-4e3f-90e8-f8d938ffc3ae/node_modules/tsx/node_modules/@esbuild/openharmony-arm64'
233 silly reify ]
234 verbose reify failed optional dependency /tmp/workspace/a97c8650-d5af-4e3f-90e8-f8d938ffc3ae/node_modules/tsx/node_modules/@esbuild/openbsd-x64
235 silly reify mark deleted [
235 silly reify   '/tmp/workspace/a97c8650-d5af-4e3f-90e8-f8d938ffc3ae/node_modules/tsx/node_modules/@esbuild/openbsd-x64'
235 silly reify ]
236 verbose reify failed optional dependency /tmp/workspace/a97c8650-d5af-4e3f-90e8-f8d938ffc3ae/node_modules/tsx/node_modules/@esbuild/openbsd-arm64
237 silly reify mark deleted [
237 silly reify   '/tmp/workspace/a97c8650-d5af-4e3f-90e8-f8d938ffc3ae/node_modules/tsx/node_modules/@esbuild/openbsd-arm64'
237 silly reify ]
238 verbose reify failed optional dependency /tmp/workspace/a97c8650-d5af-4e3f-90e8-f8d938ffc3ae/node_modules/tsx/node_modules/@esbuild/netbsd-x64
239 silly reify mark deleted [
239 silly reify   '/tmp/workspace/a97c8650-d5af-4e3f-90e8-f8d938ffc3ae/node_modules/tsx/node_modules/@esbuild/netbsd-x64'
239 silly reify ]
240 verbose reify failed optional dependency /tmp/workspace/a97c8650-d5af-4e3f-90e8-f8d938ffc3ae/node_modules/tsx/node_modules/@esbuild/netbsd-arm64
241 silly reify mark deleted [
241 silly reify   '/tmp/workspace/a97c8650-d5af-4e3f-90e8-f8d938ffc3ae/node_modules/tsx/node_modules/@esbuild/netbsd-arm64'
241 silly reify ]
242 verbose reify failed optional dependency /tmp/workspace/a97c8650-d5af-4e3f-90e8-f8d938ffc3ae/node_modules/tsx/node_modules/@esbuild/linux-s390x
243 silly reify mark deleted [
243 silly reify   '/tmp/workspace/a97c8650-d5af-4e3f-90e8-f8d938ffc3ae/node_modules/tsx/node_modules/@esbuild/linux-s390x'
243 silly reify ]
244 verbose reify failed optional dependency /tmp/workspace/a97c8650-d5af-4e3f-90e8-f8d938ffc3ae/node_modules/tsx/node_modules/@esbuild/linux-riscv64
245 silly reify mark deleted [
245 silly reify   '/tmp/workspace/a97c8650-d5af-4e3f-90e8-f8d938ffc3ae/node_modules/tsx/node_modules/@esbuild/linux-riscv64'
245 silly reify ]
246 verbose reify failed optional dependency /tmp/workspace/a97c8650-d5af-4e3f-90e8-f8d938ffc3ae/node_modules/tsx/node_modules/@esbuild/linux-ppc64
247 silly reify mark deleted [
247 silly reify   '/tmp/workspace/a97c8650-d5af-4e3f-90e8-f8d938ffc3ae/node_modules/tsx/node_modules/@esbuild/linux-ppc64'
247 silly reify ]
248 verbose reify failed optional dependency /tmp/workspace/a97c8650-d5af-4e3f-90e8-f8d938ffc3ae/node_modules/tsx/node_modules/@esbuild/linux-mips64el
249 silly reify mark deleted [
249 silly reify   '/tmp/workspace/a97c8650-d5af-4e3f-90e8-f8d938ffc3ae/node_modules/tsx/node_modules/@esbuild/linux-mips64el'
249 silly reify ]
250 verbose reify failed optional dependency /tmp/workspace/a97c8650-d5af-4e3f-90e8-f8d938ffc3ae/node_modules/tsx/node_modules/@esbuild/linux-loong64
251 silly reify mark deleted [
251 silly reify   '/tmp/workspace/a97c8650-d5af-4e3f-90e8-f8d938ffc3ae/node_modules/tsx/node_modules/@esbuild/linux-loong64'
251 silly reify ]
252 verbose reify failed optional dependency /tmp/workspace/a97c8650-d5af-4e3f-90e8-f8d938ffc3ae/node_modules/tsx/node_modules/@esbuild/linux-ia32
253 silly reify mark deleted [
253 silly reify   '/tmp/workspace/a97c8650-d5af-4e3f-90e8-f8d938ffc3ae/node_modules/tsx/node_modules/@esbuild/linux-ia32'
253 silly reify ]
254 verbose reify failed optional dependency /tmp/workspace/a97c8650-d5af-4e3f-90e8-f8d938ffc3ae/node_modules/tsx/node_modules/@esbuild/linux-arm64
255 silly reify mark deleted [
255 silly reify   '/tmp/workspace/a97c8650-d5af-4e3f-90e8-f8d938ffc3ae/node_modules/tsx/node_modules/@esbuild/linux-arm64'
255 silly reify ]
256 verbose reify failed optional dependency /tmp/workspace/a97c8650-d5af-4e3f-90e8-f8d938ffc3ae/node_modules/tsx/node_modules/@esbuild/linux-arm
257 silly reify mark deleted [
257 silly reify   '/tmp/workspace/a97c8650-d5af-4e3f-90e8-f8d938ffc3ae/node_modules/tsx/node_modules/@esbuild/linux-arm'
257 silly reify ]
258 verbose reify failed optional dependency /tmp/workspace/a97c8650-d5af-4e3f-90e8-f8d938ffc3ae/node_modules/tsx/node_modules/@esbuild/freebsd-x64
259 silly reify mark deleted [
259 silly reify   '/tmp/workspace/a97c8650-d5af-4e3f-90e8-f8d938ffc3ae/node_modules/tsx/node_modules/@esbuild/freebsd-x64'
259 silly reify ]
260 verbose reify failed optional dependency /tmp/workspace/a97c8650-d5af-4e3f-90e8-f8d938ffc3ae/node_modules/tsx/node_modules/@esbuild/freebsd-arm64
261 silly reify mark deleted [
261 silly reify   '/tmp/workspace/a97c8650-d5af-4e3f-90e8-f8d938ffc3ae/node_modules/tsx/node_modules/@esbuild/freebsd-arm64'
261 silly reify ]
262 verbose reify failed optional dependency /tmp/workspace/a97c8650-d5af-4e3f-90e8-f8d938ffc3ae/node_modules/tsx/node_modules/@esbuild/darwin-x64
263 silly reify mark deleted [
263 silly reify   '/tmp/workspace/a97c8650-d5af-4e3f-90e8-f8d938ffc3ae/node_modules/tsx/node_modules/@esbuild/darwin-x64'
263 silly reify ]
264 verbose reify failed optional dependency /tmp/workspace/a97c8650-d5af-4e3f-90e8-f8d938ffc3ae/node_modules/tsx/node_modules/@esbuild/darwin-arm64
265 silly reify mark deleted [
265 silly reify   '/tmp/workspace/a97c8650-d5af-4e3f-90e8-f8d938ffc3ae/node_modules/tsx/node_modules/@esbuild/darwin-arm64'
265 silly reify ]
266 verbose reify failed optional dependency /tmp/workspace/a97c8650-d5af-4e3f-90e8-f8d938ffc3ae/node_modules/tsx/node_modules/@esbuild/android-x64
267 silly reify mark deleted [
267 silly reify   '/tmp/workspace/a97c8650-d5af-4e3f-90e8-f8d938ffc3ae/node_modules/tsx/node_modules/@esbuild/android-x64'
267 silly reify ]
268 verbose reify failed optional dependency /tmp/workspace/a97c8650-d5af-4e3f-90e8-f8d938ffc3ae/node_modules/tsx/node_modules/@esbuild/android-arm64
269 silly reify mark deleted [
269 silly reify   '/tmp/workspace/a97c8650-d5af-4e3f-90e8-f8d938ffc3ae/node_modules/tsx/node_modules/@esbuild/android-arm64'
269 silly reify ]
270 verbose reify failed optional dependency /tmp/workspace/a97c8650-d5af-4e3f-90e8-f8d938ffc3ae/node_modules/tsx/node_modules/@esbuild/android-arm
271 silly reify mark deleted [
271 silly reify   '/tmp/workspace/a97c8650-d5af-4e3f-90e8-f8d938ffc3ae/node_modules/tsx/node_modules/@esbuild/android-arm'
271 silly reify ]
272 verbose reify failed optional dependency /tmp/workspace/a97c8650-d5af-4e3f-90e8-f8d938ffc3ae/node_modules/tsx/node_modules/@esbuild/aix-ppc64
273 silly reify mark deleted [
273 silly reify   '/tmp/workspace/a97c8650-d5af-4e3f-90e8-f8d938ffc3ae/node_modules/tsx/node_modules/@esbuild/aix-ppc64'
273 silly reify ]
274 http cache supports-preserve-symlinks-flag@https://registry.npmjs.org/supports-preserve-symlinks-flag/-/supports-preserve-symlinks-flag-1.0.0.tgz 0ms (cache hit)
275 http cache path-parse@https://registry.npmjs.org/path-parse/-/path-parse-1.0.7.tgz 0ms (cache hit)
276 http cache resolve@https://registry.npmjs.org/resolve/-/resolve-1.22.12.tgz 0ms (cache hit)
277 http cache is-core-module@https://registry.npmjs.org/is-core-module/-/is-core-module-2.16.2.tgz 0ms (cache hit)
278 http cache is-module@https://registry.npmjs.org/is-module/-/is-module-1.0.0.tgz 0ms (cache hit)
279 http cache deepmerge@https://registry.npmjs.org/deepmerge/-/deepmerge-4.3.1.tgz 0ms (cache hit)
280 http cache @types/resolve@https://registry.npmjs.org/@types/resolve/-/resolve-1.20.2.tgz 0ms (cache hit)
281 http cache is-reference@https://registry.npmjs.org/is-reference/-/is-reference-1.2.1.tgz 0ms (cache hit)
282 http cache commondir@https://registry.npmjs.org/commondir/-/commondir-1.0.1.tgz 0ms (cache hit)
283 http cache estree-walker@https://registry.npmjs.org/estree-walker/-/estree-walker-2.0.2.tgz 0ms (cache hit)
284 http cache @rollup/pluginutils@https://registry.npmjs.org/@rollup/pluginutils/-/pluginutils-5.4.0.tgz 0ms (cache hit)
285 http cache @rollup/plugin-commonjs@https://registry.npmjs.org/@rollup/plugin-commonjs/-/plugin-commonjs-29.0.3.tgz 0ms (cache hit)
286 silly tarball no local data for supports-preserve-symlinks-flag@https://registry.npmjs.org/supports-preserve-symlinks-flag/-/supports-preserve-symlinks-flag-1.0.0.tgz. Extracting by manifest.
287 silly tarball no local data for path-parse@https://registry.npmjs.org/path-parse/-/path-parse-1.0.7.tgz. Extracting by manifest.
288 silly tarball no local data for resolve@https://registry.npmjs.org/resolve/-/resolve-1.22.12.tgz. Extracting by manifest.
289 silly tarball no local data for is-core-module@https://registry.npmjs.org/is-core-module/-/is-core-module-2.16.2.tgz. Extracting by manifest.
290 silly tarball no local data for is-module@https://registry.npmjs.org/is-module/-/is-module-1.0.0.tgz. Extracting by manifest.
291 silly tarball no local data for deepmerge@https://registry.npmjs.org/deepmerge/-/deepmerge-4.3.1.tgz. Extracting by manifest.
292 silly tarball no local data for @types/resolve@https://registry.npmjs.org/@types/resolve/-/resolve-1.20.2.tgz. Extracting by manifest.
293 silly tarball no local data for is-reference@https://registry.npmjs.org/is-reference/-/is-reference-1.2.1.tgz. Extracting by manifest.
294 silly tarball no local data for commondir@https://registry.npmjs.org/commondir/-/commondir-1.0.1.tgz. Extracting by manifest.
295 silly tarball no local data for estree-walker@https://registry.npmjs.org/estree-walker/-/estree-walker-2.0.2.tgz. Extracting by manifest.
296 silly tarball no local data for @rollup/pluginutils@https://registry.npmjs.org/@rollup/pluginutils/-/pluginutils-5.4.0.tgz. Extracting by manifest.
297 http cache @rollup/plugin-node-resolve@https://registry.npmjs.org/@rollup/plugin-node-resolve/-/plugin-node-resolve-16.0.3.tgz 0ms (cache hit)
298 silly tarball no local data for @rollup/plugin-commonjs@https://registry.npmjs.org/@rollup/plugin-commonjs/-/plugin-commonjs-29.0.3.tgz. Extracting by manifest.
299 silly tarball no local data for @rollup/plugin-node-resolve@https://registry.npmjs.org/@rollup/plugin-node-resolve/-/plugin-node-resolve-16.0.3.tgz. Extracting by manifest.
300 http fetch POST 200 https://registry.npmjs.org/-/npm/v1/security/advisories/bulk 201ms
301 silly audit report {}
302 http fetch GET 200 https://registry.npmjs.org/supports-preserve-symlinks-flag/-/supports-preserve-symlinks-flag-1.0.0.tgz 189ms (cache miss)
303 http fetch GET 200 https://registry.npmjs.org/path-parse/-/path-parse-1.0.7.tgz 643ms (cache miss)
304 http fetch GET 200 https://registry.npmjs.org/commondir/-/commondir-1.0.1.tgz 683ms (cache miss)
305 http fetch GET 200 https://registry.npmjs.org/is-reference/-/is-reference-1.2.1.tgz 1017ms (cache miss)
306 http fetch GET 200 https://registry.npmjs.org/is-module/-/is-module-1.0.0.tgz 1179ms (cache miss)
307 http fetch GET 200 https://registry.npmjs.org/deepmerge/-/deepmerge-4.3.1.tgz 1230ms (cache miss)
308 http fetch GET 200 https://registry.npmjs.org/resolve/-/resolve-1.22.12.tgz 1282ms (cache miss)
309 http fetch GET 200 https://registry.npmjs.org/@rollup/plugin-commonjs/-/plugin-commonjs-29.0.3.tgz 1379ms (cache miss)
310 http fetch GET 200 https://registry.npmjs.org/estree-walker/-/estree-walker-2.0.2.tgz 1406ms (cache miss)
311 http fetch GET 200 https://registry.npmjs.org/is-core-module/-/is-core-module-2.16.2.tgz 1574ms (cache miss)
312 http fetch GET 200 https://registry.npmjs.org/@rollup/plugin-node-resolve/-/plugin-node-resolve-16.0.3.tgz 1630ms (cache miss)
313 http fetch GET 200 https://registry.npmjs.org/@rollup/pluginutils/-/pluginutils-5.4.0.tgz 1982ms (cache miss)
314 http fetch GET 200 https://registry.npmjs.org/@types/resolve/-/resolve-1.20.2.tgz 3051ms (cache miss)
315 silly ADD node_modules/supports-preserve-symlinks-flag
316 silly ADD node_modules/path-parse
317 silly ADD node_modules/is-core-module
318 silly ADD node_modules/resolve
319 silly ADD node_modules/is-module
320 silly ADD node_modules/deepmerge
321 silly ADD node_modules/@types/resolve
322 silly ADD node_modules/is-reference
323 silly ADD node_modules/estree-walker
324 silly ADD node_modules/commondir
325 silly ADD node_modules/@rollup/pluginutils
326 silly ADD node_modules/@rollup/plugin-node-resolve
327 silly ADD node_modules/@rollup/plugin-commonjs
328 silly ADD
329 silly ADD
330 silly ADD
331 silly ADD
332 silly ADD
333 silly ADD
334 silly ADD
335 silly ADD
336 silly ADD
337 silly ADD
338 silly ADD
339 silly ADD
340 silly ADD
341 silly ADD
342 silly ADD
343 silly ADD
344 silly ADD
345 silly ADD
346 silly ADD
347 silly ADD
348 silly ADD
349 silly ADD
350 silly ADD
351 silly ADD
352 silly ADD
353 silly ADD
354 silly ADD
355 silly ADD
356 silly ADD
357 silly ADD
358 silly ADD
359 silly ADD
360 silly ADD
361 silly ADD
362 silly ADD
363 silly ADD
364 silly ADD
365 silly ADD
366 silly ADD
367 silly ADD
368 silly ADD
369 silly ADD
370 silly ADD
371 silly ADD
372 silly ADD
373 silly ADD
374 silly ADD
375 silly ADD
376 silly ADD
377 silly ADD
378 silly ADD
379 silly ADD
380 silly ADD
381 silly ADD
382 silly ADD
383 silly ADD
384 silly ADD
385 silly ADD
386 silly ADD
387 silly ADD
388 silly ADD
389 silly ADD
390 silly ADD
391 silly ADD
392 silly ADD
393 silly ADD
394 silly ADD
395 silly ADD
396 silly ADD
397 silly ADD
398 silly ADD
399 silly ADD
400 silly ADD
401 silly ADD
402 silly ADD
403 silly ADD
404 silly ADD
405 silly ADD
406 silly ADD
407 silly ADD
408 silly ADD
409 silly ADD
410 silly ADD
411 silly ADD
412 silly ADD
413 silly ADD
414 silly ADD
415 silly ADD
416 silly ADD
417 silly ADD
418 silly ADD
419 silly ADD
420 silly ADD
421 verbose cwd /tmp/workspace/a97c8650-d5af-4e3f-90e8-f8d938ffc3ae
422 verbose os Linux 5.4.119-19-0009-03_2.0.1-00029-gee3a514c359c
423 verbose node v22.22.2
424 verbose npm  v10.9.7
425 verbose exit 0
426 info ok
