0 verbose cli /usr/local/bin/node /usr/local/bin/npm
1 info using npm@10.9.7
2 info using node@v22.22.2
3 silly config load:file:/usr/local/lib/node_modules/npm/npmrc
4 silly config load:file:/tmp/workspace/a97c8650-d5af-4e3f-90e8-f8d938ffc3ae/.npmrc
5 silly config load:file:/usr/local/etc/npmrc
6 verbose title npm install
7 verbose argv "install"
8 verbose logfile logs-max:10 dir:/tmp/workspace/a97c8650-d5af-4e3f-90e8-f8d938ffc3ae/.npm/_logs/2026-06-05T08_22_14_498Z-
9 verbose logfile /tmp/workspace/a97c8650-d5af-4e3f-90e8-f8d938ffc3ae/.npm/_logs/2026-06-05T08_22_14_498Z-debug-0.log
10 silly logfile done cleaning log files
11 silly packumentCache heap:1098907648 maxSize:274726912 maxEntrySize:137363456
12 silly idealTree buildDeps
13 silly reify moves {}
14 verbose reify failed optional dependency /tmp/workspace/a97c8650-d5af-4e3f-90e8-f8d938ffc3ae/node_modules/@tailwindcss/oxide-wasm32-wasi
15 silly reify mark deleted [
15 silly reify   '/tmp/workspace/a97c8650-d5af-4e3f-90e8-f8d938ffc3ae/node_modules/@tailwindcss/oxide-wasm32-wasi'
15 silly reify ]
16 silly audit bulk request {
16 silly audit   '@babel/code-frame': [ '7.29.7' ],
16 silly audit   '@babel/compat-data': [ '7.29.7' ],
16 silly audit   '@babel/core': [ '7.29.7' ],
16 silly audit   '@babel/generator': [ '7.29.7' ],
16 silly audit   '@babel/helper-compilation-targets': [ '7.29.7' ],
16 silly audit   '@babel/helper-globals': [ '7.29.7' ],
16 silly audit   '@babel/helper-module-imports': [ '7.29.7' ],
16 silly audit   '@babel/helper-module-transforms': [ '7.29.7' ],
16 silly audit   '@babel/helper-plugin-utils': [ '7.29.7' ],
16 silly audit   '@babel/helper-string-parser': [ '7.29.7' ],
16 silly audit   '@babel/helper-validator-identifier': [ '7.29.7' ],
16 silly audit   '@babel/helper-validator-option': [ '7.29.7' ],
16 silly audit   '@babel/helpers': [ '7.29.7' ],
16 silly audit   '@babel/parser': [ '7.29.7' ],
16 silly audit   '@babel/plugin-transform-react-jsx-self': [ '7.29.7' ],
16 silly audit   '@babel/plugin-transform-react-jsx-source': [ '7.29.7' ],
16 silly audit   '@babel/template': [ '7.29.7' ],
16 silly audit   '@babel/traverse': [ '7.29.7' ],
16 silly audit   '@babel/types': [ '7.29.7' ],
16 silly audit   '@cloudbase/adapter-interface': [ '0.7.1' ],
16 silly audit   '@cloudbase/adapter-wx_mp': [ '1.3.1' ],
16 silly audit   'web-streams-polyfill': [ '4.3.0', '3.3.3' ],
16 silly audit   '@cloudbase/ai': [ '3.3.13' ],
16 silly audit   '@cloudbase/analytics': [ '3.3.13' ],
16 silly audit   '@cloudbase/apis': [ '3.3.13' ],
16 silly audit   '@cloudbase/app': [ '3.3.13' ],
16 silly audit   '@cloudbase/auth': [ '3.3.13' ],
16 silly audit   '@cloudbase/cloudrun': [ '3.3.13' ],
16 silly audit   '@cloudbase/database': [ '0.12.1' ],
16 silly audit   '@cloudbase/functions': [ '3.3.13' ],
16 silly audit   '@cloudbase/js-sdk': [ '3.3.13' ],
16 silly audit   '@cloudbase/model': [ '3.3.13' ],
16 silly audit   '@cloudbase/mysql': [ '3.3.13' ],
16 silly audit   '@cloudbase/types': [ '2.20.3', '3.3.13' ],
16 silly audit   '@cloudbase/utilities': [ '2.20.3', '3.3.13' ],
16 silly audit   '@cloudbase/wx-cloud-client-sdk': [ '1.8.6-beta.1', '1.8.8' ],
16 silly audit   '@cloudbase/oauth': [ '3.3.13' ],
16 silly audit   '@cloudbase/realtime': [ '3.3.13' ],
16 silly audit   '@cloudbase/storage': [ '3.3.13' ],
16 silly audit   '@esbuild/aix-ppc64': [ '0.25.12', '0.28.0' ],
16 silly audit   '@esbuild/android-arm': [ '0.25.12', '0.28.0' ],
16 silly audit   '@esbuild/android-arm64': [ '0.25.12', '0.28.0' ],
16 silly audit   '@esbuild/android-x64': [ '0.25.12', '0.28.0' ],
16 silly audit   '@esbuild/darwin-arm64': [ '0.25.12', '0.28.0' ],
16 silly audit   '@esbuild/darwin-x64': [ '0.25.12', '0.28.0' ],
16 silly audit   '@esbuild/freebsd-arm64': [ '0.25.12', '0.28.0' ],
16 silly audit   '@esbuild/freebsd-x64': [ '0.25.12', '0.28.0' ],
16 silly audit   '@esbuild/linux-arm': [ '0.25.12', '0.28.0' ],
16 silly audit   '@esbuild/linux-arm64': [ '0.25.12', '0.28.0' ],
16 silly audit   '@esbuild/linux-ia32': [ '0.25.12', '0.28.0' ],
16 silly audit   '@esbuild/linux-loong64': [ '0.25.12', '0.28.0' ],
16 silly audit   '@esbuild/linux-mips64el': [ '0.25.12', '0.28.0' ],
16 silly audit   '@esbuild/linux-ppc64': [ '0.25.12', '0.28.0' ],
16 silly audit   '@esbuild/linux-riscv64': [ '0.25.12', '0.28.0' ],
16 silly audit   '@esbuild/linux-s390x': [ '0.25.12', '0.28.0' ],
16 silly audit   '@esbuild/linux-x64': [ '0.25.12', '0.28.0' ],
16 silly audit   '@esbuild/netbsd-arm64': [ '0.25.12', '0.28.0' ],
16 silly audit   '@esbuild/netbsd-x64': [ '0.25.12', '0.28.0' ],
16 silly audit   '@esbuild/openbsd-arm64': [ '0.25.12', '0.28.0' ],
16 silly audit   '@esbuild/openbsd-x64': [ '0.25.12', '0.28.0' ],
16 silly audit   '@esbuild/openharmony-arm64': [ '0.25.12', '0.28.0' ],
16 silly audit   '@esbuild/sunos-x64': [ '0.25.12', '0.28.0' ],
16 silly audit   '@esbuild/win32-arm64': [ '0.25.12', '0.28.0' ],
16 silly audit   '@esbuild/win32-ia32': [ '0.25.12', '0.28.0' ],
16 silly audit   '@esbuild/win32-x64': [ '0.25.12', '0.28.0' ],
16 silly audit   '@google/genai': [ '2.8.0' ],
16 silly audit   '@jridgewell/gen-mapping': [ '0.3.13' ],
16 silly audit   '@jridgewell/remapping': [ '2.3.5' ],
16 silly audit   '@jridgewell/resolve-uri': [ '3.1.2' ],
16 silly audit   '@jridgewell/sourcemap-codec': [ '1.5.5' ],
16 silly audit   '@jridgewell/trace-mapping': [ '0.3.31' ],
16 silly audit   '@mattiasbuelens/web-streams-adapter': [ '0.1.0' ],
16 silly audit   '@protobufjs/aspromise': [ '1.1.2' ],
16 silly audit   '@protobufjs/base64': [ '1.1.2' ],
16 silly audit   '@protobufjs/codegen': [ '2.0.5' ],
16 silly audit   '@protobufjs/eventemitter': [ '1.1.1' ],
16 silly audit   '@protobufjs/fetch': [ '1.1.1' ],
16 silly audit   '@protobufjs/float': [ '1.0.2' ],
16 silly audit   '@protobufjs/inquire': [ '1.1.2' ],
16 silly audit   '@protobufjs/path': [ '1.1.2' ],
16 silly audit   '@protobufjs/pool': [ '1.1.0' ],
16 silly audit   '@protobufjs/utf8': [ '1.1.1' ],
16 silly audit   '@rolldown/pluginutils': [ '1.0.0-rc.3' ],
16 silly audit   '@rollup/plugin-commonjs': [ '29.0.3' ],
16 silly audit   '@rollup/plugin-node-resolve': [ '16.0.3' ],
16 silly audit   '@rollup/pluginutils': [ '5.4.0' ],
16 silly audit   '@rollup/rollup-android-arm-eabi': [ '4.61.1' ],
16 silly audit   '@rollup/rollup-android-arm64': [ '4.61.1' ],
16 silly audit   '@rollup/rollup-darwin-arm64': [ '4.61.1' ],
16 silly audit   '@rollup/rollup-darwin-x64': [ '4.61.1' ],
16 silly audit   '@rollup/rollup-freebsd-arm64': [ '4.61.1' ],
16 silly audit   '@rollup/rollup-freebsd-x64': [ '4.61.1' ],
16 silly audit   '@rollup/rollup-linux-arm-gnueabihf': [ '4.61.1' ],
16 silly audit   '@rollup/rollup-linux-arm-musleabihf': [ '4.61.1' ],
16 silly audit   '@rollup/rollup-linux-arm64-gnu': [ '4.61.1' ],
16 silly audit   '@rollup/rollup-linux-arm64-musl': [ '4.61.1' ],
16 silly audit   '@rollup/rollup-linux-loong64-gnu': [ '4.61.1' ],
16 silly audit   '@rollup/rollup-linux-loong64-musl': [ '4.61.1' ],
16 silly audit   '@rollup/rollup-linux-ppc64-gnu': [ '4.61.1' ],
16 silly audit   '@rollup/rollup-linux-ppc64-musl': [ '4.61.1' ],
16 silly audit   '@rollup/rollup-linux-riscv64-gnu': [ '4.61.1' ],
16 silly audit   '@rollup/rollup-linux-riscv64-musl': [ '4.61.1' ],
16 silly audit   '@rollup/rollup-linux-s390x-gnu': [ '4.61.1' ],
16 silly audit   '@rollup/rollup-linux-x64-gnu': [ '4.61.1' ],
16 silly audit   '@rollup/rollup-linux-x64-musl': [ '4.61.1' ],
16 silly audit   '@rollup/rollup-openbsd-x64': [ '4.61.1' ],
16 silly audit   '@rollup/rollup-openharmony-arm64': [ '4.61.1' ],
16 silly audit   '@rollup/rollup-win32-arm64-msvc': [ '4.61.1' ],
16 silly audit   '@rollup/rollup-win32-ia32-msvc': [ '4.61.1' ],
16 silly audit   '@rollup/rollup-win32-x64-gnu': [ '4.61.1' ],
16 silly audit   '@rollup/rollup-win32-x64-msvc': [ '4.61.1' ],
16 silly audit   '@tailwindcss/node': [ '4.3.0' ],
16 silly audit   '@tailwindcss/oxide': [ '4.3.0' ],
16 silly audit   '@tailwindcss/oxide-android-arm64': [ '4.3.0' ],
16 silly audit   '@tailwindcss/oxide-darwin-arm64': [ '4.3.0' ],
16 silly audit   '@tailwindcss/oxide-darwin-x64': [ '4.3.0' ],
16 silly audit   '@tailwindcss/oxide-freebsd-x64': [ '4.3.0' ],
16 silly audit   '@tailwindcss/oxide-linux-arm-gnueabihf': [ '4.3.0' ],
16 silly audit   '@tailwindcss/oxide-linux-arm64-gnu': [ '4.3.0' ],
16 silly audit   '@tailwindcss/oxide-linux-arm64-musl': [ '4.3.0' ],
16 silly audit   '@tailwindcss/oxide-linux-x64-gnu': [ '4.3.0' ],
16 silly audit   '@tailwindcss/oxide-linux-x64-musl': [ '4.3.0' ],
16 silly audit   '@tailwindcss/oxide-win32-arm64-msvc': [ '4.3.0' ],
16 silly audit   '@tailwindcss/oxide-win32-x64-msvc': [ '4.3.0' ],
16 silly audit   '@tailwindcss/vite': [ '4.3.0' ],
16 silly audit   '@types/babel__core': [ '7.20.5' ],
16 silly audit   '@types/babel__generator': [ '7.27.0' ],
16 silly audit   '@types/babel__template': [ '7.4.4' ],
16 silly audit   '@types/babel__traverse': [ '7.28.0' ],
16 silly audit   '@types/body-parser': [ '1.19.6' ],
16 silly audit   '@types/connect': [ '3.4.38' ],
16 silly audit   '@types/estree': [ '1.0.9' ],
16 silly audit   '@types/express': [ '4.17.25' ],
16 silly audit   '@types/express-serve-static-core': [ '4.19.8' ],
16 silly audit   '@types/http-errors': [ '2.0.5' ],
16 silly audit   '@types/mime': [ '1.3.5' ],
16 silly audit   '@types/node': [ '22.19.19' ],
16 silly audit   '@types/qs': [ '6.15.1' ],
16 silly audit   '@types/range-parser': [ '1.2.7' ],
16 silly audit   '@types/resolve': [ '1.20.2' ],
16 silly audit   '@types/retry': [ '0.12.0' ],
16 silly audit   '@types/send': [ '1.2.1', '0.17.6' ],
16 silly audit   '@types/serve-static': [ '1.15.10' ],
16 silly audit   '@vitejs/plugin-react': [ '5.2.0' ],
16 silly audit   accepts: [ '1.3.8' ],
16 silly audit   'agent-base': [ '7.1.4' ],
16 silly audit   'ansi-regex': [ '6.2.2' ],
16 silly audit   'ansi-styles': [ '6.2.3' ],
16 silly audit   anymatch: [ '3.1.3' ],
16 silly audit   picomatch: [ '2.3.2', '4.0.4' ],
16 silly audit   'array-flatten': [ '1.1.1' ],
16 silly audit   autoprefixer: [ '10.5.0' ],
16 silly audit   'balanced-match': [ '4.0.4' ],
16 silly audit   'base64-js': [ '1.5.1' ],
16 silly audit   'baseline-browser-mapping': [ '2.10.33' ],
16 silly audit   'bignumber.js': [ '9.3.1' ],
16 silly audit   'binary-extensions': [ '2.3.0' ],
16 silly audit   'body-parser': [ '1.20.5' ],
16 silly audit   debug: [ '2.6.9', '4.4.3' ],
16 silly audit   ms: [ '2.0.0', '2.1.3' ],
16 silly audit   'brace-expansion': [ '5.0.6' ],
16 silly audit   braces: [ '3.0.3' ],
16 silly audit   browserslist: [ '4.28.2' ],
16 silly audit   bson: [ '7.2.0' ],
16 silly audit   'buffer-equal-constant-time': [ '1.0.1' ],
16 silly audit   bytes: [ '3.1.2' ],
16 silly audit   'call-bind-apply-helpers': [ '1.0.2' ],
16 silly audit   'call-bound': [ '1.0.4' ],
16 silly audit   'caniuse-lite': [ '1.0.30001793' ],
16 silly audit   chalk: [ '5.6.2' ],
16 silly audit   chokidar: [ '3.6.0' ],
16 silly audit   cliui: [ '9.0.1' ],
16 silly audit   commondir: [ '1.0.1' ],
16 silly audit   concurrently: [ '10.0.3' ],
16 silly audit   'content-disposition': [ '0.5.4' ],
16 silly audit   'content-type': [ '1.0.5' ],
16 silly audit   'convert-source-map': [ '2.0.0' ],
16 silly audit   cookie: [ '0.7.2' ],
16 silly audit   'cookie-signature': [ '1.0.7' ],
16 silly audit   'core-js-pure': [ '3.49.0' ],
16 silly audit   cors: [ '2.8.6' ],
16 silly audit   'data-uri-to-buffer': [ '4.0.1' ],
16 silly audit   deepmerge: [ '4.3.1' ],
16 silly audit   depd: [ '2.0.0' ],
16 silly audit   destroy: [ '1.2.0' ],
16 silly audit   'detect-libc': [ '2.1.2' ],
16 silly audit   dotenv: [ '17.4.2' ],
16 silly audit   'dunder-proto': [ '1.0.1' ],
16 silly audit   'ecdsa-sig-formatter': [ '1.0.11' ],
16 silly audit   'ee-first': [ '1.1.1' ],
16 silly audit   'electron-to-chromium': [ '1.5.367' ],
16 silly audit   'emoji-regex': [ '10.6.0' ],
16 silly audit   encodeurl: [ '2.0.0' ],
16 silly audit   'enhanced-resolve': [ '5.22.2' ],
16 silly audit   'es-define-property': [ '1.0.1' ],
16 silly audit   'es-errors': [ '1.3.0' ],
16 silly audit   'es-object-atoms': [ '1.1.2' ],
16 silly audit   esbuild: [ '0.25.12', '0.28.0' ],
16 silly audit   escalade: [ '3.2.0' ],
16 silly audit   'escape-html': [ '1.0.3' ],
16 silly audit   'estree-walker': [ '2.0.2' ],
16 silly audit   etag: [ '1.8.1' ],
16 silly audit   express: [ '4.22.2' ],
16 silly audit   extend: [ '3.0.2' ],
16 silly audit   fdir: [ '6.5.0' ],
16 silly audit   'fetch-blob': [ '3.2.0' ],
16 silly audit   'fill-range': [ '7.1.1' ],
16 silly audit   finalhandler: [ '1.3.2' ],
16 silly audit   'formdata-polyfill': [ '4.0.10' ],
16 silly audit   forwarded: [ '0.2.0' ],
16 silly audit   'fraction.js': [ '5.3.4' ],
16 silly audit   'framer-motion': [ '12.40.0' ],
16 silly audit   fresh: [ '0.5.2' ],
16 silly audit   fsevents: [ '2.3.3' ],
16 silly audit   'function-bind': [ '1.1.2' ],
16 silly audit   gaxios: [ '7.1.4' ],
16 silly audit   'gcp-metadata': [ '8.1.2' ],
16 silly audit   gensync: [ '1.0.0-beta.2' ],
16 silly audit   'get-caller-file': [ '2.0.5' ],
16 silly audit   'get-east-asian-width': [ '1.6.0' ],
16 silly audit   'get-intrinsic': [ '1.3.0' ],
16 silly audit   'get-proto': [ '1.0.1' ],
16 silly audit   'glob-parent': [ '5.1.2' ],
16 silly audit   'google-auth-library': [ '10.6.2' ],
16 silly audit   'google-logging-utils': [ '1.1.3' ],
16 silly audit   gopd: [ '1.2.0' ],
16 silly audit   'graceful-fs': [ '4.2.11' ],
16 silly audit   'has-flag': [ '3.0.0' ],
16 silly audit   'has-symbols': [ '1.1.0' ],
16 silly audit   hasown: [ '2.0.4' ],
16 silly audit   'http-errors': [ '2.0.1' ],
16 silly audit   'https-proxy-agent': [ '7.0.6' ],
16 silly audit   'iconv-lite': [ '0.4.24' ],
16 silly audit   'ignore-by-default': [ '1.0.1' ],
16 silly audit   inherits: [ '2.0.4' ],
16 silly audit   'ipaddr.js': [ '1.9.1' ],
16 silly audit   'is-binary-path': [ '2.1.0' ],
16 silly audit   'is-core-module': [ '2.16.2' ],
16 silly audit   'is-extglob': [ '2.1.1' ],
16 silly audit   'is-glob': [ '4.0.3' ],
16 silly audit   'is-module': [ '1.0.0' ],
16 silly audit   'is-number': [ '7.0.0' ],
16 silly audit   'is-reference': [ '1.2.1' ],
16 silly audit   jiti: [ '2.7.0' ],
16 silly audit   'js-tokens': [ '4.0.0' ],
16 silly audit   jsesc: [ '3.1.0' ],
16 silly audit   'json-bigint': [ '1.0.0' ],
16 silly audit   json5: [ '2.2.3' ],
16 silly audit   jwa: [ '2.0.1' ],
16 silly audit   jws: [ '4.0.1' ],
16 silly audit   'jwt-decode': [ '3.1.2' ],
16 silly audit   lightningcss: [ '1.32.0' ],
16 silly audit   'lightningcss-android-arm64': [ '1.32.0' ],
16 silly audit   'lightningcss-darwin-arm64': [ '1.32.0' ],
16 silly audit   'lightningcss-darwin-x64': [ '1.32.0' ],
16 silly audit   'lightningcss-freebsd-x64': [ '1.32.0' ],
16 silly audit   'lightningcss-linux-arm-gnueabihf': [ '1.32.0' ],
16 silly audit   'lightningcss-linux-arm64-gnu': [ '1.32.0' ],
16 silly audit   'lightningcss-linux-arm64-musl': [ '1.32.0' ],
16 silly audit   'lightningcss-linux-x64-gnu': [ '1.32.0' ],
16 silly audit   'lightningcss-linux-x64-musl': [ '1.32.0' ],
16 silly audit   'lightningcss-win32-arm64-msvc': [ '1.32.0' ],
16 silly audit   'lightningcss-win32-x64-msvc': [ '1.32.0' ],
16 silly audit   lodash: [ '4.18.1' ],
16 silly audit   long: [ '5.3.2' ],
16 silly audit   'lru-cache': [ '5.1.1' ],
16 silly audit   'lucide-react': [ '0.546.0' ],
16 silly audit   'magic-string': [ '0.30.21' ],
16 silly audit   'math-intrinsics': [ '1.1.0' ],
16 silly audit   'media-typer': [ '0.3.0' ],
16 silly audit   'merge-descriptors': [ '1.0.3' ],
16 silly audit   methods: [ '1.1.2' ],
16 silly audit   mime: [ '1.6.0' ],
16 silly audit   'mime-db': [ '1.52.0' ],
16 silly audit   'mime-types': [ '2.1.35' ],
16 silly audit   minimatch: [ '10.2.5' ],
16 silly audit   motion: [ '12.40.0' ],
16 silly audit   'motion-dom': [ '12.40.0' ],
16 silly audit   'motion-utils': [ '12.39.0' ],
16 silly audit   nanoid: [ '3.3.12' ],
16 silly audit   negotiator: [ '0.6.3' ],
16 silly audit   'node-domexception': [ '1.0.0' ],
16 silly audit   'node-fetch': [ '3.3.2' ],
16 silly audit   'node-releases': [ '2.0.47' ],
16 silly audit   nodemon: [ '3.1.14' ],
16 silly audit   semver: [ '7.8.1', '6.3.1' ],
16 silly audit   'supports-color': [ '5.5.0', '10.2.2' ],
16 silly audit   'normalize-path': [ '3.0.0' ],
16 silly audit   'object-assign': [ '4.1.1' ],
16 silly audit   'object-inspect': [ '1.13.4' ],
16 silly audit   'on-finished': [ '2.4.1' ],
16 silly audit   'p-retry': [ '4.6.2' ],
16 silly audit   parseurl: [ '1.3.3' ],
16 silly audit   'path-parse': [ '1.0.7' ],
16 silly audit   'path-to-regexp': [ '0.1.13' ],
16 silly audit   picocolors: [ '1.1.1' ],
16 silly audit   postcss: [ '8.5.15' ],
16 silly audit   'postcss-value-parser': [ '4.2.0' ],
16 silly audit   protobufjs: [ '7.6.2' ],
16 silly audit   'proxy-addr': [ '2.0.7' ],
16 silly audit   'pstree.remy': [ '1.1.8' ],
16 silly audit   qs: [ '6.15.2' ],
16 silly audit   'range-parser': [ '1.2.1' ],
16 silly audit   'raw-body': [ '2.5.3' ],
16 silly audit   react: [ '19.2.7' ],
16 silly audit   'react-dom': [ '19.2.7' ],
16 silly audit   'react-refresh': [ '0.18.0' ],
16 silly audit   readdirp: [ '3.6.0' ],
16 silly audit   resolve: [ '1.22.12' ],
16 silly audit   retry: [ '0.13.1' ],
16 silly audit   rollup: [ '4.61.1' ],
16 silly audit   rxjs: [ '7.8.2' ],
16 silly audit   'safe-buffer': [ '5.2.1' ],
16 silly audit   'safer-buffer': [ '2.1.2' ],
16 silly audit   scheduler: [ '0.27.0' ],
16 silly audit   send: [ '0.19.2' ],
16 silly audit   'serve-static': [ '1.16.3' ],
16 silly audit   setprototypeof: [ '1.2.0' ],
16 silly audit   'shell-quote': [ '1.8.4' ],
16 silly audit   'side-channel': [ '1.1.0' ],
16 silly audit   'side-channel-list': [ '1.0.1' ],
16 silly audit   'side-channel-map': [ '1.0.1' ],
16 silly audit   'side-channel-weakmap': [ '1.0.2' ],
16 silly audit   'simple-update-notifier': [ '2.0.0' ],
16 silly audit   'source-map-js': [ '1.2.1' ],
16 silly audit   statuses: [ '2.0.2' ],
16 silly audit   'string-width': [ '7.2.0' ],
16 silly audit   'strip-ansi': [ '7.2.0' ],
16 silly audit   'supports-preserve-symlinks-flag': [ '1.0.0' ],
16 silly audit   tailwindcss: [ '4.3.0' ],
16 silly audit   tapable: [ '2.3.3' ],
16 silly audit   'text-encoding-shim': [ '1.0.5' ],
16 silly audit   tinyglobby: [ '0.2.17' ],
16 silly audit   'to-regex-range': [ '5.0.1' ],
16 silly audit   toidentifier: [ '1.0.1' ],
16 silly audit   touch: [ '3.1.1' ],
16 silly audit   'tree-kill': [ '1.2.2' ],
16 silly audit   tslib: [ '2.8.1' ],
16 silly audit   tsx: [ '4.22.4' ],
16 silly audit   'type-is': [ '1.6.18' ],
16 silly audit   typescript: [ '5.8.3' ],
16 silly audit   undefsafe: [ '2.0.5' ],
16 silly audit   'undici-types': [ '6.21.0' ],
16 silly audit   unpipe: [ '1.0.0' ],
16 silly audit   'update-browserslist-db': [ '1.2.3' ],
16 silly audit   'utils-merge': [ '1.0.1' ],
16 silly audit   vary: [ '1.1.2' ],
16 silly audit   vite: [ '6.4.3' ],
16 silly audit   'wrap-ansi': [ '9.0.2' ],
16 silly audit   ws: [ '8.21.0' ],
16 silly audit   y18n: [ '5.0.8' ],
16 silly audit   yallist: [ '3.1.1' ],
16 silly audit   yargs: [ '18.0.0' ],
16 silly audit   'yargs-parser': [ '22.0.0' ],
16 silly audit   '@tailwindcss/oxide-wasm32-wasi': [ '4.3.0' ]
16 silly audit }
17 verbose reify failed optional dependency /tmp/workspace/a97c8650-d5af-4e3f-90e8-f8d938ffc3ae/node_modules/tsx/node_modules/@esbuild/win32-x64
18 silly reify mark deleted [
18 silly reify   '/tmp/workspace/a97c8650-d5af-4e3f-90e8-f8d938ffc3ae/node_modules/tsx/node_modules/@esbuild/win32-x64'
18 silly reify ]
19 verbose reify failed optional dependency /tmp/workspace/a97c8650-d5af-4e3f-90e8-f8d938ffc3ae/node_modules/tsx/node_modules/@esbuild/win32-ia32
20 silly reify mark deleted [
20 silly reify   '/tmp/workspace/a97c8650-d5af-4e3f-90e8-f8d938ffc3ae/node_modules/tsx/node_modules/@esbuild/win32-ia32'
20 silly reify ]
21 verbose reify failed optional dependency /tmp/workspace/a97c8650-d5af-4e3f-90e8-f8d938ffc3ae/node_modules/tsx/node_modules/@esbuild/win32-arm64
22 silly reify mark deleted [
22 silly reify   '/tmp/workspace/a97c8650-d5af-4e3f-90e8-f8d938ffc3ae/node_modules/tsx/node_modules/@esbuild/win32-arm64'
22 silly reify ]
23 verbose reify failed optional dependency /tmp/workspace/a97c8650-d5af-4e3f-90e8-f8d938ffc3ae/node_modules/tsx/node_modules/@esbuild/sunos-x64
24 silly reify mark deleted [
24 silly reify   '/tmp/workspace/a97c8650-d5af-4e3f-90e8-f8d938ffc3ae/node_modules/tsx/node_modules/@esbuild/sunos-x64'
24 silly reify ]
25 verbose reify failed optional dependency /tmp/workspace/a97c8650-d5af-4e3f-90e8-f8d938ffc3ae/node_modules/tsx/node_modules/@esbuild/openharmony-arm64
26 silly reify mark deleted [
26 silly reify   '/tmp/workspace/a97c8650-d5af-4e3f-90e8-f8d938ffc3ae/node_modules/tsx/node_modules/@esbuild/openharmony-arm64'
26 silly reify ]
27 verbose reify failed optional dependency /tmp/workspace/a97c8650-d5af-4e3f-90e8-f8d938ffc3ae/node_modules/tsx/node_modules/@esbuild/openbsd-x64
28 silly reify mark deleted [
28 silly reify   '/tmp/workspace/a97c8650-d5af-4e3f-90e8-f8d938ffc3ae/node_modules/tsx/node_modules/@esbuild/openbsd-x64'
28 silly reify ]
29 verbose reify failed optional dependency /tmp/workspace/a97c8650-d5af-4e3f-90e8-f8d938ffc3ae/node_modules/tsx/node_modules/@esbuild/openbsd-arm64
30 silly reify mark deleted [
30 silly reify   '/tmp/workspace/a97c8650-d5af-4e3f-90e8-f8d938ffc3ae/node_modules/tsx/node_modules/@esbuild/openbsd-arm64'
30 silly reify ]
31 verbose reify failed optional dependency /tmp/workspace/a97c8650-d5af-4e3f-90e8-f8d938ffc3ae/node_modules/tsx/node_modules/@esbuild/netbsd-x64
32 silly reify mark deleted [
32 silly reify   '/tmp/workspace/a97c8650-d5af-4e3f-90e8-f8d938ffc3ae/node_modules/tsx/node_modules/@esbuild/netbsd-x64'
32 silly reify ]
33 verbose reify failed optional dependency /tmp/workspace/a97c8650-d5af-4e3f-90e8-f8d938ffc3ae/node_modules/tsx/node_modules/@esbuild/netbsd-arm64
34 silly reify mark deleted [
34 silly reify   '/tmp/workspace/a97c8650-d5af-4e3f-90e8-f8d938ffc3ae/node_modules/tsx/node_modules/@esbuild/netbsd-arm64'
34 silly reify ]
35 verbose reify failed optional dependency /tmp/workspace/a97c8650-d5af-4e3f-90e8-f8d938ffc3ae/node_modules/tsx/node_modules/@esbuild/linux-s390x
36 silly reify mark deleted [
36 silly reify   '/tmp/workspace/a97c8650-d5af-4e3f-90e8-f8d938ffc3ae/node_modules/tsx/node_modules/@esbuild/linux-s390x'
36 silly reify ]
37 verbose reify failed optional dependency /tmp/workspace/a97c8650-d5af-4e3f-90e8-f8d938ffc3ae/node_modules/tsx/node_modules/@esbuild/linux-riscv64
38 silly reify mark deleted [
38 silly reify   '/tmp/workspace/a97c8650-d5af-4e3f-90e8-f8d938ffc3ae/node_modules/tsx/node_modules/@esbuild/linux-riscv64'
38 silly reify ]
39 verbose reify failed optional dependency /tmp/workspace/a97c8650-d5af-4e3f-90e8-f8d938ffc3ae/node_modules/tsx/node_modules/@esbuild/linux-ppc64
40 silly reify mark deleted [
40 silly reify   '/tmp/workspace/a97c8650-d5af-4e3f-90e8-f8d938ffc3ae/node_modules/tsx/node_modules/@esbuild/linux-ppc64'
40 silly reify ]
41 verbose reify failed optional dependency /tmp/workspace/a97c8650-d5af-4e3f-90e8-f8d938ffc3ae/node_modules/tsx/node_modules/@esbuild/linux-mips64el
42 silly reify mark deleted [
42 silly reify   '/tmp/workspace/a97c8650-d5af-4e3f-90e8-f8d938ffc3ae/node_modules/tsx/node_modules/@esbuild/linux-mips64el'
42 silly reify ]
43 verbose reify failed optional dependency /tmp/workspace/a97c8650-d5af-4e3f-90e8-f8d938ffc3ae/node_modules/tsx/node_modules/@esbuild/linux-loong64
44 silly reify mark deleted [
44 silly reify   '/tmp/workspace/a97c8650-d5af-4e3f-90e8-f8d938ffc3ae/node_modules/tsx/node_modules/@esbuild/linux-loong64'
44 silly reify ]
45 verbose reify failed optional dependency /tmp/workspace/a97c8650-d5af-4e3f-90e8-f8d938ffc3ae/node_modules/tsx/node_modules/@esbuild/linux-ia32
46 silly reify mark deleted [
46 silly reify   '/tmp/workspace/a97c8650-d5af-4e3f-90e8-f8d938ffc3ae/node_modules/tsx/node_modules/@esbuild/linux-ia32'
46 silly reify ]
47 verbose reify failed optional dependency /tmp/workspace/a97c8650-d5af-4e3f-90e8-f8d938ffc3ae/node_modules/tsx/node_modules/@esbuild/linux-arm64
48 silly reify mark deleted [
48 silly reify   '/tmp/workspace/a97c8650-d5af-4e3f-90e8-f8d938ffc3ae/node_modules/tsx/node_modules/@esbuild/linux-arm64'
48 silly reify ]
49 verbose reify failed optional dependency /tmp/workspace/a97c8650-d5af-4e3f-90e8-f8d938ffc3ae/node_modules/tsx/node_modules/@esbuild/linux-arm
50 silly reify mark deleted [
50 silly reify   '/tmp/workspace/a97c8650-d5af-4e3f-90e8-f8d938ffc3ae/node_modules/tsx/node_modules/@esbuild/linux-arm'
50 silly reify ]
51 verbose reify failed optional dependency /tmp/workspace/a97c8650-d5af-4e3f-90e8-f8d938ffc3ae/node_modules/tsx/node_modules/@esbuild/freebsd-x64
52 silly reify mark deleted [
52 silly reify   '/tmp/workspace/a97c8650-d5af-4e3f-90e8-f8d938ffc3ae/node_modules/tsx/node_modules/@esbuild/freebsd-x64'
52 silly reify ]
53 verbose reify failed optional dependency /tmp/workspace/a97c8650-d5af-4e3f-90e8-f8d938ffc3ae/node_modules/tsx/node_modules/@esbuild/freebsd-arm64
54 silly reify mark deleted [
54 silly reify   '/tmp/workspace/a97c8650-d5af-4e3f-90e8-f8d938ffc3ae/node_modules/tsx/node_modules/@esbuild/freebsd-arm64'
54 silly reify ]
55 verbose reify failed optional dependency /tmp/workspace/a97c8650-d5af-4e3f-90e8-f8d938ffc3ae/node_modules/tsx/node_modules/@esbuild/darwin-x64
56 silly reify mark deleted [
56 silly reify   '/tmp/workspace/a97c8650-d5af-4e3f-90e8-f8d938ffc3ae/node_modules/tsx/node_modules/@esbuild/darwin-x64'
56 silly reify ]
57 verbose reify failed optional dependency /tmp/workspace/a97c8650-d5af-4e3f-90e8-f8d938ffc3ae/node_modules/tsx/node_modules/@esbuild/darwin-arm64
58 silly reify mark deleted [
58 silly reify   '/tmp/workspace/a97c8650-d5af-4e3f-90e8-f8d938ffc3ae/node_modules/tsx/node_modules/@esbuild/darwin-arm64'
58 silly reify ]
59 verbose reify failed optional dependency /tmp/workspace/a97c8650-d5af-4e3f-90e8-f8d938ffc3ae/node_modules/tsx/node_modules/@esbuild/android-x64
60 silly reify mark deleted [
60 silly reify   '/tmp/workspace/a97c8650-d5af-4e3f-90e8-f8d938ffc3ae/node_modules/tsx/node_modules/@esbuild/android-x64'
60 silly reify ]
61 verbose reify failed optional dependency /tmp/workspace/a97c8650-d5af-4e3f-90e8-f8d938ffc3ae/node_modules/tsx/node_modules/@esbuild/android-arm64
62 silly reify mark deleted [
62 silly reify   '/tmp/workspace/a97c8650-d5af-4e3f-90e8-f8d938ffc3ae/node_modules/tsx/node_modules/@esbuild/android-arm64'
62 silly reify ]
63 verbose reify failed optional dependency /tmp/workspace/a97c8650-d5af-4e3f-90e8-f8d938ffc3ae/node_modules/tsx/node_modules/@esbuild/android-arm
64 silly reify mark deleted [
64 silly reify   '/tmp/workspace/a97c8650-d5af-4e3f-90e8-f8d938ffc3ae/node_modules/tsx/node_modules/@esbuild/android-arm'
64 silly reify ]
65 verbose reify failed optional dependency /tmp/workspace/a97c8650-d5af-4e3f-90e8-f8d938ffc3ae/node_modules/tsx/node_modules/@esbuild/aix-ppc64
66 silly reify mark deleted [
66 silly reify   '/tmp/workspace/a97c8650-d5af-4e3f-90e8-f8d938ffc3ae/node_modules/tsx/node_modules/@esbuild/aix-ppc64'
66 silly reify ]
67 verbose reify failed optional dependency /tmp/workspace/a97c8650-d5af-4e3f-90e8-f8d938ffc3ae/node_modules/lightningcss-win32-x64-msvc
68 silly reify mark deleted [
68 silly reify   '/tmp/workspace/a97c8650-d5af-4e3f-90e8-f8d938ffc3ae/node_modules/lightningcss-win32-x64-msvc'
68 silly reify ]
69 verbose reify failed optional dependency /tmp/workspace/a97c8650-d5af-4e3f-90e8-f8d938ffc3ae/node_modules/lightningcss-win32-arm64-msvc
70 silly reify mark deleted [
70 silly reify   '/tmp/workspace/a97c8650-d5af-4e3f-90e8-f8d938ffc3ae/node_modules/lightningcss-win32-arm64-msvc'
70 silly reify ]
71 verbose reify failed optional dependency /tmp/workspace/a97c8650-d5af-4e3f-90e8-f8d938ffc3ae/node_modules/lightningcss-linux-arm64-musl
72 silly reify mark deleted [
72 silly reify   '/tmp/workspace/a97c8650-d5af-4e3f-90e8-f8d938ffc3ae/node_modules/lightningcss-linux-arm64-musl'
72 silly reify ]
73 verbose reify failed optional dependency /tmp/workspace/a97c8650-d5af-4e3f-90e8-f8d938ffc3ae/node_modules/lightningcss-linux-arm64-gnu
74 silly reify mark deleted [
74 silly reify   '/tmp/workspace/a97c8650-d5af-4e3f-90e8-f8d938ffc3ae/node_modules/lightningcss-linux-arm64-gnu'
74 silly reify ]
75 verbose reify failed optional dependency /tmp/workspace/a97c8650-d5af-4e3f-90e8-f8d938ffc3ae/node_modules/lightningcss-linux-arm-gnueabihf
76 silly reify mark deleted [
76 silly reify   '/tmp/workspace/a97c8650-d5af-4e3f-90e8-f8d938ffc3ae/node_modules/lightningcss-linux-arm-gnueabihf'
76 silly reify ]
77 verbose reify failed optional dependency /tmp/workspace/a97c8650-d5af-4e3f-90e8-f8d938ffc3ae/node_modules/lightningcss-freebsd-x64
78 silly reify mark deleted [
78 silly reify   '/tmp/workspace/a97c8650-d5af-4e3f-90e8-f8d938ffc3ae/node_modules/lightningcss-freebsd-x64'
78 silly reify ]
79 verbose reify failed optional dependency /tmp/workspace/a97c8650-d5af-4e3f-90e8-f8d938ffc3ae/node_modules/lightningcss-darwin-x64
80 silly reify mark deleted [
80 silly reify   '/tmp/workspace/a97c8650-d5af-4e3f-90e8-f8d938ffc3ae/node_modules/lightningcss-darwin-x64'
80 silly reify ]
81 verbose reify failed optional dependency /tmp/workspace/a97c8650-d5af-4e3f-90e8-f8d938ffc3ae/node_modules/lightningcss-darwin-arm64
82 silly reify mark deleted [
82 silly reify   '/tmp/workspace/a97c8650-d5af-4e3f-90e8-f8d938ffc3ae/node_modules/lightningcss-darwin-arm64'
82 silly reify ]
83 verbose reify failed optional dependency /tmp/workspace/a97c8650-d5af-4e3f-90e8-f8d938ffc3ae/node_modules/lightningcss-android-arm64
84 silly reify mark deleted [
84 silly reify   '/tmp/workspace/a97c8650-d5af-4e3f-90e8-f8d938ffc3ae/node_modules/lightningcss-android-arm64'
84 silly reify ]
85 verbose reify failed optional dependency /tmp/workspace/a97c8650-d5af-4e3f-90e8-f8d938ffc3ae/node_modules/fsevents
86 silly reify mark deleted [
86 silly reify   '/tmp/workspace/a97c8650-d5af-4e3f-90e8-f8d938ffc3ae/node_modules/fsevents'
86 silly reify ]
87 verbose reify failed optional dependency /tmp/workspace/a97c8650-d5af-4e3f-90e8-f8d938ffc3ae/node_modules/@tailwindcss/oxide-win32-x64-msvc
88 silly reify mark deleted [
88 silly reify   '/tmp/workspace/a97c8650-d5af-4e3f-90e8-f8d938ffc3ae/node_modules/@tailwindcss/oxide-win32-x64-msvc'
88 silly reify ]
89 verbose reify failed optional dependency /tmp/workspace/a97c8650-d5af-4e3f-90e8-f8d938ffc3ae/node_modules/@tailwindcss/oxide-win32-arm64-msvc
90 silly reify mark deleted [
90 silly reify   '/tmp/workspace/a97c8650-d5af-4e3f-90e8-f8d938ffc3ae/node_modules/@tailwindcss/oxide-win32-arm64-msvc'
90 silly reify ]
91 verbose reify failed optional dependency /tmp/workspace/a97c8650-d5af-4e3f-90e8-f8d938ffc3ae/node_modules/@tailwindcss/oxide-linux-arm64-musl
92 silly reify mark deleted [
92 silly reify   '/tmp/workspace/a97c8650-d5af-4e3f-90e8-f8d938ffc3ae/node_modules/@tailwindcss/oxide-linux-arm64-musl'
92 silly reify ]
93 verbose reify failed optional dependency /tmp/workspace/a97c8650-d5af-4e3f-90e8-f8d938ffc3ae/node_modules/@tailwindcss/oxide-linux-arm64-gnu
94 silly reify mark deleted [
94 silly reify   '/tmp/workspace/a97c8650-d5af-4e3f-90e8-f8d938ffc3ae/node_modules/@tailwindcss/oxide-linux-arm64-gnu'
94 silly reify ]
95 verbose reify failed optional dependency /tmp/workspace/a97c8650-d5af-4e3f-90e8-f8d938ffc3ae/node_modules/@tailwindcss/oxide-linux-arm-gnueabihf
96 silly reify mark deleted [
96 silly reify   '/tmp/workspace/a97c8650-d5af-4e3f-90e8-f8d938ffc3ae/node_modules/@tailwindcss/oxide-linux-arm-gnueabihf'
96 silly reify ]
97 verbose reify failed optional dependency /tmp/workspace/a97c8650-d5af-4e3f-90e8-f8d938ffc3ae/node_modules/@tailwindcss/oxide-freebsd-x64
98 silly reify mark deleted [
98 silly reify   '/tmp/workspace/a97c8650-d5af-4e3f-90e8-f8d938ffc3ae/node_modules/@tailwindcss/oxide-freebsd-x64'
98 silly reify ]
99 verbose reify failed optional dependency /tmp/workspace/a97c8650-d5af-4e3f-90e8-f8d938ffc3ae/node_modules/@tailwindcss/oxide-darwin-x64
100 silly reify mark deleted [
100 silly reify   '/tmp/workspace/a97c8650-d5af-4e3f-90e8-f8d938ffc3ae/node_modules/@tailwindcss/oxide-darwin-x64'
100 silly reify ]
101 verbose reify failed optional dependency /tmp/workspace/a97c8650-d5af-4e3f-90e8-f8d938ffc3ae/node_modules/@tailwindcss/oxide-darwin-arm64
102 silly reify mark deleted [
102 silly reify   '/tmp/workspace/a97c8650-d5af-4e3f-90e8-f8d938ffc3ae/node_modules/@tailwindcss/oxide-darwin-arm64'
102 silly reify ]
103 verbose reify failed optional dependency /tmp/workspace/a97c8650-d5af-4e3f-90e8-f8d938ffc3ae/node_modules/@tailwindcss/oxide-android-arm64
104 silly reify mark deleted [
104 silly reify   '/tmp/workspace/a97c8650-d5af-4e3f-90e8-f8d938ffc3ae/node_modules/@tailwindcss/oxide-android-arm64'
104 silly reify ]
105 verbose reify failed optional dependency /tmp/workspace/a97c8650-d5af-4e3f-90e8-f8d938ffc3ae/node_modules/@rollup/rollup-win32-x64-msvc
106 silly reify mark deleted [
106 silly reify   '/tmp/workspace/a97c8650-d5af-4e3f-90e8-f8d938ffc3ae/node_modules/@rollup/rollup-win32-x64-msvc'
106 silly reify ]
107 verbose reify failed optional dependency /tmp/workspace/a97c8650-d5af-4e3f-90e8-f8d938ffc3ae/node_modules/@rollup/rollup-win32-x64-gnu
108 silly reify mark deleted [
108 silly reify   '/tmp/workspace/a97c8650-d5af-4e3f-90e8-f8d938ffc3ae/node_modules/@rollup/rollup-win32-x64-gnu'
108 silly reify ]
109 verbose reify failed optional dependency /tmp/workspace/a97c8650-d5af-4e3f-90e8-f8d938ffc3ae/node_modules/@rollup/rollup-win32-ia32-msvc
110 silly reify mark deleted [
110 silly reify   '/tmp/workspace/a97c8650-d5af-4e3f-90e8-f8d938ffc3ae/node_modules/@rollup/rollup-win32-ia32-msvc'
110 silly reify ]
111 verbose reify failed optional dependency /tmp/workspace/a97c8650-d5af-4e3f-90e8-f8d938ffc3ae/node_modules/@rollup/rollup-win32-arm64-msvc
112 silly reify mark deleted [
112 silly reify   '/tmp/workspace/a97c8650-d5af-4e3f-90e8-f8d938ffc3ae/node_modules/@rollup/rollup-win32-arm64-msvc'
112 silly reify ]
113 verbose reify failed optional dependency /tmp/workspace/a97c8650-d5af-4e3f-90e8-f8d938ffc3ae/node_modules/@rollup/rollup-openharmony-arm64
114 silly reify mark deleted [
114 silly reify   '/tmp/workspace/a97c8650-d5af-4e3f-90e8-f8d938ffc3ae/node_modules/@rollup/rollup-openharmony-arm64'
114 silly reify ]
115 verbose reify failed optional dependency /tmp/workspace/a97c8650-d5af-4e3f-90e8-f8d938ffc3ae/node_modules/@rollup/rollup-openbsd-x64
116 silly reify mark deleted [
116 silly reify   '/tmp/workspace/a97c8650-d5af-4e3f-90e8-f8d938ffc3ae/node_modules/@rollup/rollup-openbsd-x64'
116 silly reify ]
117 verbose reify failed optional dependency /tmp/workspace/a97c8650-d5af-4e3f-90e8-f8d938ffc3ae/node_modules/@rollup/rollup-linux-s390x-gnu
118 silly reify mark deleted [
118 silly reify   '/tmp/workspace/a97c8650-d5af-4e3f-90e8-f8d938ffc3ae/node_modules/@rollup/rollup-linux-s390x-gnu'
118 silly reify ]
119 verbose reify failed optional dependency /tmp/workspace/a97c8650-d5af-4e3f-90e8-f8d938ffc3ae/node_modules/@rollup/rollup-linux-riscv64-musl
120 silly reify mark deleted [
120 silly reify   '/tmp/workspace/a97c8650-d5af-4e3f-90e8-f8d938ffc3ae/node_modules/@rollup/rollup-linux-riscv64-musl'
120 silly reify ]
121 verbose reify failed optional dependency /tmp/workspace/a97c8650-d5af-4e3f-90e8-f8d938ffc3ae/node_modules/@rollup/rollup-linux-riscv64-gnu
122 silly reify mark deleted [
122 silly reify   '/tmp/workspace/a97c8650-d5af-4e3f-90e8-f8d938ffc3ae/node_modules/@rollup/rollup-linux-riscv64-gnu'
122 silly reify ]
123 verbose reify failed optional dependency /tmp/workspace/a97c8650-d5af-4e3f-90e8-f8d938ffc3ae/node_modules/@rollup/rollup-linux-ppc64-musl
124 silly reify mark deleted [
124 silly reify   '/tmp/workspace/a97c8650-d5af-4e3f-90e8-f8d938ffc3ae/node_modules/@rollup/rollup-linux-ppc64-musl'
124 silly reify ]
125 verbose reify failed optional dependency /tmp/workspace/a97c8650-d5af-4e3f-90e8-f8d938ffc3ae/node_modules/@rollup/rollup-linux-ppc64-gnu
126 silly reify mark deleted [
126 silly reify   '/tmp/workspace/a97c8650-d5af-4e3f-90e8-f8d938ffc3ae/node_modules/@rollup/rollup-linux-ppc64-gnu'
126 silly reify ]
127 verbose reify failed optional dependency /tmp/workspace/a97c8650-d5af-4e3f-90e8-f8d938ffc3ae/node_modules/@rollup/rollup-linux-loong64-musl
128 silly reify mark deleted [
128 silly reify   '/tmp/workspace/a97c8650-d5af-4e3f-90e8-f8d938ffc3ae/node_modules/@rollup/rollup-linux-loong64-musl'
128 silly reify ]
129 verbose reify failed optional dependency /tmp/workspace/a97c8650-d5af-4e3f-90e8-f8d938ffc3ae/node_modules/@rollup/rollup-linux-loong64-gnu
130 silly reify mark deleted [
130 silly reify   '/tmp/workspace/a97c8650-d5af-4e3f-90e8-f8d938ffc3ae/node_modules/@rollup/rollup-linux-loong64-gnu'
130 silly reify ]
131 verbose reify failed optional dependency /tmp/workspace/a97c8650-d5af-4e3f-90e8-f8d938ffc3ae/node_modules/@rollup/rollup-linux-arm64-musl
132 silly reify mark deleted [
132 silly reify   '/tmp/workspace/a97c8650-d5af-4e3f-90e8-f8d938ffc3ae/node_modules/@rollup/rollup-linux-arm64-musl'
132 silly reify ]
133 verbose reify failed optional dependency /tmp/workspace/a97c8650-d5af-4e3f-90e8-f8d938ffc3ae/node_modules/@rollup/rollup-linux-arm64-gnu
134 silly reify mark deleted [
134 silly reify   '/tmp/workspace/a97c8650-d5af-4e3f-90e8-f8d938ffc3ae/node_modules/@rollup/rollup-linux-arm64-gnu'
134 silly reify ]
135 verbose reify failed optional dependency /tmp/workspace/a97c8650-d5af-4e3f-90e8-f8d938ffc3ae/node_modules/@rollup/rollup-linux-arm-musleabihf
136 silly reify mark deleted [
136 silly reify   '/tmp/workspace/a97c8650-d5af-4e3f-90e8-f8d938ffc3ae/node_modules/@rollup/rollup-linux-arm-musleabihf'
136 silly reify ]
137 verbose reify failed optional dependency /tmp/workspace/a97c8650-d5af-4e3f-90e8-f8d938ffc3ae/node_modules/@rollup/rollup-linux-arm-gnueabihf
138 silly reify mark deleted [
138 silly reify   '/tmp/workspace/a97c8650-d5af-4e3f-90e8-f8d938ffc3ae/node_modules/@rollup/rollup-linux-arm-gnueabihf'
138 silly reify ]
139 verbose reify failed optional dependency /tmp/workspace/a97c8650-d5af-4e3f-90e8-f8d938ffc3ae/node_modules/@rollup/rollup-freebsd-x64
140 silly reify mark deleted [
140 silly reify   '/tmp/workspace/a97c8650-d5af-4e3f-90e8-f8d938ffc3ae/node_modules/@rollup/rollup-freebsd-x64'
140 silly reify ]
141 verbose reify failed optional dependency /tmp/workspace/a97c8650-d5af-4e3f-90e8-f8d938ffc3ae/node_modules/@rollup/rollup-freebsd-arm64
142 silly reify mark deleted [
142 silly reify   '/tmp/workspace/a97c8650-d5af-4e3f-90e8-f8d938ffc3ae/node_modules/@rollup/rollup-freebsd-arm64'
142 silly reify ]
143 verbose reify failed optional dependency /tmp/workspace/a97c8650-d5af-4e3f-90e8-f8d938ffc3ae/node_modules/@rollup/rollup-darwin-x64
144 silly reify mark deleted [
144 silly reify   '/tmp/workspace/a97c8650-d5af-4e3f-90e8-f8d938ffc3ae/node_modules/@rollup/rollup-darwin-x64'
144 silly reify ]
145 verbose reify failed optional dependency /tmp/workspace/a97c8650-d5af-4e3f-90e8-f8d938ffc3ae/node_modules/@rollup/rollup-darwin-arm64
146 silly reify mark deleted [
146 silly reify   '/tmp/workspace/a97c8650-d5af-4e3f-90e8-f8d938ffc3ae/node_modules/@rollup/rollup-darwin-arm64'
146 silly reify ]
147 verbose reify failed optional dependency /tmp/workspace/a97c8650-d5af-4e3f-90e8-f8d938ffc3ae/node_modules/@rollup/rollup-android-arm64
148 silly reify mark deleted [
148 silly reify   '/tmp/workspace/a97c8650-d5af-4e3f-90e8-f8d938ffc3ae/node_modules/@rollup/rollup-android-arm64'
148 silly reify ]
149 verbose reify failed optional dependency /tmp/workspace/a97c8650-d5af-4e3f-90e8-f8d938ffc3ae/node_modules/@rollup/rollup-android-arm-eabi
150 silly reify mark deleted [
150 silly reify   '/tmp/workspace/a97c8650-d5af-4e3f-90e8-f8d938ffc3ae/node_modules/@rollup/rollup-android-arm-eabi'
150 silly reify ]
151 verbose reify failed optional dependency /tmp/workspace/a97c8650-d5af-4e3f-90e8-f8d938ffc3ae/node_modules/@esbuild/win32-x64
152 silly reify mark deleted [
152 silly reify   '/tmp/workspace/a97c8650-d5af-4e3f-90e8-f8d938ffc3ae/node_modules/@esbuild/win32-x64'
152 silly reify ]
153 verbose reify failed optional dependency /tmp/workspace/a97c8650-d5af-4e3f-90e8-f8d938ffc3ae/node_modules/@esbuild/win32-ia32
154 silly reify mark deleted [
154 silly reify   '/tmp/workspace/a97c8650-d5af-4e3f-90e8-f8d938ffc3ae/node_modules/@esbuild/win32-ia32'
154 silly reify ]
155 verbose reify failed optional dependency /tmp/workspace/a97c8650-d5af-4e3f-90e8-f8d938ffc3ae/node_modules/@esbuild/win32-arm64
156 silly reify mark deleted [
156 silly reify   '/tmp/workspace/a97c8650-d5af-4e3f-90e8-f8d938ffc3ae/node_modules/@esbuild/win32-arm64'
156 silly reify ]
157 verbose reify failed optional dependency /tmp/workspace/a97c8650-d5af-4e3f-90e8-f8d938ffc3ae/node_modules/@esbuild/sunos-x64
158 silly reify mark deleted [
158 silly reify   '/tmp/workspace/a97c8650-d5af-4e3f-90e8-f8d938ffc3ae/node_modules/@esbuild/sunos-x64'
158 silly reify ]
159 verbose reify failed optional dependency /tmp/workspace/a97c8650-d5af-4e3f-90e8-f8d938ffc3ae/node_modules/@esbuild/openharmony-arm64
160 silly reify mark deleted [
160 silly reify   '/tmp/workspace/a97c8650-d5af-4e3f-90e8-f8d938ffc3ae/node_modules/@esbuild/openharmony-arm64'
160 silly reify ]
161 verbose reify failed optional dependency /tmp/workspace/a97c8650-d5af-4e3f-90e8-f8d938ffc3ae/node_modules/@esbuild/openbsd-x64
162 silly reify mark deleted [
162 silly reify   '/tmp/workspace/a97c8650-d5af-4e3f-90e8-f8d938ffc3ae/node_modules/@esbuild/openbsd-x64'
162 silly reify ]
163 verbose reify failed optional dependency /tmp/workspace/a97c8650-d5af-4e3f-90e8-f8d938ffc3ae/node_modules/@esbuild/openbsd-arm64
164 silly reify mark deleted [
164 silly reify   '/tmp/workspace/a97c8650-d5af-4e3f-90e8-f8d938ffc3ae/node_modules/@esbuild/openbsd-arm64'
164 silly reify ]
165 verbose reify failed optional dependency /tmp/workspace/a97c8650-d5af-4e3f-90e8-f8d938ffc3ae/node_modules/@esbuild/netbsd-x64
166 silly reify mark deleted [
166 silly reify   '/tmp/workspace/a97c8650-d5af-4e3f-90e8-f8d938ffc3ae/node_modules/@esbuild/netbsd-x64'
166 silly reify ]
167 verbose reify failed optional dependency /tmp/workspace/a97c8650-d5af-4e3f-90e8-f8d938ffc3ae/node_modules/@esbuild/netbsd-arm64
168 silly reify mark deleted [
168 silly reify   '/tmp/workspace/a97c8650-d5af-4e3f-90e8-f8d938ffc3ae/node_modules/@esbuild/netbsd-arm64'
168 silly reify ]
169 verbose reify failed optional dependency /tmp/workspace/a97c8650-d5af-4e3f-90e8-f8d938ffc3ae/node_modules/@esbuild/linux-s390x
170 silly reify mark deleted [
170 silly reify   '/tmp/workspace/a97c8650-d5af-4e3f-90e8-f8d938ffc3ae/node_modules/@esbuild/linux-s390x'
170 silly reify ]
171 verbose reify failed optional dependency /tmp/workspace/a97c8650-d5af-4e3f-90e8-f8d938ffc3ae/node_modules/@esbuild/linux-riscv64
172 silly reify mark deleted [
172 silly reify   '/tmp/workspace/a97c8650-d5af-4e3f-90e8-f8d938ffc3ae/node_modules/@esbuild/linux-riscv64'
172 silly reify ]
173 verbose reify failed optional dependency /tmp/workspace/a97c8650-d5af-4e3f-90e8-f8d938ffc3ae/node_modules/@esbuild/linux-ppc64
174 silly reify mark deleted [
174 silly reify   '/tmp/workspace/a97c8650-d5af-4e3f-90e8-f8d938ffc3ae/node_modules/@esbuild/linux-ppc64'
174 silly reify ]
175 verbose reify failed optional dependency /tmp/workspace/a97c8650-d5af-4e3f-90e8-f8d938ffc3ae/node_modules/@esbuild/linux-mips64el
176 silly reify mark deleted [
176 silly reify   '/tmp/workspace/a97c8650-d5af-4e3f-90e8-f8d938ffc3ae/node_modules/@esbuild/linux-mips64el'
176 silly reify ]
177 verbose reify failed optional dependency /tmp/workspace/a97c8650-d5af-4e3f-90e8-f8d938ffc3ae/node_modules/@esbuild/linux-loong64
178 silly reify mark deleted [
178 silly reify   '/tmp/workspace/a97c8650-d5af-4e3f-90e8-f8d938ffc3ae/node_modules/@esbuild/linux-loong64'
178 silly reify ]
179 verbose reify failed optional dependency /tmp/workspace/a97c8650-d5af-4e3f-90e8-f8d938ffc3ae/node_modules/@esbuild/linux-ia32
180 silly reify mark deleted [
180 silly reify   '/tmp/workspace/a97c8650-d5af-4e3f-90e8-f8d938ffc3ae/node_modules/@esbuild/linux-ia32'
180 silly reify ]
181 verbose reify failed optional dependency /tmp/workspace/a97c8650-d5af-4e3f-90e8-f8d938ffc3ae/node_modules/@esbuild/linux-arm64
182 silly reify mark deleted [
182 silly reify   '/tmp/workspace/a97c8650-d5af-4e3f-90e8-f8d938ffc3ae/node_modules/@esbuild/linux-arm64'
182 silly reify ]
183 verbose reify failed optional dependency /tmp/workspace/a97c8650-d5af-4e3f-90e8-f8d938ffc3ae/node_modules/@esbuild/linux-arm
184 silly reify mark deleted [
184 silly reify   '/tmp/workspace/a97c8650-d5af-4e3f-90e8-f8d938ffc3ae/node_modules/@esbuild/linux-arm'
184 silly reify ]
185 verbose reify failed optional dependency /tmp/workspace/a97c8650-d5af-4e3f-90e8-f8d938ffc3ae/node_modules/@esbuild/freebsd-x64
186 silly reify mark deleted [
186 silly reify   '/tmp/workspace/a97c8650-d5af-4e3f-90e8-f8d938ffc3ae/node_modules/@esbuild/freebsd-x64'
186 silly reify ]
187 verbose reify failed optional dependency /tmp/workspace/a97c8650-d5af-4e3f-90e8-f8d938ffc3ae/node_modules/@esbuild/freebsd-arm64
188 silly reify mark deleted [
188 silly reify   '/tmp/workspace/a97c8650-d5af-4e3f-90e8-f8d938ffc3ae/node_modules/@esbuild/freebsd-arm64'
188 silly reify ]
189 verbose reify failed optional dependency /tmp/workspace/a97c8650-d5af-4e3f-90e8-f8d938ffc3ae/node_modules/@esbuild/darwin-x64
190 silly reify mark deleted [
190 silly reify   '/tmp/workspace/a97c8650-d5af-4e3f-90e8-f8d938ffc3ae/node_modules/@esbuild/darwin-x64'
190 silly reify ]
191 verbose reify failed optional dependency /tmp/workspace/a97c8650-d5af-4e3f-90e8-f8d938ffc3ae/node_modules/@esbuild/darwin-arm64
192 silly reify mark deleted [
192 silly reify   '/tmp/workspace/a97c8650-d5af-4e3f-90e8-f8d938ffc3ae/node_modules/@esbuild/darwin-arm64'
192 silly reify ]
193 verbose reify failed optional dependency /tmp/workspace/a97c8650-d5af-4e3f-90e8-f8d938ffc3ae/node_modules/@esbuild/android-x64
194 silly reify mark deleted [
194 silly reify   '/tmp/workspace/a97c8650-d5af-4e3f-90e8-f8d938ffc3ae/node_modules/@esbuild/android-x64'
194 silly reify ]
195 verbose reify failed optional dependency /tmp/workspace/a97c8650-d5af-4e3f-90e8-f8d938ffc3ae/node_modules/@esbuild/android-arm64
196 silly reify mark deleted [
196 silly reify   '/tmp/workspace/a97c8650-d5af-4e3f-90e8-f8d938ffc3ae/node_modules/@esbuild/android-arm64'
196 silly reify ]
197 verbose reify failed optional dependency /tmp/workspace/a97c8650-d5af-4e3f-90e8-f8d938ffc3ae/node_modules/@esbuild/android-arm
198 silly reify mark deleted [
198 silly reify   '/tmp/workspace/a97c8650-d5af-4e3f-90e8-f8d938ffc3ae/node_modules/@esbuild/android-arm'
198 silly reify ]
199 verbose reify failed optional dependency /tmp/workspace/a97c8650-d5af-4e3f-90e8-f8d938ffc3ae/node_modules/@esbuild/aix-ppc64
200 silly reify mark deleted [
200 silly reify   '/tmp/workspace/a97c8650-d5af-4e3f-90e8-f8d938ffc3ae/node_modules/@esbuild/aix-ppc64'
200 silly reify ]
201 http cache yargs-parser@https://registry.npmjs.org/yargs-parser/-/yargs-parser-22.0.0.tgz 1ms (cache hit)
202 http cache yargs@https://registry.npmjs.org/yargs/-/yargs-18.0.0.tgz 0ms (cache hit)
203 http cache yallist@https://registry.npmjs.org/yallist/-/yallist-3.1.1.tgz 0ms (cache hit)
204 http cache y18n@https://registry.npmjs.org/y18n/-/y18n-5.0.8.tgz 0ms (cache hit)
205 http cache ws@https://registry.npmjs.org/ws/-/ws-8.21.0.tgz 0ms (cache hit)
206 http cache wrap-ansi@https://registry.npmjs.org/wrap-ansi/-/wrap-ansi-9.0.2.tgz 0ms (cache hit)
207 http cache web-streams-polyfill@https://registry.npmjs.org/web-streams-polyfill/-/web-streams-polyfill-3.3.3.tgz 0ms (cache hit)
208 http cache vite@https://registry.npmjs.org/vite/-/vite-6.4.3.tgz 0ms (cache hit)
209 http cache vary@https://registry.npmjs.org/vary/-/vary-1.1.2.tgz 1ms (cache hit)
210 http cache utils-merge@https://registry.npmjs.org/utils-merge/-/utils-merge-1.0.1.tgz 0ms (cache hit)
211 http cache update-browserslist-db@https://registry.npmjs.org/update-browserslist-db/-/update-browserslist-db-1.2.3.tgz 1ms (cache hit)
212 http cache unpipe@https://registry.npmjs.org/unpipe/-/unpipe-1.0.0.tgz 0ms (cache hit)
213 http cache undici-types@https://registry.npmjs.org/undici-types/-/undici-types-6.21.0.tgz 0ms (cache hit)
214 http cache undefsafe@https://registry.npmjs.org/undefsafe/-/undefsafe-2.0.5.tgz 0ms (cache hit)
215 http cache typescript@https://registry.npmjs.org/typescript/-/typescript-5.8.3.tgz 0ms (cache hit)
216 http cache type-is@https://registry.npmjs.org/type-is/-/type-is-1.6.18.tgz 0ms (cache hit)
217 http cache tsx@https://registry.npmjs.org/tsx/-/tsx-4.22.4.tgz 0ms (cache hit)
218 http cache tslib@https://registry.npmjs.org/tslib/-/tslib-2.8.1.tgz 0ms (cache hit)
219 http cache tree-kill@https://registry.npmjs.org/tree-kill/-/tree-kill-1.2.2.tgz 0ms (cache hit)
220 http cache touch@https://registry.npmjs.org/touch/-/touch-3.1.1.tgz 0ms (cache hit)
221 http cache toidentifier@https://registry.npmjs.org/toidentifier/-/toidentifier-1.0.1.tgz 0ms (cache hit)
222 http cache to-regex-range@https://registry.npmjs.org/to-regex-range/-/to-regex-range-5.0.1.tgz 0ms (cache hit)
223 http cache tinyglobby@https://registry.npmjs.org/tinyglobby/-/tinyglobby-0.2.17.tgz 0ms (cache hit)
224 http cache text-encoding-shim@https://registry.npmjs.org/text-encoding-shim/-/text-encoding-shim-1.0.5.tgz 0ms (cache hit)
225 http cache tapable@https://registry.npmjs.org/tapable/-/tapable-2.3.3.tgz 0ms (cache hit)
226 http cache tailwindcss@https://registry.npmjs.org/tailwindcss/-/tailwindcss-4.3.0.tgz 0ms (cache hit)
227 http cache supports-preserve-symlinks-flag@https://registry.npmjs.org/supports-preserve-symlinks-flag/-/supports-preserve-symlinks-flag-1.0.0.tgz 1ms (cache hit)
228 http cache supports-color@https://registry.npmjs.org/supports-color/-/supports-color-10.2.2.tgz 0ms (cache hit)
229 http cache strip-ansi@https://registry.npmjs.org/strip-ansi/-/strip-ansi-7.2.0.tgz 0ms (cache hit)
230 http cache string-width@https://registry.npmjs.org/string-width/-/string-width-7.2.0.tgz 0ms (cache hit)
231 http cache statuses@https://registry.npmjs.org/statuses/-/statuses-2.0.2.tgz 0ms (cache hit)
232 http cache source-map-js@https://registry.npmjs.org/source-map-js/-/source-map-js-1.2.1.tgz 0ms (cache hit)
233 http cache simple-update-notifier@https://registry.npmjs.org/simple-update-notifier/-/simple-update-notifier-2.0.0.tgz 0ms (cache hit)
234 http cache side-channel-weakmap@https://registry.npmjs.org/side-channel-weakmap/-/side-channel-weakmap-1.0.2.tgz 0ms (cache hit)
235 http cache side-channel-map@https://registry.npmjs.org/side-channel-map/-/side-channel-map-1.0.1.tgz 0ms (cache hit)
236 http cache side-channel-list@https://registry.npmjs.org/side-channel-list/-/side-channel-list-1.0.1.tgz 0ms (cache hit)
237 http cache side-channel@https://registry.npmjs.org/side-channel/-/side-channel-1.1.0.tgz 0ms (cache hit)
238 http cache shell-quote@https://registry.npmjs.org/shell-quote/-/shell-quote-1.8.4.tgz 0ms (cache hit)
239 http cache setprototypeof@https://registry.npmjs.org/setprototypeof/-/setprototypeof-1.2.0.tgz 0ms (cache hit)
240 http cache serve-static@https://registry.npmjs.org/serve-static/-/serve-static-1.16.3.tgz 0ms (cache hit)
241 http cache send@https://registry.npmjs.org/send/-/send-0.19.2.tgz 0ms (cache hit)
242 http cache semver@https://registry.npmjs.org/semver/-/semver-6.3.1.tgz 0ms (cache hit)
243 http cache scheduler@https://registry.npmjs.org/scheduler/-/scheduler-0.27.0.tgz 0ms (cache hit)
244 http cache safer-buffer@https://registry.npmjs.org/safer-buffer/-/safer-buffer-2.1.2.tgz 0ms (cache hit)
245 http cache safe-buffer@https://registry.npmjs.org/safe-buffer/-/safe-buffer-5.2.1.tgz 0ms (cache hit)
246 http cache rxjs@https://registry.npmjs.org/rxjs/-/rxjs-7.8.2.tgz 0ms (cache hit)
247 http cache rollup@https://registry.npmjs.org/rollup/-/rollup-4.61.1.tgz 0ms (cache hit)
248 http cache retry@https://registry.npmjs.org/retry/-/retry-0.13.1.tgz 0ms (cache hit)
249 http cache resolve@https://registry.npmjs.org/resolve/-/resolve-1.22.12.tgz 0ms (cache hit)
250 http cache readdirp@https://registry.npmjs.org/readdirp/-/readdirp-3.6.0.tgz 0ms (cache hit)
251 http cache react-refresh@https://registry.npmjs.org/react-refresh/-/react-refresh-0.18.0.tgz 0ms (cache hit)
252 http cache react-dom@https://registry.npmjs.org/react-dom/-/react-dom-19.2.7.tgz 0ms (cache hit)
253 http cache react@https://registry.npmjs.org/react/-/react-19.2.7.tgz 0ms (cache hit)
254 http cache raw-body@https://registry.npmjs.org/raw-body/-/raw-body-2.5.3.tgz 0ms (cache hit)
255 http cache range-parser@https://registry.npmjs.org/range-parser/-/range-parser-1.2.1.tgz 0ms (cache hit)
256 http cache qs@https://registry.npmjs.org/qs/-/qs-6.15.2.tgz 0ms (cache hit)
257 http cache pstree.remy@https://registry.npmjs.org/pstree.remy/-/pstree.remy-1.1.8.tgz 0ms (cache hit)
258 http cache proxy-addr@https://registry.npmjs.org/proxy-addr/-/proxy-addr-2.0.7.tgz 0ms (cache hit)
259 http cache postcss-value-parser@https://registry.npmjs.org/postcss-value-parser/-/postcss-value-parser-4.2.0.tgz 0ms (cache hit)
260 http cache postcss@https://registry.npmjs.org/postcss/-/postcss-8.5.15.tgz 0ms (cache hit)
261 http cache picomatch@https://registry.npmjs.org/picomatch/-/picomatch-4.0.4.tgz 0ms (cache hit)
262 http cache protobufjs@https://registry.npmjs.org/protobufjs/-/protobufjs-7.6.2.tgz 0ms (cache hit)
263 http cache picocolors@https://registry.npmjs.org/picocolors/-/picocolors-1.1.1.tgz 0ms (cache hit)
264 http cache path-to-regexp@https://registry.npmjs.org/path-to-regexp/-/path-to-regexp-0.1.13.tgz 0ms (cache hit)
265 http cache path-parse@https://registry.npmjs.org/path-parse/-/path-parse-1.0.7.tgz 0ms (cache hit)
266 http cache parseurl@https://registry.npmjs.org/parseurl/-/parseurl-1.3.3.tgz 0ms (cache hit)
267 http cache p-retry@https://registry.npmjs.org/p-retry/-/p-retry-4.6.2.tgz 0ms (cache hit)
268 http cache on-finished@https://registry.npmjs.org/on-finished/-/on-finished-2.4.1.tgz 0ms (cache hit)
269 http cache object-inspect@https://registry.npmjs.org/object-inspect/-/object-inspect-1.13.4.tgz 0ms (cache hit)
270 http cache object-assign@https://registry.npmjs.org/object-assign/-/object-assign-4.1.1.tgz 0ms (cache hit)
271 http cache nodemon@https://registry.npmjs.org/nodemon/-/nodemon-3.1.14.tgz 0ms (cache hit)
272 http cache node-releases@https://registry.npmjs.org/node-releases/-/node-releases-2.0.47.tgz 0ms (cache hit)
273 http cache normalize-path@https://registry.npmjs.org/normalize-path/-/normalize-path-3.0.0.tgz 0ms (cache hit)
274 http cache node-fetch@https://registry.npmjs.org/node-fetch/-/node-fetch-3.3.2.tgz 0ms (cache hit)
275 http cache node-domexception@https://registry.npmjs.org/node-domexception/-/node-domexception-1.0.0.tgz 0ms (cache hit)
276 http cache negotiator@https://registry.npmjs.org/negotiator/-/negotiator-0.6.3.tgz 0ms (cache hit)
277 http cache nanoid@https://registry.npmjs.org/nanoid/-/nanoid-3.3.12.tgz 0ms (cache hit)
278 http cache ms@https://registry.npmjs.org/ms/-/ms-2.1.3.tgz 0ms (cache hit)
279 http cache motion-utils@https://registry.npmjs.org/motion-utils/-/motion-utils-12.39.0.tgz 0ms (cache hit)
280 http cache motion-dom@https://registry.npmjs.org/motion-dom/-/motion-dom-12.40.0.tgz 0ms (cache hit)
281 http cache motion@https://registry.npmjs.org/motion/-/motion-12.40.0.tgz 0ms (cache hit)
282 http cache minimatch@https://registry.npmjs.org/minimatch/-/minimatch-10.2.5.tgz 0ms (cache hit)
283 http cache mime-types@https://registry.npmjs.org/mime-types/-/mime-types-2.1.35.tgz 0ms (cache hit)
284 http cache mime-db@https://registry.npmjs.org/mime-db/-/mime-db-1.52.0.tgz 0ms (cache hit)
285 http cache mime@https://registry.npmjs.org/mime/-/mime-1.6.0.tgz 0ms (cache hit)
286 http cache merge-descriptors@https://registry.npmjs.org/merge-descriptors/-/merge-descriptors-1.0.3.tgz 0ms (cache hit)
287 http cache methods@https://registry.npmjs.org/methods/-/methods-1.1.2.tgz 0ms (cache hit)
288 http cache media-typer@https://registry.npmjs.org/media-typer/-/media-typer-0.3.0.tgz 0ms (cache hit)
289 http cache math-intrinsics@https://registry.npmjs.org/math-intrinsics/-/math-intrinsics-1.1.0.tgz 0ms (cache hit)
290 http cache magic-string@https://registry.npmjs.org/magic-string/-/magic-string-0.30.21.tgz 0ms (cache hit)
291 http cache lucide-react@https://registry.npmjs.org/lucide-react/-/lucide-react-0.546.0.tgz 0ms (cache hit)
292 http cache lru-cache@https://registry.npmjs.org/lru-cache/-/lru-cache-5.1.1.tgz 0ms (cache hit)
293 http cache long@https://registry.npmjs.org/long/-/long-5.3.2.tgz 0ms (cache hit)
294 http cache lodash@https://registry.npmjs.org/lodash/-/lodash-4.18.1.tgz 0ms (cache hit)
295 http cache lightningcss-linux-x64-musl@https://registry.npmjs.org/lightningcss-linux-x64-musl/-/lightningcss-linux-x64-musl-1.32.0.tgz 0ms (cache hit)
296 http cache lightningcss-linux-x64-gnu@https://registry.npmjs.org/lightningcss-linux-x64-gnu/-/lightningcss-linux-x64-gnu-1.32.0.tgz 0ms (cache hit)
297 http cache lightningcss@https://registry.npmjs.org/lightningcss/-/lightningcss-1.32.0.tgz 0ms (cache hit)
298 http cache jwt-decode@https://registry.npmjs.org/jwt-decode/-/jwt-decode-3.1.2.tgz 0ms (cache hit)
299 http cache jws@https://registry.npmjs.org/jws/-/jws-4.0.1.tgz 0ms (cache hit)
300 http cache jwa@https://registry.npmjs.org/jwa/-/jwa-2.0.1.tgz 0ms (cache hit)
301 http cache json-bigint@https://registry.npmjs.org/json-bigint/-/json-bigint-1.0.0.tgz 0ms (cache hit)
302 http cache json5@https://registry.npmjs.org/json5/-/json5-2.2.3.tgz 0ms (cache hit)
303 http cache jsesc@https://registry.npmjs.org/jsesc/-/jsesc-3.1.0.tgz 0ms (cache hit)
304 http cache js-tokens@https://registry.npmjs.org/js-tokens/-/js-tokens-4.0.0.tgz 0ms (cache hit)
305 http cache jiti@https://registry.npmjs.org/jiti/-/jiti-2.7.0.tgz 0ms (cache hit)
306 http cache is-reference@https://registry.npmjs.org/is-reference/-/is-reference-1.2.1.tgz 0ms (cache hit)
307 http cache is-number@https://registry.npmjs.org/is-number/-/is-number-7.0.0.tgz 0ms (cache hit)
308 http cache is-module@https://registry.npmjs.org/is-module/-/is-module-1.0.0.tgz 0ms (cache hit)
309 http cache is-glob@https://registry.npmjs.org/is-glob/-/is-glob-4.0.3.tgz 0ms (cache hit)
310 http cache is-extglob@https://registry.npmjs.org/is-extglob/-/is-extglob-2.1.1.tgz 0ms (cache hit)
311 http cache is-core-module@https://registry.npmjs.org/is-core-module/-/is-core-module-2.16.2.tgz 0ms (cache hit)
312 http cache is-binary-path@https://registry.npmjs.org/is-binary-path/-/is-binary-path-2.1.0.tgz 0ms (cache hit)
313 http cache ipaddr.js@https://registry.npmjs.org/ipaddr.js/-/ipaddr.js-1.9.1.tgz 0ms (cache hit)
314 http cache inherits@https://registry.npmjs.org/inherits/-/inherits-2.0.4.tgz 0ms (cache hit)
315 http cache ignore-by-default@https://registry.npmjs.org/ignore-by-default/-/ignore-by-default-1.0.1.tgz 0ms (cache hit)
316 http cache iconv-lite@https://registry.npmjs.org/iconv-lite/-/iconv-lite-0.4.24.tgz 0ms (cache hit)
317 http cache https-proxy-agent@https://registry.npmjs.org/https-proxy-agent/-/https-proxy-agent-7.0.6.tgz 0ms (cache hit)
318 http cache http-errors@https://registry.npmjs.org/http-errors/-/http-errors-2.0.1.tgz 0ms (cache hit)
319 http cache hasown@https://registry.npmjs.org/hasown/-/hasown-2.0.4.tgz 0ms (cache hit)
320 http cache has-symbols@https://registry.npmjs.org/has-symbols/-/has-symbols-1.1.0.tgz 0ms (cache hit)
321 http cache has-flag@https://registry.npmjs.org/has-flag/-/has-flag-3.0.0.tgz 0ms (cache hit)
322 http cache graceful-fs@https://registry.npmjs.org/graceful-fs/-/graceful-fs-4.2.11.tgz 0ms (cache hit)
323 http cache gopd@https://registry.npmjs.org/gopd/-/gopd-1.2.0.tgz 0ms (cache hit)
324 http cache google-logging-utils@https://registry.npmjs.org/google-logging-utils/-/google-logging-utils-1.1.3.tgz 0ms (cache hit)
325 http cache google-auth-library@https://registry.npmjs.org/google-auth-library/-/google-auth-library-10.6.2.tgz 0ms (cache hit)
326 http cache glob-parent@https://registry.npmjs.org/glob-parent/-/glob-parent-5.1.2.tgz 0ms (cache hit)
327 http cache get-proto@https://registry.npmjs.org/get-proto/-/get-proto-1.0.1.tgz 0ms (cache hit)
328 http cache get-intrinsic@https://registry.npmjs.org/get-intrinsic/-/get-intrinsic-1.3.0.tgz 0ms (cache hit)
329 http cache get-east-asian-width@https://registry.npmjs.org/get-east-asian-width/-/get-east-asian-width-1.6.0.tgz 0ms (cache hit)
330 http cache get-caller-file@https://registry.npmjs.org/get-caller-file/-/get-caller-file-2.0.5.tgz 0ms (cache hit)
331 http cache gensync@https://registry.npmjs.org/gensync/-/gensync-1.0.0-beta.2.tgz 0ms (cache hit)
332 http cache gcp-metadata@https://registry.npmjs.org/gcp-metadata/-/gcp-metadata-8.1.2.tgz 0ms (cache hit)
333 http cache gaxios@https://registry.npmjs.org/gaxios/-/gaxios-7.1.4.tgz 0ms (cache hit)
334 http cache function-bind@https://registry.npmjs.org/function-bind/-/function-bind-1.1.2.tgz 0ms (cache hit)
335 http cache fresh@https://registry.npmjs.org/fresh/-/fresh-0.5.2.tgz 0ms (cache hit)
336 http cache framer-motion@https://registry.npmjs.org/framer-motion/-/framer-motion-12.40.0.tgz 0ms (cache hit)
337 http cache fraction.js@https://registry.npmjs.org/fraction.js/-/fraction.js-5.3.4.tgz 0ms (cache hit)
338 http cache forwarded@https://registry.npmjs.org/forwarded/-/forwarded-0.2.0.tgz 0ms (cache hit)
339 http cache formdata-polyfill@https://registry.npmjs.org/formdata-polyfill/-/formdata-polyfill-4.0.10.tgz 0ms (cache hit)
340 http cache finalhandler@https://registry.npmjs.org/finalhandler/-/finalhandler-1.3.2.tgz 0ms (cache hit)
341 http cache fill-range@https://registry.npmjs.org/fill-range/-/fill-range-7.1.1.tgz 0ms (cache hit)
342 http cache fetch-blob@https://registry.npmjs.org/fetch-blob/-/fetch-blob-3.2.0.tgz 0ms (cache hit)
343 http cache fdir@https://registry.npmjs.org/fdir/-/fdir-6.5.0.tgz 0ms (cache hit)
344 http cache extend@https://registry.npmjs.org/extend/-/extend-3.0.2.tgz 0ms (cache hit)
345 http cache express@https://registry.npmjs.org/express/-/express-4.22.2.tgz 0ms (cache hit)
346 http cache etag@https://registry.npmjs.org/etag/-/etag-1.8.1.tgz 0ms (cache hit)
347 http cache estree-walker@https://registry.npmjs.org/estree-walker/-/estree-walker-2.0.2.tgz 0ms (cache hit)
348 http cache escape-html@https://registry.npmjs.org/escape-html/-/escape-html-1.0.3.tgz 0ms (cache hit)
349 http cache escalade@https://registry.npmjs.org/escalade/-/escalade-3.2.0.tgz 0ms (cache hit)
350 http cache esbuild@https://registry.npmjs.org/esbuild/-/esbuild-0.25.12.tgz 0ms (cache hit)
351 http cache es-object-atoms@https://registry.npmjs.org/es-object-atoms/-/es-object-atoms-1.1.2.tgz 0ms (cache hit)
352 http cache es-errors@https://registry.npmjs.org/es-errors/-/es-errors-1.3.0.tgz 0ms (cache hit)
353 http cache es-define-property@https://registry.npmjs.org/es-define-property/-/es-define-property-1.0.1.tgz 0ms (cache hit)
354 http cache enhanced-resolve@https://registry.npmjs.org/enhanced-resolve/-/enhanced-resolve-5.22.2.tgz 0ms (cache hit)
355 http cache encodeurl@https://registry.npmjs.org/encodeurl/-/encodeurl-2.0.0.tgz 0ms (cache hit)
356 http cache emoji-regex@https://registry.npmjs.org/emoji-regex/-/emoji-regex-10.6.0.tgz 0ms (cache hit)
357 http cache electron-to-chromium@https://registry.npmjs.org/electron-to-chromium/-/electron-to-chromium-1.5.367.tgz 0ms (cache hit)
358 http cache ee-first@https://registry.npmjs.org/ee-first/-/ee-first-1.1.1.tgz 0ms (cache hit)
359 http cache ecdsa-sig-formatter@https://registry.npmjs.org/ecdsa-sig-formatter/-/ecdsa-sig-formatter-1.0.11.tgz 0ms (cache hit)
360 http cache dunder-proto@https://registry.npmjs.org/dunder-proto/-/dunder-proto-1.0.1.tgz 0ms (cache hit)
361 http cache dotenv@https://registry.npmjs.org/dotenv/-/dotenv-17.4.2.tgz 0ms (cache hit)
362 http cache detect-libc@https://registry.npmjs.org/detect-libc/-/detect-libc-2.1.2.tgz 0ms (cache hit)
363 http cache destroy@https://registry.npmjs.org/destroy/-/destroy-1.2.0.tgz 0ms (cache hit)
364 http cache depd@https://registry.npmjs.org/depd/-/depd-2.0.0.tgz 0ms (cache hit)
365 http cache deepmerge@https://registry.npmjs.org/deepmerge/-/deepmerge-4.3.1.tgz 0ms (cache hit)
366 http cache debug@https://registry.npmjs.org/debug/-/debug-4.4.3.tgz 0ms (cache hit)
367 http cache data-uri-to-buffer@https://registry.npmjs.org/data-uri-to-buffer/-/data-uri-to-buffer-4.0.1.tgz 0ms (cache hit)
368 http cache cors@https://registry.npmjs.org/cors/-/cors-2.8.6.tgz 0ms (cache hit)
369 http cache core-js-pure@https://registry.npmjs.org/core-js-pure/-/core-js-pure-3.49.0.tgz 0ms (cache hit)
370 http cache cookie-signature@https://registry.npmjs.org/cookie-signature/-/cookie-signature-1.0.7.tgz 0ms (cache hit)
371 http cache cookie@https://registry.npmjs.org/cookie/-/cookie-0.7.2.tgz 0ms (cache hit)
372 http cache convert-source-map@https://registry.npmjs.org/convert-source-map/-/convert-source-map-2.0.0.tgz 0ms (cache hit)
373 http cache content-type@https://registry.npmjs.org/content-type/-/content-type-1.0.5.tgz 0ms (cache hit)
374 http cache content-disposition@https://registry.npmjs.org/content-disposition/-/content-disposition-0.5.4.tgz 0ms (cache hit)
375 http cache concurrently@https://registry.npmjs.org/concurrently/-/concurrently-10.0.3.tgz 0ms (cache hit)
376 http cache commondir@https://registry.npmjs.org/commondir/-/commondir-1.0.1.tgz 0ms (cache hit)
377 http cache cliui@https://registry.npmjs.org/cliui/-/cliui-9.0.1.tgz 0ms (cache hit)
378 http cache chokidar@https://registry.npmjs.org/chokidar/-/chokidar-3.6.0.tgz 0ms (cache hit)
379 http cache chalk@https://registry.npmjs.org/chalk/-/chalk-5.6.2.tgz 1ms (cache hit)
380 http cache caniuse-lite@https://registry.npmjs.org/caniuse-lite/-/caniuse-lite-1.0.30001793.tgz 0ms (cache hit)
381 http cache call-bound@https://registry.npmjs.org/call-bound/-/call-bound-1.0.4.tgz 0ms (cache hit)
382 http cache call-bind-apply-helpers@https://registry.npmjs.org/call-bind-apply-helpers/-/call-bind-apply-helpers-1.0.2.tgz 0ms (cache hit)
383 http cache bytes@https://registry.npmjs.org/bytes/-/bytes-3.1.2.tgz 0ms (cache hit)
384 http cache buffer-equal-constant-time@https://registry.npmjs.org/buffer-equal-constant-time/-/buffer-equal-constant-time-1.0.1.tgz 0ms (cache hit)
385 http cache browserslist@https://registry.npmjs.org/browserslist/-/browserslist-4.28.2.tgz 0ms (cache hit)
386 http cache bson@https://registry.npmjs.org/bson/-/bson-7.2.0.tgz 0ms (cache hit)
387 http cache braces@https://registry.npmjs.org/braces/-/braces-3.0.3.tgz 0ms (cache hit)
388 http cache brace-expansion@https://registry.npmjs.org/brace-expansion/-/brace-expansion-5.0.6.tgz 0ms (cache hit)
389 http cache body-parser@https://registry.npmjs.org/body-parser/-/body-parser-1.20.5.tgz 0ms (cache hit)
390 http cache binary-extensions@https://registry.npmjs.org/binary-extensions/-/binary-extensions-2.3.0.tgz 0ms (cache hit)
391 http cache bignumber.js@https://registry.npmjs.org/bignumber.js/-/bignumber.js-9.3.1.tgz 0ms (cache hit)
392 http cache baseline-browser-mapping@https://registry.npmjs.org/baseline-browser-mapping/-/baseline-browser-mapping-2.10.33.tgz 0ms (cache hit)
393 http cache base64-js@https://registry.npmjs.org/base64-js/-/base64-js-1.5.1.tgz 0ms (cache hit)
394 http cache balanced-match@https://registry.npmjs.org/balanced-match/-/balanced-match-4.0.4.tgz 0ms (cache hit)
395 http cache autoprefixer@https://registry.npmjs.org/autoprefixer/-/autoprefixer-10.5.0.tgz 0ms (cache hit)
396 http cache array-flatten@https://registry.npmjs.org/array-flatten/-/array-flatten-1.1.1.tgz 0ms (cache hit)
397 http cache anymatch@https://registry.npmjs.org/anymatch/-/anymatch-3.1.3.tgz 0ms (cache hit)
398 http cache ansi-styles@https://registry.npmjs.org/ansi-styles/-/ansi-styles-6.2.3.tgz 0ms (cache hit)
399 http cache ansi-regex@https://registry.npmjs.org/ansi-regex/-/ansi-regex-6.2.2.tgz 0ms (cache hit)
400 http cache agent-base@https://registry.npmjs.org/agent-base/-/agent-base-7.1.4.tgz 0ms (cache hit)
401 http cache accepts@https://registry.npmjs.org/accepts/-/accepts-1.3.8.tgz 0ms (cache hit)
402 http cache @vitejs/plugin-react@https://registry.npmjs.org/@vitejs/plugin-react/-/plugin-react-5.2.0.tgz 0ms (cache hit)
403 http cache @types/serve-static@https://registry.npmjs.org/@types/serve-static/-/serve-static-1.15.10.tgz 0ms (cache hit)
404 http cache @types/send@https://registry.npmjs.org/@types/send/-/send-1.2.1.tgz 0ms (cache hit)
405 http cache @types/retry@https://registry.npmjs.org/@types/retry/-/retry-0.12.0.tgz 0ms (cache hit)
406 http cache @types/resolve@https://registry.npmjs.org/@types/resolve/-/resolve-1.20.2.tgz 0ms (cache hit)
407 http cache @types/range-parser@https://registry.npmjs.org/@types/range-parser/-/range-parser-1.2.7.tgz 0ms (cache hit)
408 http cache @types/qs@https://registry.npmjs.org/@types/qs/-/qs-6.15.1.tgz 0ms (cache hit)
409 http cache @types/node@https://registry.npmjs.org/@types/node/-/node-22.19.19.tgz 0ms (cache hit)
410 http cache @types/mime@https://registry.npmjs.org/@types/mime/-/mime-1.3.5.tgz 0ms (cache hit)
411 http cache @types/http-errors@https://registry.npmjs.org/@types/http-errors/-/http-errors-2.0.5.tgz 0ms (cache hit)
412 http cache @types/express@https://registry.npmjs.org/@types/express/-/express-4.17.25.tgz 0ms (cache hit)
413 http cache @types/estree@https://registry.npmjs.org/@types/estree/-/estree-1.0.9.tgz 0ms (cache hit)
414 http cache @types/express-serve-static-core@https://registry.npmjs.org/@types/express-serve-static-core/-/express-serve-static-core-4.19.8.tgz 0ms (cache hit)
415 http cache @types/connect@https://registry.npmjs.org/@types/connect/-/connect-3.4.38.tgz 0ms (cache hit)
416 http cache @types/body-parser@https://registry.npmjs.org/@types/body-parser/-/body-parser-1.19.6.tgz 0ms (cache hit)
417 http cache @types/babel__traverse@https://registry.npmjs.org/@types/babel__traverse/-/babel__traverse-7.28.0.tgz 0ms (cache hit)
418 http cache @types/babel__template@https://registry.npmjs.org/@types/babel__template/-/babel__template-7.4.4.tgz 0ms (cache hit)
419 http cache @types/babel__generator@https://registry.npmjs.org/@types/babel__generator/-/babel__generator-7.27.0.tgz 0ms (cache hit)
420 http cache @types/babel__core@https://registry.npmjs.org/@types/babel__core/-/babel__core-7.20.5.tgz 0ms (cache hit)
421 http cache @tailwindcss/vite@https://registry.npmjs.org/@tailwindcss/vite/-/vite-4.3.0.tgz 0ms (cache hit)
422 http cache @tailwindcss/oxide-linux-x64-musl@https://registry.npmjs.org/@tailwindcss/oxide-linux-x64-musl/-/oxide-linux-x64-musl-4.3.0.tgz 0ms (cache hit)
423 http cache @tailwindcss/oxide-linux-x64-gnu@https://registry.npmjs.org/@tailwindcss/oxide-linux-x64-gnu/-/oxide-linux-x64-gnu-4.3.0.tgz 0ms (cache hit)
424 http cache @tailwindcss/oxide@https://registry.npmjs.org/@tailwindcss/oxide/-/oxide-4.3.0.tgz 0ms (cache hit)
425 http cache @tailwindcss/node@https://registry.npmjs.org/@tailwindcss/node/-/node-4.3.0.tgz 0ms (cache hit)
426 http cache @rollup/rollup-linux-x64-musl@https://registry.npmjs.org/@rollup/rollup-linux-x64-musl/-/rollup-linux-x64-musl-4.61.1.tgz 0ms (cache hit)
427 http cache @rollup/rollup-linux-x64-gnu@https://registry.npmjs.org/@rollup/rollup-linux-x64-gnu/-/rollup-linux-x64-gnu-4.61.1.tgz 0ms (cache hit)
428 http cache @rollup/pluginutils@https://registry.npmjs.org/@rollup/pluginutils/-/pluginutils-5.4.0.tgz 0ms (cache hit)
429 http cache @rollup/plugin-node-resolve@https://registry.npmjs.org/@rollup/plugin-node-resolve/-/plugin-node-resolve-16.0.3.tgz 0ms (cache hit)
430 http cache @rollup/plugin-commonjs@https://registry.npmjs.org/@rollup/plugin-commonjs/-/plugin-commonjs-29.0.3.tgz 0ms (cache hit)
431 http cache @rolldown/pluginutils@https://registry.npmjs.org/@rolldown/pluginutils/-/pluginutils-1.0.0-rc.3.tgz 0ms (cache hit)
432 http cache @protobufjs/utf8@https://registry.npmjs.org/@protobufjs/utf8/-/utf8-1.1.1.tgz 0ms (cache hit)
433 http cache @protobufjs/pool@https://registry.npmjs.org/@protobufjs/pool/-/pool-1.1.0.tgz 0ms (cache hit)
434 http cache @protobufjs/path@https://registry.npmjs.org/@protobufjs/path/-/path-1.1.2.tgz 0ms (cache hit)
435 http cache @protobufjs/inquire@https://registry.npmjs.org/@protobufjs/inquire/-/inquire-1.1.2.tgz 0ms (cache hit)
436 http cache @protobufjs/float@https://registry.npmjs.org/@protobufjs/float/-/float-1.0.2.tgz 0ms (cache hit)
437 http cache @protobufjs/fetch@https://registry.npmjs.org/@protobufjs/fetch/-/fetch-1.1.1.tgz 0ms (cache hit)
438 http cache @protobufjs/eventemitter@https://registry.npmjs.org/@protobufjs/eventemitter/-/eventemitter-1.1.1.tgz 0ms (cache hit)
439 http cache @protobufjs/codegen@https://registry.npmjs.org/@protobufjs/codegen/-/codegen-2.0.5.tgz 0ms (cache hit)
440 http cache @protobufjs/base64@https://registry.npmjs.org/@protobufjs/base64/-/base64-1.1.2.tgz 0ms (cache hit)
441 http cache @protobufjs/aspromise@https://registry.npmjs.org/@protobufjs/aspromise/-/aspromise-1.1.2.tgz 0ms (cache hit)
442 http cache @mattiasbuelens/web-streams-adapter@https://registry.npmjs.org/@mattiasbuelens/web-streams-adapter/-/web-streams-adapter-0.1.0.tgz 0ms (cache hit)
443 http cache @jridgewell/trace-mapping@https://registry.npmjs.org/@jridgewell/trace-mapping/-/trace-mapping-0.3.31.tgz 0ms (cache hit)
444 http cache @jridgewell/sourcemap-codec@https://registry.npmjs.org/@jridgewell/sourcemap-codec/-/sourcemap-codec-1.5.5.tgz 0ms (cache hit)
445 http cache @jridgewell/resolve-uri@https://registry.npmjs.org/@jridgewell/resolve-uri/-/resolve-uri-3.1.2.tgz 0ms (cache hit)
446 http cache @jridgewell/remapping@https://registry.npmjs.org/@jridgewell/remapping/-/remapping-2.3.5.tgz 0ms (cache hit)
447 http cache @jridgewell/gen-mapping@https://registry.npmjs.org/@jridgewell/gen-mapping/-/gen-mapping-0.3.13.tgz 0ms (cache hit)
448 http cache @google/genai@https://registry.npmjs.org/@google/genai/-/genai-2.8.0.tgz 0ms (cache hit)
449 http cache @esbuild/linux-x64@https://registry.npmjs.org/@esbuild/linux-x64/-/linux-x64-0.25.12.tgz 0ms (cache hit)
450 http cache @cloudbase/wx-cloud-client-sdk@https://registry.npmjs.org/@cloudbase/wx-cloud-client-sdk/-/wx-cloud-client-sdk-1.8.8.tgz 0ms (cache hit)
451 http cache @cloudbase/utilities@https://registry.npmjs.org/@cloudbase/utilities/-/utilities-3.3.13.tgz 0ms (cache hit)
452 http cache @cloudbase/types@https://registry.npmjs.org/@cloudbase/types/-/types-3.3.13.tgz 0ms (cache hit)
453 http cache @cloudbase/storage@https://registry.npmjs.org/@cloudbase/storage/-/storage-3.3.13.tgz 0ms (cache hit)
454 http cache @cloudbase/realtime@https://registry.npmjs.org/@cloudbase/realtime/-/realtime-3.3.13.tgz 0ms (cache hit)
455 http cache @cloudbase/oauth@https://registry.npmjs.org/@cloudbase/oauth/-/oauth-3.3.13.tgz 0ms (cache hit)
456 http cache @cloudbase/mysql@https://registry.npmjs.org/@cloudbase/mysql/-/mysql-3.3.13.tgz 0ms (cache hit)
457 http cache @cloudbase/model@https://registry.npmjs.org/@cloudbase/model/-/model-3.3.13.tgz 0ms (cache hit)
458 http cache @cloudbase/js-sdk@https://registry.npmjs.org/@cloudbase/js-sdk/-/js-sdk-3.3.13.tgz 0ms (cache hit)
459 http cache @cloudbase/functions@https://registry.npmjs.org/@cloudbase/functions/-/functions-3.3.13.tgz 0ms (cache hit)
460 http cache @cloudbase/database@https://registry.npmjs.org/@cloudbase/database/-/database-0.12.1.tgz 0ms (cache hit)
461 http cache @cloudbase/cloudrun@https://registry.npmjs.org/@cloudbase/cloudrun/-/cloudrun-3.3.13.tgz 0ms (cache hit)
462 http cache @cloudbase/auth@https://registry.npmjs.org/@cloudbase/auth/-/auth-3.3.13.tgz 0ms (cache hit)
463 http cache @cloudbase/app@https://registry.npmjs.org/@cloudbase/app/-/app-3.3.13.tgz 0ms (cache hit)
464 http cache @cloudbase/apis@https://registry.npmjs.org/@cloudbase/apis/-/apis-3.3.13.tgz 0ms (cache hit)
465 http cache @cloudbase/analytics@https://registry.npmjs.org/@cloudbase/analytics/-/analytics-3.3.13.tgz 0ms (cache hit)
466 http cache @cloudbase/ai@https://registry.npmjs.org/@cloudbase/ai/-/ai-3.3.13.tgz 0ms (cache hit)
467 http cache @cloudbase/adapter-wx_mp@https://registry.npmjs.org/@cloudbase/adapter-wx_mp/-/adapter-wx_mp-1.3.1.tgz 0ms (cache hit)
468 http cache @cloudbase/adapter-interface@https://registry.npmjs.org/@cloudbase/adapter-interface/-/adapter-interface-0.7.1.tgz 0ms (cache hit)
469 http cache @babel/types@https://registry.npmjs.org/@babel/types/-/types-7.29.7.tgz 0ms (cache hit)
470 http cache @babel/traverse@https://registry.npmjs.org/@babel/traverse/-/traverse-7.29.7.tgz 0ms (cache hit)
471 http cache @babel/template@https://registry.npmjs.org/@babel/template/-/template-7.29.7.tgz 0ms (cache hit)
472 http cache @babel/plugin-transform-react-jsx-source@https://registry.npmjs.org/@babel/plugin-transform-react-jsx-source/-/plugin-transform-react-jsx-source-7.29.7.tgz 0ms (cache hit)
473 http cache @babel/plugin-transform-react-jsx-self@https://registry.npmjs.org/@babel/plugin-transform-react-jsx-self/-/plugin-transform-react-jsx-self-7.29.7.tgz 0ms (cache hit)
474 http cache @babel/parser@https://registry.npmjs.org/@babel/parser/-/parser-7.29.7.tgz 0ms (cache hit)
475 http cache @babel/helpers@https://registry.npmjs.org/@babel/helpers/-/helpers-7.29.7.tgz 0ms (cache hit)
476 http cache @babel/helper-validator-option@https://registry.npmjs.org/@babel/helper-validator-option/-/helper-validator-option-7.29.7.tgz 0ms (cache hit)
477 http cache @babel/helper-validator-identifier@https://registry.npmjs.org/@babel/helper-validator-identifier/-/helper-validator-identifier-7.29.7.tgz 0ms (cache hit)
478 http cache @babel/helper-string-parser@https://registry.npmjs.org/@babel/helper-string-parser/-/helper-string-parser-7.29.7.tgz 0ms (cache hit)
479 http cache @babel/helper-plugin-utils@https://registry.npmjs.org/@babel/helper-plugin-utils/-/helper-plugin-utils-7.29.7.tgz 0ms (cache hit)
480 http cache @babel/helper-module-transforms@https://registry.npmjs.org/@babel/helper-module-transforms/-/helper-module-transforms-7.29.7.tgz 0ms (cache hit)
481 http cache @babel/helper-module-imports@https://registry.npmjs.org/@babel/helper-module-imports/-/helper-module-imports-7.29.7.tgz 0ms (cache hit)
482 http cache @babel/helper-globals@https://registry.npmjs.org/@babel/helper-globals/-/helper-globals-7.29.7.tgz 0ms (cache hit)
483 http cache @babel/helper-compilation-targets@https://registry.npmjs.org/@babel/helper-compilation-targets/-/helper-compilation-targets-7.29.7.tgz 0ms (cache hit)
484 http cache @babel/generator@https://registry.npmjs.org/@babel/generator/-/generator-7.29.7.tgz 0ms (cache hit)
485 http cache @babel/core@https://registry.npmjs.org/@babel/core/-/core-7.29.7.tgz 0ms (cache hit)
486 http cache @babel/compat-data@https://registry.npmjs.org/@babel/compat-data/-/compat-data-7.29.7.tgz 0ms (cache hit)
487 http cache @babel/code-frame@https://registry.npmjs.org/@babel/code-frame/-/code-frame-7.29.7.tgz 0ms (cache hit)
488 http cache esbuild@https://registry.npmjs.org/esbuild/-/esbuild-0.28.0.tgz 0ms (cache hit)
489 http cache @esbuild/linux-x64@https://registry.npmjs.org/@esbuild/linux-x64/-/linux-x64-0.28.0.tgz 0ms (cache hit)
490 http cache semver@https://registry.npmjs.org/semver/-/semver-7.8.1.tgz 0ms (cache hit)
491 http cache debug@https://registry.npmjs.org/debug/-/debug-2.6.9.tgz 0ms (cache hit)
492 http cache ms@https://registry.npmjs.org/ms/-/ms-2.0.0.tgz 0ms (cache hit)
493 http cache picomatch@https://registry.npmjs.org/picomatch/-/picomatch-2.3.2.tgz 0ms (cache hit)
494 http cache supports-color@https://registry.npmjs.org/supports-color/-/supports-color-5.5.0.tgz 0ms (cache hit)
495 http cache semver@https://registry.npmjs.org/semver/-/semver-7.8.1.tgz 0ms (cache hit)
496 http cache ms@https://registry.npmjs.org/ms/-/ms-2.0.0.tgz 0ms (cache hit)
497 http cache debug@https://registry.npmjs.org/debug/-/debug-2.6.9.tgz 0ms (cache hit)
498 http cache ms@https://registry.npmjs.org/ms/-/ms-2.0.0.tgz 0ms (cache hit)
499 http cache debug@https://registry.npmjs.org/debug/-/debug-2.6.9.tgz 0ms (cache hit)
500 http cache ms@https://registry.npmjs.org/ms/-/ms-2.0.0.tgz 0ms (cache hit)
501 http cache debug@https://registry.npmjs.org/debug/-/debug-2.6.9.tgz 0ms (cache hit)
502 http cache picomatch@https://registry.npmjs.org/picomatch/-/picomatch-2.3.2.tgz 0ms (cache hit)
503 http cache @types/send@https://registry.npmjs.org/@types/send/-/send-0.17.6.tgz 0ms (cache hit)
504 http cache @cloudbase/wx-cloud-client-sdk@https://registry.npmjs.org/@cloudbase/wx-cloud-client-sdk/-/wx-cloud-client-sdk-1.8.6-beta.1.tgz 0ms (cache hit)
505 http cache @cloudbase/utilities@https://registry.npmjs.org/@cloudbase/utilities/-/utilities-2.20.3.tgz 0ms (cache hit)
506 http cache @cloudbase/types@https://registry.npmjs.org/@cloudbase/types/-/types-2.20.3.tgz 0ms (cache hit)
507 http cache web-streams-polyfill@https://registry.npmjs.org/web-streams-polyfill/-/web-streams-polyfill-4.3.0.tgz 0ms (cache hit)
508 http cache web-streams-polyfill@https://registry.npmjs.org/web-streams-polyfill/-/web-streams-polyfill-4.3.0.tgz 0ms (cache hit)
509 warn deprecated node-domexception@1.0.0: Use your platform's native DOMException instead
510 http fetch POST 200 https://registry.npmjs.org/-/npm/v1/security/advisories/bulk 3075ms
511 silly audit report {}
512 info run @google/genai@2.8.0 preinstall node_modules/@google/genai echo 'preinstall: no-op'
513 info run @google/genai@2.8.0 preinstall { code: 0, signal: null }
514 info run core-js-pure@3.49.0 postinstall node_modules/core-js-pure node -e "try{require('./postinstall')}catch(e){}"
515 info run esbuild@0.25.12 postinstall node_modules/esbuild node install.js
516 info run core-js-pure@3.49.0 postinstall { code: 0, signal: null }
517 info run protobufjs@7.6.2 postinstall node_modules/protobufjs node scripts/postinstall
518 info run esbuild@0.25.12 postinstall { code: 0, signal: null }
519 info run esbuild@0.28.0 postinstall node_modules/tsx/node_modules/esbuild node install.js
520 info run protobufjs@7.6.2 postinstall { code: 0, signal: null }
521 info run esbuild@0.28.0 postinstall { code: 0, signal: null }
522 silly ADD node_modules/yargs-parser
523 silly ADD node_modules/yargs
524 silly ADD node_modules/yallist
525 silly ADD node_modules/y18n
526 silly ADD node_modules/ws
527 silly ADD node_modules/wrap-ansi
528 silly ADD node_modules/web-streams-polyfill
529 silly ADD node_modules/vite
530 silly ADD node_modules/vary
531 silly ADD node_modules/utils-merge
532 silly ADD node_modules/update-browserslist-db
533 silly ADD node_modules/unpipe
534 silly ADD node_modules/undici-types
535 silly ADD node_modules/undefsafe
536 silly ADD node_modules/typescript
537 silly ADD node_modules/type-is
538 silly ADD node_modules/tsx
539 silly ADD node_modules/tsx/node_modules/esbuild
540 silly ADD
541 silly ADD
542 silly ADD
543 silly ADD
544 silly ADD
545 silly ADD
546 silly ADD
547 silly ADD
548 silly ADD
549 silly ADD node_modules/tsx/node_modules/@esbuild/linux-x64
550 silly ADD
551 silly ADD
552 silly ADD
553 silly ADD
554 silly ADD
555 silly ADD
556 silly ADD
557 silly ADD
558 silly ADD
559 silly ADD
560 silly ADD
561 silly ADD
562 silly ADD
563 silly ADD
564 silly ADD
565 silly ADD
566 silly ADD node_modules/tslib
567 silly ADD node_modules/tree-kill
568 silly ADD node_modules/touch
569 silly ADD node_modules/toidentifier
570 silly ADD node_modules/to-regex-range
571 silly ADD node_modules/tinyglobby
572 silly ADD node_modules/text-encoding-shim
573 silly ADD node_modules/tapable
574 silly ADD node_modules/tailwindcss
575 silly ADD node_modules/supports-preserve-symlinks-flag
576 silly ADD node_modules/supports-color
577 silly ADD node_modules/strip-ansi
578 silly ADD node_modules/string-width
579 silly ADD node_modules/statuses
580 silly ADD node_modules/source-map-js
581 silly ADD node_modules/simple-update-notifier
582 silly ADD node_modules/simple-update-notifier/node_modules/semver
583 silly ADD node_modules/side-channel-weakmap
584 silly ADD node_modules/side-channel-map
585 silly ADD node_modules/side-channel-list
586 silly ADD node_modules/side-channel
587 silly ADD node_modules/shell-quote
588 silly ADD node_modules/setprototypeof
589 silly ADD node_modules/serve-static
590 silly ADD node_modules/send
591 silly ADD node_modules/send/node_modules/debug
592 silly ADD node_modules/send/node_modules/debug/node_modules/ms
593 silly ADD node_modules/semver
594 silly ADD node_modules/scheduler
595 silly ADD node_modules/safer-buffer
596 silly ADD node_modules/safe-buffer
597 silly ADD node_modules/rxjs
598 silly ADD node_modules/rollup
599 silly ADD node_modules/retry
600 silly ADD node_modules/resolve
601 silly ADD node_modules/readdirp
602 silly ADD node_modules/readdirp/node_modules/picomatch
603 silly ADD node_modules/react-refresh
604 silly ADD node_modules/react-dom
605 silly ADD node_modules/react
606 silly ADD node_modules/raw-body
607 silly ADD node_modules/range-parser
608 silly ADD node_modules/qs
609 silly ADD node_modules/pstree.remy
610 silly ADD node_modules/proxy-addr
611 silly ADD node_modules/protobufjs
612 silly ADD node_modules/postcss-value-parser
613 silly ADD node_modules/postcss
614 silly ADD node_modules/picomatch
615 silly ADD node_modules/picocolors
616 silly ADD node_modules/path-to-regexp
617 silly ADD node_modules/path-parse
618 silly ADD node_modules/parseurl
619 silly ADD node_modules/p-retry
620 silly ADD node_modules/on-finished
621 silly ADD node_modules/object-inspect
622 silly ADD node_modules/object-assign
623 silly ADD node_modules/normalize-path
624 silly ADD node_modules/nodemon
625 silly ADD node_modules/nodemon/node_modules/supports-color
626 silly ADD node_modules/nodemon/node_modules/semver
627 silly ADD node_modules/node-releases
628 silly ADD node_modules/node-fetch
629 silly ADD node_modules/node-domexception
630 silly ADD node_modules/negotiator
631 silly ADD node_modules/nanoid
632 silly ADD node_modules/ms
633 silly ADD node_modules/motion-utils
634 silly ADD node_modules/motion-dom
635 silly ADD node_modules/motion
636 silly ADD node_modules/minimatch
637 silly ADD node_modules/mime-types
638 silly ADD node_modules/mime-db
639 silly ADD node_modules/mime
640 silly ADD node_modules/methods
641 silly ADD node_modules/merge-descriptors
642 silly ADD node_modules/media-typer
643 silly ADD node_modules/math-intrinsics
644 silly ADD node_modules/magic-string
645 silly ADD node_modules/lucide-react
646 silly ADD node_modules/lru-cache
647 silly ADD node_modules/long
648 silly ADD node_modules/lodash
649 silly ADD
650 silly ADD
651 silly ADD node_modules/lightningcss-linux-x64-musl
652 silly ADD node_modules/lightningcss-linux-x64-gnu
653 silly ADD
654 silly ADD
655 silly ADD
656 silly ADD
657 silly ADD
658 silly ADD
659 silly ADD
660 silly ADD node_modules/lightningcss
661 silly ADD node_modules/jwt-decode
662 silly ADD node_modules/jws
663 silly ADD node_modules/jwa
664 silly ADD node_modules/json5
665 silly ADD node_modules/json-bigint
666 silly ADD node_modules/jsesc
667 silly ADD node_modules/js-tokens
668 silly ADD node_modules/jiti
669 silly ADD node_modules/is-reference
670 silly ADD node_modules/is-number
671 silly ADD node_modules/is-module
672 silly ADD node_modules/is-glob
673 silly ADD node_modules/is-extglob
674 silly ADD node_modules/is-core-module
675 silly ADD node_modules/is-binary-path
676 silly ADD node_modules/ipaddr.js
677 silly ADD node_modules/inherits
678 silly ADD node_modules/ignore-by-default
679 silly ADD node_modules/iconv-lite
680 silly ADD node_modules/https-proxy-agent
681 silly ADD node_modules/http-errors
682 silly ADD node_modules/hasown
683 silly ADD node_modules/has-symbols
684 silly ADD node_modules/has-flag
685 silly ADD node_modules/graceful-fs
686 silly ADD node_modules/gopd
687 silly ADD node_modules/google-logging-utils
688 silly ADD node_modules/google-auth-library
689 silly ADD node_modules/glob-parent
690 silly ADD node_modules/get-proto
691 silly ADD node_modules/get-intrinsic
692 silly ADD node_modules/get-east-asian-width
693 silly ADD node_modules/get-caller-file
694 silly ADD node_modules/gensync
695 silly ADD node_modules/gcp-metadata
696 silly ADD node_modules/gaxios
697 silly ADD node_modules/function-bind
698 silly ADD
699 silly ADD node_modules/fresh
700 silly ADD node_modules/framer-motion
701 silly ADD node_modules/fraction.js
702 silly ADD node_modules/forwarded
703 silly ADD node_modules/formdata-polyfill
704 silly ADD node_modules/finalhandler
705 silly ADD node_modules/finalhandler/node_modules/ms
706 silly ADD node_modules/finalhandler/node_modules/debug
707 silly ADD node_modules/fill-range
708 silly ADD node_modules/fetch-blob
709 silly ADD node_modules/fdir
710 silly ADD node_modules/extend
711 silly ADD node_modules/express
712 silly ADD node_modules/express/node_modules/ms
713 silly ADD node_modules/express/node_modules/debug
714 silly ADD node_modules/etag
715 silly ADD node_modules/estree-walker
716 silly ADD node_modules/escape-html
717 silly ADD node_modules/escalade
718 silly ADD node_modules/esbuild
719 silly ADD node_modules/es-object-atoms
720 silly ADD node_modules/es-errors
721 silly ADD node_modules/es-define-property
722 silly ADD node_modules/enhanced-resolve
723 silly ADD node_modules/encodeurl
724 silly ADD node_modules/emoji-regex
725 silly ADD node_modules/electron-to-chromium
726 silly ADD node_modules/ee-first
727 silly ADD node_modules/ecdsa-sig-formatter
728 silly ADD node_modules/dunder-proto
729 silly ADD node_modules/dotenv
730 silly ADD node_modules/detect-libc
731 silly ADD node_modules/destroy
732 silly ADD node_modules/depd
733 silly ADD node_modules/deepmerge
734 silly ADD node_modules/debug
735 silly ADD node_modules/data-uri-to-buffer
736 silly ADD node_modules/cors
737 silly ADD node_modules/core-js-pure
738 silly ADD node_modules/cookie-signature
739 silly ADD node_modules/cookie
740 silly ADD node_modules/convert-source-map
741 silly ADD node_modules/content-type
742 silly ADD node_modules/content-disposition
743 silly ADD node_modules/concurrently
744 silly ADD node_modules/commondir
745 silly ADD node_modules/cliui
746 silly ADD node_modules/chokidar
747 silly ADD node_modules/chalk
748 silly ADD node_modules/caniuse-lite
749 silly ADD node_modules/call-bound
750 silly ADD node_modules/call-bind-apply-helpers
751 silly ADD node_modules/bytes
752 silly ADD node_modules/buffer-equal-constant-time
753 silly ADD node_modules/bson
754 silly ADD node_modules/browserslist
755 silly ADD node_modules/braces
756 silly ADD node_modules/brace-expansion
757 silly ADD node_modules/body-parser
758 silly ADD node_modules/body-parser/node_modules/ms
759 silly ADD node_modules/body-parser/node_modules/debug
760 silly ADD node_modules/binary-extensions
761 silly ADD node_modules/bignumber.js
762 silly ADD node_modules/baseline-browser-mapping
763 silly ADD node_modules/base64-js
764 silly ADD node_modules/balanced-match
765 silly ADD node_modules/autoprefixer
766 silly ADD node_modules/array-flatten
767 silly ADD node_modules/anymatch
768 silly ADD node_modules/anymatch/node_modules/picomatch
769 silly ADD node_modules/ansi-styles
770 silly ADD node_modules/ansi-regex
771 silly ADD node_modules/agent-base
772 silly ADD node_modules/accepts
773 silly ADD node_modules/@vitejs/plugin-react
774 silly ADD node_modules/@types/serve-static
775 silly ADD node_modules/@types/serve-static/node_modules/@types/send
776 silly ADD node_modules/@types/send
777 silly ADD node_modules/@types/retry
778 silly ADD node_modules/@types/resolve
779 silly ADD node_modules/@types/range-parser
780 silly ADD node_modules/@types/qs
781 silly ADD node_modules/@types/node
782 silly ADD node_modules/@types/mime
783 silly ADD node_modules/@types/http-errors
784 silly ADD node_modules/@types/express-serve-static-core
785 silly ADD node_modules/@types/express
786 silly ADD node_modules/@types/estree
787 silly ADD node_modules/@types/connect
788 silly ADD node_modules/@types/body-parser
789 silly ADD node_modules/@types/babel__traverse
790 silly ADD node_modules/@types/babel__template
791 silly ADD node_modules/@types/babel__generator
792 silly ADD node_modules/@types/babel__core
793 silly ADD node_modules/@tailwindcss/vite
794 silly ADD
795 silly ADD
796 silly ADD
797 silly ADD node_modules/@tailwindcss/oxide-linux-x64-musl
798 silly ADD node_modules/@tailwindcss/oxide-linux-x64-gnu
799 silly ADD
800 silly ADD
801 silly ADD
802 silly ADD
803 silly ADD
804 silly ADD
805 silly ADD
806 silly ADD node_modules/@tailwindcss/oxide
807 silly ADD node_modules/@tailwindcss/node
808 silly ADD
809 silly ADD
810 silly ADD
811 silly ADD
812 silly ADD
813 silly ADD
814 silly ADD node_modules/@rollup/rollup-linux-x64-musl
815 silly ADD node_modules/@rollup/rollup-linux-x64-gnu
816 silly ADD
817 silly ADD
818 silly ADD
819 silly ADD
820 silly ADD
821 silly ADD
822 silly ADD
823 silly ADD
824 silly ADD
825 silly ADD
826 silly ADD
827 silly ADD
828 silly ADD
829 silly ADD
830 silly ADD
831 silly ADD
832 silly ADD
833 silly ADD node_modules/@rollup/pluginutils
834 silly ADD node_modules/@rollup/plugin-node-resolve
835 silly ADD node_modules/@rollup/plugin-commonjs
836 silly ADD node_modules/@rolldown/pluginutils
837 silly ADD node_modules/@protobufjs/utf8
838 silly ADD node_modules/@protobufjs/pool
839 silly ADD node_modules/@protobufjs/path
840 silly ADD node_modules/@protobufjs/inquire
841 silly ADD node_modules/@protobufjs/float
842 silly ADD node_modules/@protobufjs/fetch
843 silly ADD node_modules/@protobufjs/eventemitter
844 silly ADD node_modules/@protobufjs/codegen
845 silly ADD node_modules/@protobufjs/base64
846 silly ADD node_modules/@protobufjs/aspromise
847 silly ADD node_modules/@mattiasbuelens/web-streams-adapter
848 silly ADD node_modules/@jridgewell/trace-mapping
849 silly ADD node_modules/@jridgewell/sourcemap-codec
850 silly ADD node_modules/@jridgewell/resolve-uri
851 silly ADD node_modules/@jridgewell/remapping
852 silly ADD node_modules/@jridgewell/gen-mapping
853 silly ADD node_modules/@google/genai
854 silly ADD
855 silly ADD
856 silly ADD
857 silly ADD
858 silly ADD
859 silly ADD
860 silly ADD
861 silly ADD
862 silly ADD
863 silly ADD node_modules/@esbuild/linux-x64
864 silly ADD
865 silly ADD
866 silly ADD
867 silly ADD
868 silly ADD
869 silly ADD
870 silly ADD
871 silly ADD
872 silly ADD
873 silly ADD
874 silly ADD
875 silly ADD
876 silly ADD
877 silly ADD
878 silly ADD
879 silly ADD
880 silly ADD node_modules/@cloudbase/wx-cloud-client-sdk
881 silly ADD node_modules/@cloudbase/utilities
882 silly ADD node_modules/@cloudbase/types
883 silly ADD node_modules/@cloudbase/storage
884 silly ADD node_modules/@cloudbase/realtime
885 silly ADD node_modules/@cloudbase/oauth
886 silly ADD node_modules/@cloudbase/mysql
887 silly ADD node_modules/@cloudbase/mysql/node_modules/@cloudbase/wx-cloud-client-sdk
888 silly ADD node_modules/@cloudbase/mysql/node_modules/@cloudbase/utilities
889 silly ADD node_modules/@cloudbase/mysql/node_modules/@cloudbase/types
890 silly ADD node_modules/@cloudbase/model
891 silly ADD node_modules/@cloudbase/js-sdk
892 silly ADD node_modules/@cloudbase/functions
893 silly ADD node_modules/@cloudbase/database
894 silly ADD node_modules/@cloudbase/cloudrun
895 silly ADD node_modules/@cloudbase/auth
896 silly ADD node_modules/@cloudbase/app
897 silly ADD node_modules/@cloudbase/apis
898 silly ADD node_modules/@cloudbase/analytics
899 silly ADD node_modules/@cloudbase/ai
900 silly ADD node_modules/@cloudbase/ai/node_modules/web-streams-polyfill
901 silly ADD node_modules/@cloudbase/adapter-wx_mp
902 silly ADD node_modules/@cloudbase/adapter-wx_mp/node_modules/web-streams-polyfill
903 silly ADD node_modules/@cloudbase/adapter-interface
904 silly ADD node_modules/@babel/types
905 silly ADD node_modules/@babel/traverse
906 silly ADD node_modules/@babel/template
907 silly ADD node_modules/@babel/plugin-transform-react-jsx-source
908 silly ADD node_modules/@babel/plugin-transform-react-jsx-self
909 silly ADD node_modules/@babel/parser
910 silly ADD node_modules/@babel/helpers
911 silly ADD node_modules/@babel/helper-validator-option
912 silly ADD node_modules/@babel/helper-validator-identifier
913 silly ADD node_modules/@babel/helper-string-parser
914 silly ADD node_modules/@babel/helper-plugin-utils
915 silly ADD node_modules/@babel/helper-module-transforms
916 silly ADD node_modules/@babel/helper-module-imports
917 silly ADD node_modules/@babel/helper-globals
918 silly ADD node_modules/@babel/helper-compilation-targets
919 silly ADD node_modules/@babel/generator
920 silly ADD node_modules/@babel/core
921 silly ADD node_modules/@babel/compat-data
922 silly ADD node_modules/@babel/code-frame
923 verbose cwd /tmp/workspace/a97c8650-d5af-4e3f-90e8-f8d938ffc3ae
924 verbose os Linux 5.4.119-19-0009-03_2.0.1-00029-gee3a514c359c
925 verbose node v22.22.2
926 verbose npm  v10.9.7
927 verbose exit 0
928 info ok
