0 verbose cli /usr/local/bin/node /usr/local/bin/npm
1 info using npm@10.9.7
2 info using node@v22.22.2
3 silly config load:file:/usr/local/lib/node_modules/npm/npmrc
4 silly config load:file:/tmp/workspace/a97c8650-d5af-4e3f-90e8-f8d938ffc3ae/.npmrc
5 silly config load:file:/usr/local/etc/npmrc
6 verbose title npm install
7 verbose argv "install"
8 verbose logfile logs-max:10 dir:/tmp/workspace/a97c8650-d5af-4e3f-90e8-f8d938ffc3ae/.npm/_logs/2026-06-05T08_40_56_573Z-
9 verbose logfile /tmp/workspace/a97c8650-d5af-4e3f-90e8-f8d938ffc3ae/.npm/_logs/2026-06-05T08_40_56_573Z-debug-0.log
10 silly logfile start cleaning logs, removing 1 files
11 silly logfile done cleaning log files
12 silly packumentCache heap:1098907648 maxSize:274726912 maxEntrySize:137363456
13 silly idealTree buildDeps
14 silly reify moves {}
15 verbose reify failed optional dependency /tmp/workspace/a97c8650-d5af-4e3f-90e8-f8d938ffc3ae/node_modules/@tailwindcss/oxide-wasm32-wasi
16 silly reify mark deleted [
16 silly reify   '/tmp/workspace/a97c8650-d5af-4e3f-90e8-f8d938ffc3ae/node_modules/@tailwindcss/oxide-wasm32-wasi'
16 silly reify ]
17 silly audit bulk request {
17 silly audit   '@babel/code-frame': [ '7.29.7' ],
17 silly audit   '@babel/compat-data': [ '7.29.7' ],
17 silly audit   '@babel/core': [ '7.29.7' ],
17 silly audit   '@babel/generator': [ '7.29.7' ],
17 silly audit   '@babel/helper-compilation-targets': [ '7.29.7' ],
17 silly audit   '@babel/helper-globals': [ '7.29.7' ],
17 silly audit   '@babel/helper-module-imports': [ '7.29.7' ],
17 silly audit   '@babel/helper-module-transforms': [ '7.29.7' ],
17 silly audit   '@babel/helper-plugin-utils': [ '7.29.7' ],
17 silly audit   '@babel/helper-string-parser': [ '7.29.7' ],
17 silly audit   '@babel/helper-validator-identifier': [ '7.29.7' ],
17 silly audit   '@babel/helper-validator-option': [ '7.29.7' ],
17 silly audit   '@babel/helpers': [ '7.29.7' ],
17 silly audit   '@babel/parser': [ '7.29.7' ],
17 silly audit   '@babel/plugin-transform-react-jsx-self': [ '7.29.7' ],
17 silly audit   '@babel/plugin-transform-react-jsx-source': [ '7.29.7' ],
17 silly audit   '@babel/template': [ '7.29.7' ],
17 silly audit   '@babel/traverse': [ '7.29.7' ],
17 silly audit   '@babel/types': [ '7.29.7' ],
17 silly audit   '@cloudbase/adapter-interface': [ '0.7.1' ],
17 silly audit   '@cloudbase/adapter-wx_mp': [ '1.3.1' ],
17 silly audit   'web-streams-polyfill': [ '4.3.0', '3.3.3' ],
17 silly audit   '@cloudbase/ai': [ '3.3.13' ],
17 silly audit   '@cloudbase/analytics': [ '3.3.13' ],
17 silly audit   '@cloudbase/apis': [ '3.3.13' ],
17 silly audit   '@cloudbase/app': [ '3.3.13' ],
17 silly audit   '@cloudbase/auth': [ '3.3.13' ],
17 silly audit   '@cloudbase/cloudrun': [ '3.3.13' ],
17 silly audit   '@cloudbase/database': [ '0.12.1' ],
17 silly audit   '@cloudbase/functions': [ '3.3.13' ],
17 silly audit   '@cloudbase/js-sdk': [ '3.3.13' ],
17 silly audit   '@cloudbase/model': [ '3.3.13' ],
17 silly audit   '@cloudbase/mysql': [ '3.3.13' ],
17 silly audit   '@cloudbase/types': [ '2.20.3', '3.3.13' ],
17 silly audit   '@cloudbase/utilities': [ '2.20.3', '3.3.13' ],
17 silly audit   '@cloudbase/wx-cloud-client-sdk': [ '1.8.6-beta.1', '1.8.8' ],
17 silly audit   '@cloudbase/oauth': [ '3.3.13' ],
17 silly audit   '@cloudbase/realtime': [ '3.3.13' ],
17 silly audit   '@cloudbase/storage': [ '3.3.13' ],
17 silly audit   '@esbuild/aix-ppc64': [ '0.25.12', '0.28.0' ],
17 silly audit   '@esbuild/android-arm': [ '0.25.12', '0.28.0' ],
17 silly audit   '@esbuild/android-arm64': [ '0.25.12', '0.28.0' ],
17 silly audit   '@esbuild/android-x64': [ '0.25.12', '0.28.0' ],
17 silly audit   '@esbuild/darwin-arm64': [ '0.25.12', '0.28.0' ],
17 silly audit   '@esbuild/darwin-x64': [ '0.25.12', '0.28.0' ],
17 silly audit   '@esbuild/freebsd-arm64': [ '0.25.12', '0.28.0' ],
17 silly audit   '@esbuild/freebsd-x64': [ '0.25.12', '0.28.0' ],
17 silly audit   '@esbuild/linux-arm': [ '0.25.12', '0.28.0' ],
17 silly audit   '@esbuild/linux-arm64': [ '0.25.12', '0.28.0' ],
17 silly audit   '@esbuild/linux-ia32': [ '0.25.12', '0.28.0' ],
17 silly audit   '@esbuild/linux-loong64': [ '0.25.12', '0.28.0' ],
17 silly audit   '@esbuild/linux-mips64el': [ '0.25.12', '0.28.0' ],
17 silly audit   '@esbuild/linux-ppc64': [ '0.25.12', '0.28.0' ],
17 silly audit   '@esbuild/linux-riscv64': [ '0.25.12', '0.28.0' ],
17 silly audit   '@esbuild/linux-s390x': [ '0.25.12', '0.28.0' ],
17 silly audit   '@esbuild/linux-x64': [ '0.25.12', '0.28.0' ],
17 silly audit   '@esbuild/netbsd-arm64': [ '0.25.12', '0.28.0' ],
17 silly audit   '@esbuild/netbsd-x64': [ '0.25.12', '0.28.0' ],
17 silly audit   '@esbuild/openbsd-arm64': [ '0.25.12', '0.28.0' ],
17 silly audit   '@esbuild/openbsd-x64': [ '0.25.12', '0.28.0' ],
17 silly audit   '@esbuild/openharmony-arm64': [ '0.25.12', '0.28.0' ],
17 silly audit   '@esbuild/sunos-x64': [ '0.25.12', '0.28.0' ],
17 silly audit   '@esbuild/win32-arm64': [ '0.25.12', '0.28.0' ],
17 silly audit   '@esbuild/win32-ia32': [ '0.25.12', '0.28.0' ],
17 silly audit   '@esbuild/win32-x64': [ '0.25.12', '0.28.0' ],
17 silly audit   '@google/genai': [ '2.8.0' ],
17 silly audit   '@jridgewell/gen-mapping': [ '0.3.13' ],
17 silly audit   '@jridgewell/remapping': [ '2.3.5' ],
17 silly audit   '@jridgewell/resolve-uri': [ '3.1.2' ],
17 silly audit   '@jridgewell/sourcemap-codec': [ '1.5.5' ],
17 silly audit   '@jridgewell/trace-mapping': [ '0.3.31' ],
17 silly audit   '@mattiasbuelens/web-streams-adapter': [ '0.1.0' ],
17 silly audit   '@protobufjs/aspromise': [ '1.1.2' ],
17 silly audit   '@protobufjs/base64': [ '1.1.2' ],
17 silly audit   '@protobufjs/codegen': [ '2.0.5' ],
17 silly audit   '@protobufjs/eventemitter': [ '1.1.1' ],
17 silly audit   '@protobufjs/fetch': [ '1.1.1' ],
17 silly audit   '@protobufjs/float': [ '1.0.2' ],
17 silly audit   '@protobufjs/inquire': [ '1.1.2' ],
17 silly audit   '@protobufjs/path': [ '1.1.2' ],
17 silly audit   '@protobufjs/pool': [ '1.1.0' ],
17 silly audit   '@protobufjs/utf8': [ '1.1.1' ],
17 silly audit   '@rolldown/pluginutils': [ '1.0.0-rc.3' ],
17 silly audit   '@rollup/plugin-commonjs': [ '29.0.3' ],
17 silly audit   '@rollup/plugin-node-resolve': [ '16.0.3' ],
17 silly audit   '@rollup/pluginutils': [ '5.4.0' ],
17 silly audit   '@rollup/rollup-android-arm-eabi': [ '4.61.1' ],
17 silly audit   '@rollup/rollup-android-arm64': [ '4.61.1' ],
17 silly audit   '@rollup/rollup-darwin-arm64': [ '4.61.1' ],
17 silly audit   '@rollup/rollup-darwin-x64': [ '4.61.1' ],
17 silly audit   '@rollup/rollup-freebsd-arm64': [ '4.61.1' ],
17 silly audit   '@rollup/rollup-freebsd-x64': [ '4.61.1' ],
17 silly audit   '@rollup/rollup-linux-arm-gnueabihf': [ '4.61.1' ],
17 silly audit   '@rollup/rollup-linux-arm-musleabihf': [ '4.61.1' ],
17 silly audit   '@rollup/rollup-linux-arm64-gnu': [ '4.61.1' ],
17 silly audit   '@rollup/rollup-linux-arm64-musl': [ '4.61.1' ],
17 silly audit   '@rollup/rollup-linux-loong64-gnu': [ '4.61.1' ],
17 silly audit   '@rollup/rollup-linux-loong64-musl': [ '4.61.1' ],
17 silly audit   '@rollup/rollup-linux-ppc64-gnu': [ '4.61.1' ],
17 silly audit   '@rollup/rollup-linux-ppc64-musl': [ '4.61.1' ],
17 silly audit   '@rollup/rollup-linux-riscv64-gnu': [ '4.61.1' ],
17 silly audit   '@rollup/rollup-linux-riscv64-musl': [ '4.61.1' ],
17 silly audit   '@rollup/rollup-linux-s390x-gnu': [ '4.61.1' ],
17 silly audit   '@rollup/rollup-linux-x64-gnu': [ '4.61.1' ],
17 silly audit   '@rollup/rollup-linux-x64-musl': [ '4.61.1' ],
17 silly audit   '@rollup/rollup-openbsd-x64': [ '4.61.1' ],
17 silly audit   '@rollup/rollup-openharmony-arm64': [ '4.61.1' ],
17 silly audit   '@rollup/rollup-win32-arm64-msvc': [ '4.61.1' ],
17 silly audit   '@rollup/rollup-win32-ia32-msvc': [ '4.61.1' ],
17 silly audit   '@rollup/rollup-win32-x64-gnu': [ '4.61.1' ],
17 silly audit   '@rollup/rollup-win32-x64-msvc': [ '4.61.1' ],
17 silly audit   '@tailwindcss/node': [ '4.3.0' ],
17 silly audit   '@tailwindcss/oxide': [ '4.3.0' ],
17 silly audit   '@tailwindcss/oxide-android-arm64': [ '4.3.0' ],
17 silly audit   '@tailwindcss/oxide-darwin-arm64': [ '4.3.0' ],
17 silly audit   '@tailwindcss/oxide-darwin-x64': [ '4.3.0' ],
17 silly audit   '@tailwindcss/oxide-freebsd-x64': [ '4.3.0' ],
17 silly audit   '@tailwindcss/oxide-linux-arm-gnueabihf': [ '4.3.0' ],
17 silly audit   '@tailwindcss/oxide-linux-arm64-gnu': [ '4.3.0' ],
17 silly audit   '@tailwindcss/oxide-linux-arm64-musl': [ '4.3.0' ],
17 silly audit   '@tailwindcss/oxide-linux-x64-gnu': [ '4.3.0' ],
17 silly audit   '@tailwindcss/oxide-linux-x64-musl': [ '4.3.0' ],
17 silly audit   '@tailwindcss/oxide-win32-arm64-msvc': [ '4.3.0' ],
17 silly audit   '@tailwindcss/oxide-win32-x64-msvc': [ '4.3.0' ],
17 silly audit   '@tailwindcss/vite': [ '4.3.0' ],
17 silly audit   '@types/babel__core': [ '7.20.5' ],
17 silly audit   '@types/babel__generator': [ '7.27.0' ],
17 silly audit   '@types/babel__template': [ '7.4.4' ],
17 silly audit   '@types/babel__traverse': [ '7.28.0' ],
17 silly audit   '@types/body-parser': [ '1.19.6' ],
17 silly audit   '@types/connect': [ '3.4.38' ],
17 silly audit   '@types/estree': [ '1.0.9' ],
17 silly audit   '@types/express': [ '4.17.25' ],
17 silly audit   '@types/express-serve-static-core': [ '4.19.8' ],
17 silly audit   '@types/http-errors': [ '2.0.5' ],
17 silly audit   '@types/mime': [ '1.3.5' ],
17 silly audit   '@types/node': [ '22.19.19' ],
17 silly audit   '@types/qs': [ '6.15.1' ],
17 silly audit   '@types/range-parser': [ '1.2.7' ],
17 silly audit   '@types/resolve': [ '1.20.2' ],
17 silly audit   '@types/retry': [ '0.12.0' ],
17 silly audit   '@types/send': [ '1.2.1', '0.17.6' ],
17 silly audit   '@types/serve-static': [ '1.15.10' ],
17 silly audit   '@vitejs/plugin-react': [ '5.2.0' ],
17 silly audit   accepts: [ '1.3.8' ],
17 silly audit   'agent-base': [ '7.1.4' ],
17 silly audit   'ansi-regex': [ '6.2.2' ],
17 silly audit   'ansi-styles': [ '6.2.3' ],
17 silly audit   anymatch: [ '3.1.3' ],
17 silly audit   picomatch: [ '2.3.2', '4.0.4' ],
17 silly audit   'array-flatten': [ '1.1.1' ],
17 silly audit   autoprefixer: [ '10.5.0' ],
17 silly audit   'balanced-match': [ '4.0.4' ],
17 silly audit   'base64-js': [ '1.5.1' ],
17 silly audit   'baseline-browser-mapping': [ '2.10.33' ],
17 silly audit   'bignumber.js': [ '9.3.1' ],
17 silly audit   'binary-extensions': [ '2.3.0' ],
17 silly audit   'body-parser': [ '1.20.5' ],
17 silly audit   debug: [ '2.6.9', '4.4.3' ],
17 silly audit   ms: [ '2.0.0', '2.1.3' ],
17 silly audit   'brace-expansion': [ '5.0.6' ],
17 silly audit   braces: [ '3.0.3' ],
17 silly audit   browserslist: [ '4.28.2' ],
17 silly audit   bson: [ '7.2.0' ],
17 silly audit   'buffer-equal-constant-time': [ '1.0.1' ],
17 silly audit   bytes: [ '3.1.2' ],
17 silly audit   'call-bind-apply-helpers': [ '1.0.2' ],
17 silly audit   'call-bound': [ '1.0.4' ],
17 silly audit   'caniuse-lite': [ '1.0.30001793' ],
17 silly audit   chalk: [ '5.6.2' ],
17 silly audit   chokidar: [ '3.6.0' ],
17 silly audit   cliui: [ '9.0.1' ],
17 silly audit   commondir: [ '1.0.1' ],
17 silly audit   concurrently: [ '10.0.3' ],
17 silly audit   'content-disposition': [ '0.5.4' ],
17 silly audit   'content-type': [ '1.0.5' ],
17 silly audit   'convert-source-map': [ '2.0.0' ],
17 silly audit   cookie: [ '0.7.2' ],
17 silly audit   'cookie-signature': [ '1.0.7' ],
17 silly audit   'core-js-pure': [ '3.49.0' ],
17 silly audit   cors: [ '2.8.6' ],
17 silly audit   'data-uri-to-buffer': [ '4.0.1' ],
17 silly audit   deepmerge: [ '4.3.1' ],
17 silly audit   depd: [ '2.0.0' ],
17 silly audit   destroy: [ '1.2.0' ],
17 silly audit   'detect-libc': [ '2.1.2' ],
17 silly audit   dotenv: [ '17.4.2' ],
17 silly audit   'dunder-proto': [ '1.0.1' ],
17 silly audit   'ecdsa-sig-formatter': [ '1.0.11' ],
17 silly audit   'ee-first': [ '1.1.1' ],
17 silly audit   'electron-to-chromium': [ '1.5.367' ],
17 silly audit   'emoji-regex': [ '10.6.0' ],
17 silly audit   encodeurl: [ '2.0.0' ],
17 silly audit   'enhanced-resolve': [ '5.22.2' ],
17 silly audit   'es-define-property': [ '1.0.1' ],
17 silly audit   'es-errors': [ '1.3.0' ],
17 silly audit   'es-object-atoms': [ '1.1.2' ],
17 silly audit   esbuild: [ '0.25.12', '0.28.0' ],
17 silly audit   escalade: [ '3.2.0' ],
17 silly audit   'escape-html': [ '1.0.3' ],
17 silly audit   'estree-walker': [ '2.0.2' ],
17 silly audit   etag: [ '1.8.1' ],
17 silly audit   express: [ '4.22.2' ],
17 silly audit   extend: [ '3.0.2' ],
17 silly audit   fdir: [ '6.5.0' ],
17 silly audit   'fetch-blob': [ '3.2.0' ],
17 silly audit   'fill-range': [ '7.1.1' ],
17 silly audit   finalhandler: [ '1.3.2' ],
17 silly audit   'formdata-polyfill': [ '4.0.10' ],
17 silly audit   forwarded: [ '0.2.0' ],
17 silly audit   'fraction.js': [ '5.3.4' ],
17 silly audit   'framer-motion': [ '12.40.0' ],
17 silly audit   fresh: [ '0.5.2' ],
17 silly audit   fsevents: [ '2.3.3' ],
17 silly audit   'function-bind': [ '1.1.2' ],
17 silly audit   gaxios: [ '7.1.4' ],
17 silly audit   'gcp-metadata': [ '8.1.2' ],
17 silly audit   gensync: [ '1.0.0-beta.2' ],
17 silly audit   'get-caller-file': [ '2.0.5' ],
17 silly audit   'get-east-asian-width': [ '1.6.0' ],
17 silly audit   'get-intrinsic': [ '1.3.0' ],
17 silly audit   'get-proto': [ '1.0.1' ],
17 silly audit   'glob-parent': [ '5.1.2' ],
17 silly audit   'google-auth-library': [ '10.6.2' ],
17 silly audit   'google-logging-utils': [ '1.1.3' ],
17 silly audit   gopd: [ '1.2.0' ],
17 silly audit   'graceful-fs': [ '4.2.11' ],
17 silly audit   'has-flag': [ '3.0.0' ],
17 silly audit   'has-symbols': [ '1.1.0' ],
17 silly audit   hasown: [ '2.0.4' ],
17 silly audit   'http-errors': [ '2.0.1' ],
17 silly audit   'https-proxy-agent': [ '7.0.6' ],
17 silly audit   'iconv-lite': [ '0.4.24' ],
17 silly audit   'ignore-by-default': [ '1.0.1' ],
17 silly audit   inherits: [ '2.0.4' ],
17 silly audit   'ipaddr.js': [ '1.9.1' ],
17 silly audit   'is-binary-path': [ '2.1.0' ],
17 silly audit   'is-core-module': [ '2.16.2' ],
17 silly audit   'is-extglob': [ '2.1.1' ],
17 silly audit   'is-glob': [ '4.0.3' ],
17 silly audit   'is-module': [ '1.0.0' ],
17 silly audit   'is-number': [ '7.0.0' ],
17 silly audit   'is-reference': [ '1.2.1' ],
17 silly audit   jiti: [ '2.7.0' ],
17 silly audit   'js-tokens': [ '4.0.0' ],
17 silly audit   jsesc: [ '3.1.0' ],
17 silly audit   'json-bigint': [ '1.0.0' ],
17 silly audit   json5: [ '2.2.3' ],
17 silly audit   jwa: [ '2.0.1' ],
17 silly audit   jws: [ '4.0.1' ],
17 silly audit   'jwt-decode': [ '3.1.2' ],
17 silly audit   lightningcss: [ '1.32.0' ],
17 silly audit   'lightningcss-android-arm64': [ '1.32.0' ],
17 silly audit   'lightningcss-darwin-arm64': [ '1.32.0' ],
17 silly audit   'lightningcss-darwin-x64': [ '1.32.0' ],
17 silly audit   'lightningcss-freebsd-x64': [ '1.32.0' ],
17 silly audit   'lightningcss-linux-arm-gnueabihf': [ '1.32.0' ],
17 silly audit   'lightningcss-linux-arm64-gnu': [ '1.32.0' ],
17 silly audit   'lightningcss-linux-arm64-musl': [ '1.32.0' ],
17 silly audit   'lightningcss-linux-x64-gnu': [ '1.32.0' ],
17 silly audit   'lightningcss-linux-x64-musl': [ '1.32.0' ],
17 silly audit   'lightningcss-win32-arm64-msvc': [ '1.32.0' ],
17 silly audit   'lightningcss-win32-x64-msvc': [ '1.32.0' ],
17 silly audit   lodash: [ '4.18.1' ],
17 silly audit   long: [ '5.3.2' ],
17 silly audit   'lru-cache': [ '5.1.1' ],
17 silly audit   'lucide-react': [ '0.546.0' ],
17 silly audit   'magic-string': [ '0.30.21' ],
17 silly audit   'math-intrinsics': [ '1.1.0' ],
17 silly audit   'media-typer': [ '0.3.0' ],
17 silly audit   'merge-descriptors': [ '1.0.3' ],
17 silly audit   methods: [ '1.1.2' ],
17 silly audit   mime: [ '1.6.0' ],
17 silly audit   'mime-db': [ '1.52.0' ],
17 silly audit   'mime-types': [ '2.1.35' ],
17 silly audit   minimatch: [ '10.2.5' ],
17 silly audit   motion: [ '12.40.0' ],
17 silly audit   'motion-dom': [ '12.40.0' ],
17 silly audit   'motion-utils': [ '12.39.0' ],
17 silly audit   nanoid: [ '3.3.12' ],
17 silly audit   negotiator: [ '0.6.3' ],
17 silly audit   'node-domexception': [ '1.0.0' ],
17 silly audit   'node-fetch': [ '3.3.2' ],
17 silly audit   'node-releases': [ '2.0.47' ],
17 silly audit   nodemon: [ '3.1.14' ],
17 silly audit   semver: [ '7.8.1', '6.3.1' ],
17 silly audit   'supports-color': [ '5.5.0', '10.2.2' ],
17 silly audit   'normalize-path': [ '3.0.0' ],
17 silly audit   'object-assign': [ '4.1.1' ],
17 silly audit   'object-inspect': [ '1.13.4' ],
17 silly audit   'on-finished': [ '2.4.1' ],
17 silly audit   'p-retry': [ '4.6.2' ],
17 silly audit   parseurl: [ '1.3.3' ],
17 silly audit   'path-parse': [ '1.0.7' ],
17 silly audit   'path-to-regexp': [ '0.1.13' ],
17 silly audit   picocolors: [ '1.1.1' ],
17 silly audit   postcss: [ '8.5.15' ],
17 silly audit   'postcss-value-parser': [ '4.2.0' ],
17 silly audit   protobufjs: [ '7.6.2' ],
17 silly audit   'proxy-addr': [ '2.0.7' ],
17 silly audit   'pstree.remy': [ '1.1.8' ],
17 silly audit   qs: [ '6.15.2' ],
17 silly audit   'range-parser': [ '1.2.1' ],
17 silly audit   'raw-body': [ '2.5.3' ],
17 silly audit   react: [ '19.2.7' ],
17 silly audit   'react-dom': [ '19.2.7' ],
17 silly audit   'react-refresh': [ '0.18.0' ],
17 silly audit   readdirp: [ '3.6.0' ],
17 silly audit   resolve: [ '1.22.12' ],
17 silly audit   retry: [ '0.13.1' ],
17 silly audit   rollup: [ '4.61.1' ],
17 silly audit   rxjs: [ '7.8.2' ],
17 silly audit   'safe-buffer': [ '5.2.1' ],
17 silly audit   'safer-buffer': [ '2.1.2' ],
17 silly audit   scheduler: [ '0.27.0' ],
17 silly audit   send: [ '0.19.2' ],
17 silly audit   'serve-static': [ '1.16.3' ],
17 silly audit   setprototypeof: [ '1.2.0' ],
17 silly audit   'shell-quote': [ '1.8.4' ],
17 silly audit   'side-channel': [ '1.1.0' ],
17 silly audit   'side-channel-list': [ '1.0.1' ],
17 silly audit   'side-channel-map': [ '1.0.1' ],
17 silly audit   'side-channel-weakmap': [ '1.0.2' ],
17 silly audit   'simple-update-notifier': [ '2.0.0' ],
17 silly audit   'source-map-js': [ '1.2.1' ],
17 silly audit   statuses: [ '2.0.2' ],
17 silly audit   'string-width': [ '7.2.0' ],
17 silly audit   'strip-ansi': [ '7.2.0' ],
17 silly audit   'supports-preserve-symlinks-flag': [ '1.0.0' ],
17 silly audit   tailwindcss: [ '4.3.0' ],
17 silly audit   tapable: [ '2.3.3' ],
17 silly audit   'text-encoding-shim': [ '1.0.5' ],
17 silly audit   tinyglobby: [ '0.2.17' ],
17 silly audit   'to-regex-range': [ '5.0.1' ],
17 silly audit   toidentifier: [ '1.0.1' ],
17 silly audit   touch: [ '3.1.1' ],
17 silly audit   'tree-kill': [ '1.2.2' ],
17 silly audit   tslib: [ '2.8.1' ],
17 silly audit   tsx: [ '4.22.4' ],
17 silly audit   'type-is': [ '1.6.18' ],
17 silly audit   typescript: [ '5.8.3' ],
17 silly audit   undefsafe: [ '2.0.5' ],
17 silly audit   'undici-types': [ '6.21.0' ],
17 silly audit   unpipe: [ '1.0.0' ],
17 silly audit   'update-browserslist-db': [ '1.2.3' ],
17 silly audit   'utils-merge': [ '1.0.1' ],
17 silly audit   vary: [ '1.1.2' ],
17 silly audit   vite: [ '6.4.3' ],
17 silly audit   'wrap-ansi': [ '9.0.2' ],
17 silly audit   ws: [ '8.21.0' ],
17 silly audit   y18n: [ '5.0.8' ],
17 silly audit   yallist: [ '3.1.1' ],
17 silly audit   yargs: [ '18.0.0' ],
17 silly audit   'yargs-parser': [ '22.0.0' ],
17 silly audit   '@tailwindcss/oxide-wasm32-wasi': [ '4.3.0' ]
17 silly audit }
18 verbose reify failed optional dependency /tmp/workspace/a97c8650-d5af-4e3f-90e8-f8d938ffc3ae/node_modules/tsx/node_modules/@esbuild/win32-x64
19 silly reify mark deleted [
19 silly reify   '/tmp/workspace/a97c8650-d5af-4e3f-90e8-f8d938ffc3ae/node_modules/tsx/node_modules/@esbuild/win32-x64'
19 silly reify ]
20 verbose reify failed optional dependency /tmp/workspace/a97c8650-d5af-4e3f-90e8-f8d938ffc3ae/node_modules/tsx/node_modules/@esbuild/win32-ia32
21 silly reify mark deleted [
21 silly reify   '/tmp/workspace/a97c8650-d5af-4e3f-90e8-f8d938ffc3ae/node_modules/tsx/node_modules/@esbuild/win32-ia32'
21 silly reify ]
22 verbose reify failed optional dependency /tmp/workspace/a97c8650-d5af-4e3f-90e8-f8d938ffc3ae/node_modules/tsx/node_modules/@esbuild/win32-arm64
23 silly reify mark deleted [
23 silly reify   '/tmp/workspace/a97c8650-d5af-4e3f-90e8-f8d938ffc3ae/node_modules/tsx/node_modules/@esbuild/win32-arm64'
23 silly reify ]
24 verbose reify failed optional dependency /tmp/workspace/a97c8650-d5af-4e3f-90e8-f8d938ffc3ae/node_modules/tsx/node_modules/@esbuild/sunos-x64
25 silly reify mark deleted [
25 silly reify   '/tmp/workspace/a97c8650-d5af-4e3f-90e8-f8d938ffc3ae/node_modules/tsx/node_modules/@esbuild/sunos-x64'
25 silly reify ]
26 verbose reify failed optional dependency /tmp/workspace/a97c8650-d5af-4e3f-90e8-f8d938ffc3ae/node_modules/tsx/node_modules/@esbuild/openharmony-arm64
27 silly reify mark deleted [
27 silly reify   '/tmp/workspace/a97c8650-d5af-4e3f-90e8-f8d938ffc3ae/node_modules/tsx/node_modules/@esbuild/openharmony-arm64'
27 silly reify ]
28 verbose reify failed optional dependency /tmp/workspace/a97c8650-d5af-4e3f-90e8-f8d938ffc3ae/node_modules/tsx/node_modules/@esbuild/openbsd-x64
29 silly reify mark deleted [
29 silly reify   '/tmp/workspace/a97c8650-d5af-4e3f-90e8-f8d938ffc3ae/node_modules/tsx/node_modules/@esbuild/openbsd-x64'
29 silly reify ]
30 verbose reify failed optional dependency /tmp/workspace/a97c8650-d5af-4e3f-90e8-f8d938ffc3ae/node_modules/tsx/node_modules/@esbuild/openbsd-arm64
31 silly reify mark deleted [
31 silly reify   '/tmp/workspace/a97c8650-d5af-4e3f-90e8-f8d938ffc3ae/node_modules/tsx/node_modules/@esbuild/openbsd-arm64'
31 silly reify ]
32 verbose reify failed optional dependency /tmp/workspace/a97c8650-d5af-4e3f-90e8-f8d938ffc3ae/node_modules/tsx/node_modules/@esbuild/netbsd-x64
33 silly reify mark deleted [
33 silly reify   '/tmp/workspace/a97c8650-d5af-4e3f-90e8-f8d938ffc3ae/node_modules/tsx/node_modules/@esbuild/netbsd-x64'
33 silly reify ]
34 verbose reify failed optional dependency /tmp/workspace/a97c8650-d5af-4e3f-90e8-f8d938ffc3ae/node_modules/tsx/node_modules/@esbuild/netbsd-arm64
35 silly reify mark deleted [
35 silly reify   '/tmp/workspace/a97c8650-d5af-4e3f-90e8-f8d938ffc3ae/node_modules/tsx/node_modules/@esbuild/netbsd-arm64'
35 silly reify ]
36 verbose reify failed optional dependency /tmp/workspace/a97c8650-d5af-4e3f-90e8-f8d938ffc3ae/node_modules/tsx/node_modules/@esbuild/linux-s390x
37 silly reify mark deleted [
37 silly reify   '/tmp/workspace/a97c8650-d5af-4e3f-90e8-f8d938ffc3ae/node_modules/tsx/node_modules/@esbuild/linux-s390x'
37 silly reify ]
38 verbose reify failed optional dependency /tmp/workspace/a97c8650-d5af-4e3f-90e8-f8d938ffc3ae/node_modules/tsx/node_modules/@esbuild/linux-riscv64
39 silly reify mark deleted [
39 silly reify   '/tmp/workspace/a97c8650-d5af-4e3f-90e8-f8d938ffc3ae/node_modules/tsx/node_modules/@esbuild/linux-riscv64'
39 silly reify ]
40 verbose reify failed optional dependency /tmp/workspace/a97c8650-d5af-4e3f-90e8-f8d938ffc3ae/node_modules/tsx/node_modules/@esbuild/linux-ppc64
41 silly reify mark deleted [
41 silly reify   '/tmp/workspace/a97c8650-d5af-4e3f-90e8-f8d938ffc3ae/node_modules/tsx/node_modules/@esbuild/linux-ppc64'
41 silly reify ]
42 verbose reify failed optional dependency /tmp/workspace/a97c8650-d5af-4e3f-90e8-f8d938ffc3ae/node_modules/tsx/node_modules/@esbuild/linux-mips64el
43 silly reify mark deleted [
43 silly reify   '/tmp/workspace/a97c8650-d5af-4e3f-90e8-f8d938ffc3ae/node_modules/tsx/node_modules/@esbuild/linux-mips64el'
43 silly reify ]
44 verbose reify failed optional dependency /tmp/workspace/a97c8650-d5af-4e3f-90e8-f8d938ffc3ae/node_modules/tsx/node_modules/@esbuild/linux-loong64
45 silly reify mark deleted [
45 silly reify   '/tmp/workspace/a97c8650-d5af-4e3f-90e8-f8d938ffc3ae/node_modules/tsx/node_modules/@esbuild/linux-loong64'
45 silly reify ]
46 verbose reify failed optional dependency /tmp/workspace/a97c8650-d5af-4e3f-90e8-f8d938ffc3ae/node_modules/tsx/node_modules/@esbuild/linux-ia32
47 silly reify mark deleted [
47 silly reify   '/tmp/workspace/a97c8650-d5af-4e3f-90e8-f8d938ffc3ae/node_modules/tsx/node_modules/@esbuild/linux-ia32'
47 silly reify ]
48 verbose reify failed optional dependency /tmp/workspace/a97c8650-d5af-4e3f-90e8-f8d938ffc3ae/node_modules/tsx/node_modules/@esbuild/linux-arm64
49 silly reify mark deleted [
49 silly reify   '/tmp/workspace/a97c8650-d5af-4e3f-90e8-f8d938ffc3ae/node_modules/tsx/node_modules/@esbuild/linux-arm64'
49 silly reify ]
50 verbose reify failed optional dependency /tmp/workspace/a97c8650-d5af-4e3f-90e8-f8d938ffc3ae/node_modules/tsx/node_modules/@esbuild/linux-arm
51 silly reify mark deleted [
51 silly reify   '/tmp/workspace/a97c8650-d5af-4e3f-90e8-f8d938ffc3ae/node_modules/tsx/node_modules/@esbuild/linux-arm'
51 silly reify ]
52 verbose reify failed optional dependency /tmp/workspace/a97c8650-d5af-4e3f-90e8-f8d938ffc3ae/node_modules/tsx/node_modules/@esbuild/freebsd-x64
53 silly reify mark deleted [
53 silly reify   '/tmp/workspace/a97c8650-d5af-4e3f-90e8-f8d938ffc3ae/node_modules/tsx/node_modules/@esbuild/freebsd-x64'
53 silly reify ]
54 verbose reify failed optional dependency /tmp/workspace/a97c8650-d5af-4e3f-90e8-f8d938ffc3ae/node_modules/tsx/node_modules/@esbuild/freebsd-arm64
55 silly reify mark deleted [
55 silly reify   '/tmp/workspace/a97c8650-d5af-4e3f-90e8-f8d938ffc3ae/node_modules/tsx/node_modules/@esbuild/freebsd-arm64'
55 silly reify ]
56 verbose reify failed optional dependency /tmp/workspace/a97c8650-d5af-4e3f-90e8-f8d938ffc3ae/node_modules/tsx/node_modules/@esbuild/darwin-x64
57 silly reify mark deleted [
57 silly reify   '/tmp/workspace/a97c8650-d5af-4e3f-90e8-f8d938ffc3ae/node_modules/tsx/node_modules/@esbuild/darwin-x64'
57 silly reify ]
58 verbose reify failed optional dependency /tmp/workspace/a97c8650-d5af-4e3f-90e8-f8d938ffc3ae/node_modules/tsx/node_modules/@esbuild/darwin-arm64
59 silly reify mark deleted [
59 silly reify   '/tmp/workspace/a97c8650-d5af-4e3f-90e8-f8d938ffc3ae/node_modules/tsx/node_modules/@esbuild/darwin-arm64'
59 silly reify ]
60 verbose reify failed optional dependency /tmp/workspace/a97c8650-d5af-4e3f-90e8-f8d938ffc3ae/node_modules/tsx/node_modules/@esbuild/android-x64
61 silly reify mark deleted [
61 silly reify   '/tmp/workspace/a97c8650-d5af-4e3f-90e8-f8d938ffc3ae/node_modules/tsx/node_modules/@esbuild/android-x64'
61 silly reify ]
62 verbose reify failed optional dependency /tmp/workspace/a97c8650-d5af-4e3f-90e8-f8d938ffc3ae/node_modules/tsx/node_modules/@esbuild/android-arm64
63 silly reify mark deleted [
63 silly reify   '/tmp/workspace/a97c8650-d5af-4e3f-90e8-f8d938ffc3ae/node_modules/tsx/node_modules/@esbuild/android-arm64'
63 silly reify ]
64 verbose reify failed optional dependency /tmp/workspace/a97c8650-d5af-4e3f-90e8-f8d938ffc3ae/node_modules/tsx/node_modules/@esbuild/android-arm
65 silly reify mark deleted [
65 silly reify   '/tmp/workspace/a97c8650-d5af-4e3f-90e8-f8d938ffc3ae/node_modules/tsx/node_modules/@esbuild/android-arm'
65 silly reify ]
66 verbose reify failed optional dependency /tmp/workspace/a97c8650-d5af-4e3f-90e8-f8d938ffc3ae/node_modules/tsx/node_modules/@esbuild/aix-ppc64
67 silly reify mark deleted [
67 silly reify   '/tmp/workspace/a97c8650-d5af-4e3f-90e8-f8d938ffc3ae/node_modules/tsx/node_modules/@esbuild/aix-ppc64'
67 silly reify ]
68 verbose reify failed optional dependency /tmp/workspace/a97c8650-d5af-4e3f-90e8-f8d938ffc3ae/node_modules/lightningcss-win32-x64-msvc
69 silly reify mark deleted [
69 silly reify   '/tmp/workspace/a97c8650-d5af-4e3f-90e8-f8d938ffc3ae/node_modules/lightningcss-win32-x64-msvc'
69 silly reify ]
70 verbose reify failed optional dependency /tmp/workspace/a97c8650-d5af-4e3f-90e8-f8d938ffc3ae/node_modules/lightningcss-win32-arm64-msvc
71 silly reify mark deleted [
71 silly reify   '/tmp/workspace/a97c8650-d5af-4e3f-90e8-f8d938ffc3ae/node_modules/lightningcss-win32-arm64-msvc'
71 silly reify ]
72 verbose reify failed optional dependency /tmp/workspace/a97c8650-d5af-4e3f-90e8-f8d938ffc3ae/node_modules/lightningcss-linux-arm64-musl
73 silly reify mark deleted [
73 silly reify   '/tmp/workspace/a97c8650-d5af-4e3f-90e8-f8d938ffc3ae/node_modules/lightningcss-linux-arm64-musl'
73 silly reify ]
74 verbose reify failed optional dependency /tmp/workspace/a97c8650-d5af-4e3f-90e8-f8d938ffc3ae/node_modules/lightningcss-linux-arm64-gnu
75 silly reify mark deleted [
75 silly reify   '/tmp/workspace/a97c8650-d5af-4e3f-90e8-f8d938ffc3ae/node_modules/lightningcss-linux-arm64-gnu'
75 silly reify ]
76 verbose reify failed optional dependency /tmp/workspace/a97c8650-d5af-4e3f-90e8-f8d938ffc3ae/node_modules/lightningcss-linux-arm-gnueabihf
77 silly reify mark deleted [
77 silly reify   '/tmp/workspace/a97c8650-d5af-4e3f-90e8-f8d938ffc3ae/node_modules/lightningcss-linux-arm-gnueabihf'
77 silly reify ]
78 verbose reify failed optional dependency /tmp/workspace/a97c8650-d5af-4e3f-90e8-f8d938ffc3ae/node_modules/lightningcss-freebsd-x64
79 silly reify mark deleted [
79 silly reify   '/tmp/workspace/a97c8650-d5af-4e3f-90e8-f8d938ffc3ae/node_modules/lightningcss-freebsd-x64'
79 silly reify ]
80 verbose reify failed optional dependency /tmp/workspace/a97c8650-d5af-4e3f-90e8-f8d938ffc3ae/node_modules/lightningcss-darwin-x64
81 silly reify mark deleted [
81 silly reify   '/tmp/workspace/a97c8650-d5af-4e3f-90e8-f8d938ffc3ae/node_modules/lightningcss-darwin-x64'
81 silly reify ]
82 verbose reify failed optional dependency /tmp/workspace/a97c8650-d5af-4e3f-90e8-f8d938ffc3ae/node_modules/lightningcss-darwin-arm64
83 silly reify mark deleted [
83 silly reify   '/tmp/workspace/a97c8650-d5af-4e3f-90e8-f8d938ffc3ae/node_modules/lightningcss-darwin-arm64'
83 silly reify ]
84 verbose reify failed optional dependency /tmp/workspace/a97c8650-d5af-4e3f-90e8-f8d938ffc3ae/node_modules/lightningcss-android-arm64
85 silly reify mark deleted [
85 silly reify   '/tmp/workspace/a97c8650-d5af-4e3f-90e8-f8d938ffc3ae/node_modules/lightningcss-android-arm64'
85 silly reify ]
86 verbose reify failed optional dependency /tmp/workspace/a97c8650-d5af-4e3f-90e8-f8d938ffc3ae/node_modules/fsevents
87 silly reify mark deleted [
87 silly reify   '/tmp/workspace/a97c8650-d5af-4e3f-90e8-f8d938ffc3ae/node_modules/fsevents'
87 silly reify ]
88 verbose reify failed optional dependency /tmp/workspace/a97c8650-d5af-4e3f-90e8-f8d938ffc3ae/node_modules/@tailwindcss/oxide-win32-x64-msvc
89 silly reify mark deleted [
89 silly reify   '/tmp/workspace/a97c8650-d5af-4e3f-90e8-f8d938ffc3ae/node_modules/@tailwindcss/oxide-win32-x64-msvc'
89 silly reify ]
90 verbose reify failed optional dependency /tmp/workspace/a97c8650-d5af-4e3f-90e8-f8d938ffc3ae/node_modules/@tailwindcss/oxide-win32-arm64-msvc
91 silly reify mark deleted [
91 silly reify   '/tmp/workspace/a97c8650-d5af-4e3f-90e8-f8d938ffc3ae/node_modules/@tailwindcss/oxide-win32-arm64-msvc'
91 silly reify ]
92 verbose reify failed optional dependency /tmp/workspace/a97c8650-d5af-4e3f-90e8-f8d938ffc3ae/node_modules/@tailwindcss/oxide-linux-arm64-musl
93 silly reify mark deleted [
93 silly reify   '/tmp/workspace/a97c8650-d5af-4e3f-90e8-f8d938ffc3ae/node_modules/@tailwindcss/oxide-linux-arm64-musl'
93 silly reify ]
94 verbose reify failed optional dependency /tmp/workspace/a97c8650-d5af-4e3f-90e8-f8d938ffc3ae/node_modules/@tailwindcss/oxide-linux-arm64-gnu
95 silly reify mark deleted [
95 silly reify   '/tmp/workspace/a97c8650-d5af-4e3f-90e8-f8d938ffc3ae/node_modules/@tailwindcss/oxide-linux-arm64-gnu'
95 silly reify ]
96 verbose reify failed optional dependency /tmp/workspace/a97c8650-d5af-4e3f-90e8-f8d938ffc3ae/node_modules/@tailwindcss/oxide-linux-arm-gnueabihf
97 silly reify mark deleted [
97 silly reify   '/tmp/workspace/a97c8650-d5af-4e3f-90e8-f8d938ffc3ae/node_modules/@tailwindcss/oxide-linux-arm-gnueabihf'
97 silly reify ]
98 verbose reify failed optional dependency /tmp/workspace/a97c8650-d5af-4e3f-90e8-f8d938ffc3ae/node_modules/@tailwindcss/oxide-freebsd-x64
99 silly reify mark deleted [
99 silly reify   '/tmp/workspace/a97c8650-d5af-4e3f-90e8-f8d938ffc3ae/node_modules/@tailwindcss/oxide-freebsd-x64'
99 silly reify ]
100 verbose reify failed optional dependency /tmp/workspace/a97c8650-d5af-4e3f-90e8-f8d938ffc3ae/node_modules/@tailwindcss/oxide-darwin-x64
101 silly reify mark deleted [
101 silly reify   '/tmp/workspace/a97c8650-d5af-4e3f-90e8-f8d938ffc3ae/node_modules/@tailwindcss/oxide-darwin-x64'
101 silly reify ]
102 verbose reify failed optional dependency /tmp/workspace/a97c8650-d5af-4e3f-90e8-f8d938ffc3ae/node_modules/@tailwindcss/oxide-darwin-arm64
103 silly reify mark deleted [
103 silly reify   '/tmp/workspace/a97c8650-d5af-4e3f-90e8-f8d938ffc3ae/node_modules/@tailwindcss/oxide-darwin-arm64'
103 silly reify ]
104 verbose reify failed optional dependency /tmp/workspace/a97c8650-d5af-4e3f-90e8-f8d938ffc3ae/node_modules/@tailwindcss/oxide-android-arm64
105 silly reify mark deleted [
105 silly reify   '/tmp/workspace/a97c8650-d5af-4e3f-90e8-f8d938ffc3ae/node_modules/@tailwindcss/oxide-android-arm64'
105 silly reify ]
106 verbose reify failed optional dependency /tmp/workspace/a97c8650-d5af-4e3f-90e8-f8d938ffc3ae/node_modules/@rollup/rollup-win32-x64-msvc
107 silly reify mark deleted [
107 silly reify   '/tmp/workspace/a97c8650-d5af-4e3f-90e8-f8d938ffc3ae/node_modules/@rollup/rollup-win32-x64-msvc'
107 silly reify ]
108 verbose reify failed optional dependency /tmp/workspace/a97c8650-d5af-4e3f-90e8-f8d938ffc3ae/node_modules/@rollup/rollup-win32-x64-gnu
109 silly reify mark deleted [
109 silly reify   '/tmp/workspace/a97c8650-d5af-4e3f-90e8-f8d938ffc3ae/node_modules/@rollup/rollup-win32-x64-gnu'
109 silly reify ]
110 verbose reify failed optional dependency /tmp/workspace/a97c8650-d5af-4e3f-90e8-f8d938ffc3ae/node_modules/@rollup/rollup-win32-ia32-msvc
111 silly reify mark deleted [
111 silly reify   '/tmp/workspace/a97c8650-d5af-4e3f-90e8-f8d938ffc3ae/node_modules/@rollup/rollup-win32-ia32-msvc'
111 silly reify ]
112 verbose reify failed optional dependency /tmp/workspace/a97c8650-d5af-4e3f-90e8-f8d938ffc3ae/node_modules/@rollup/rollup-win32-arm64-msvc
113 silly reify mark deleted [
113 silly reify   '/tmp/workspace/a97c8650-d5af-4e3f-90e8-f8d938ffc3ae/node_modules/@rollup/rollup-win32-arm64-msvc'
113 silly reify ]
114 verbose reify failed optional dependency /tmp/workspace/a97c8650-d5af-4e3f-90e8-f8d938ffc3ae/node_modules/@rollup/rollup-openharmony-arm64
115 silly reify mark deleted [
115 silly reify   '/tmp/workspace/a97c8650-d5af-4e3f-90e8-f8d938ffc3ae/node_modules/@rollup/rollup-openharmony-arm64'
115 silly reify ]
116 verbose reify failed optional dependency /tmp/workspace/a97c8650-d5af-4e3f-90e8-f8d938ffc3ae/node_modules/@rollup/rollup-openbsd-x64
117 silly reify mark deleted [
117 silly reify   '/tmp/workspace/a97c8650-d5af-4e3f-90e8-f8d938ffc3ae/node_modules/@rollup/rollup-openbsd-x64'
117 silly reify ]
118 verbose reify failed optional dependency /tmp/workspace/a97c8650-d5af-4e3f-90e8-f8d938ffc3ae/node_modules/@rollup/rollup-linux-s390x-gnu
119 silly reify mark deleted [
119 silly reify   '/tmp/workspace/a97c8650-d5af-4e3f-90e8-f8d938ffc3ae/node_modules/@rollup/rollup-linux-s390x-gnu'
119 silly reify ]
120 verbose reify failed optional dependency /tmp/workspace/a97c8650-d5af-4e3f-90e8-f8d938ffc3ae/node_modules/@rollup/rollup-linux-riscv64-musl
121 silly reify mark deleted [
121 silly reify   '/tmp/workspace/a97c8650-d5af-4e3f-90e8-f8d938ffc3ae/node_modules/@rollup/rollup-linux-riscv64-musl'
121 silly reify ]
122 verbose reify failed optional dependency /tmp/workspace/a97c8650-d5af-4e3f-90e8-f8d938ffc3ae/node_modules/@rollup/rollup-linux-riscv64-gnu
123 silly reify mark deleted [
123 silly reify   '/tmp/workspace/a97c8650-d5af-4e3f-90e8-f8d938ffc3ae/node_modules/@rollup/rollup-linux-riscv64-gnu'
123 silly reify ]
124 verbose reify failed optional dependency /tmp/workspace/a97c8650-d5af-4e3f-90e8-f8d938ffc3ae/node_modules/@rollup/rollup-linux-ppc64-musl
125 silly reify mark deleted [
125 silly reify   '/tmp/workspace/a97c8650-d5af-4e3f-90e8-f8d938ffc3ae/node_modules/@rollup/rollup-linux-ppc64-musl'
125 silly reify ]
126 verbose reify failed optional dependency /tmp/workspace/a97c8650-d5af-4e3f-90e8-f8d938ffc3ae/node_modules/@rollup/rollup-linux-ppc64-gnu
127 silly reify mark deleted [
127 silly reify   '/tmp/workspace/a97c8650-d5af-4e3f-90e8-f8d938ffc3ae/node_modules/@rollup/rollup-linux-ppc64-gnu'
127 silly reify ]
128 verbose reify failed optional dependency /tmp/workspace/a97c8650-d5af-4e3f-90e8-f8d938ffc3ae/node_modules/@rollup/rollup-linux-loong64-musl
129 silly reify mark deleted [
129 silly reify   '/tmp/workspace/a97c8650-d5af-4e3f-90e8-f8d938ffc3ae/node_modules/@rollup/rollup-linux-loong64-musl'
129 silly reify ]
130 verbose reify failed optional dependency /tmp/workspace/a97c8650-d5af-4e3f-90e8-f8d938ffc3ae/node_modules/@rollup/rollup-linux-loong64-gnu
131 silly reify mark deleted [
131 silly reify   '/tmp/workspace/a97c8650-d5af-4e3f-90e8-f8d938ffc3ae/node_modules/@rollup/rollup-linux-loong64-gnu'
131 silly reify ]
132 verbose reify failed optional dependency /tmp/workspace/a97c8650-d5af-4e3f-90e8-f8d938ffc3ae/node_modules/@rollup/rollup-linux-arm64-musl
133 silly reify mark deleted [
133 silly reify   '/tmp/workspace/a97c8650-d5af-4e3f-90e8-f8d938ffc3ae/node_modules/@rollup/rollup-linux-arm64-musl'
133 silly reify ]
134 verbose reify failed optional dependency /tmp/workspace/a97c8650-d5af-4e3f-90e8-f8d938ffc3ae/node_modules/@rollup/rollup-linux-arm64-gnu
135 silly reify mark deleted [
135 silly reify   '/tmp/workspace/a97c8650-d5af-4e3f-90e8-f8d938ffc3ae/node_modules/@rollup/rollup-linux-arm64-gnu'
135 silly reify ]
136 verbose reify failed optional dependency /tmp/workspace/a97c8650-d5af-4e3f-90e8-f8d938ffc3ae/node_modules/@rollup/rollup-linux-arm-musleabihf
137 silly reify mark deleted [
137 silly reify   '/tmp/workspace/a97c8650-d5af-4e3f-90e8-f8d938ffc3ae/node_modules/@rollup/rollup-linux-arm-musleabihf'
137 silly reify ]
138 verbose reify failed optional dependency /tmp/workspace/a97c8650-d5af-4e3f-90e8-f8d938ffc3ae/node_modules/@rollup/rollup-linux-arm-gnueabihf
139 silly reify mark deleted [
139 silly reify   '/tmp/workspace/a97c8650-d5af-4e3f-90e8-f8d938ffc3ae/node_modules/@rollup/rollup-linux-arm-gnueabihf'
139 silly reify ]
140 verbose reify failed optional dependency /tmp/workspace/a97c8650-d5af-4e3f-90e8-f8d938ffc3ae/node_modules/@rollup/rollup-freebsd-x64
141 silly reify mark deleted [
141 silly reify   '/tmp/workspace/a97c8650-d5af-4e3f-90e8-f8d938ffc3ae/node_modules/@rollup/rollup-freebsd-x64'
141 silly reify ]
142 verbose reify failed optional dependency /tmp/workspace/a97c8650-d5af-4e3f-90e8-f8d938ffc3ae/node_modules/@rollup/rollup-freebsd-arm64
143 silly reify mark deleted [
143 silly reify   '/tmp/workspace/a97c8650-d5af-4e3f-90e8-f8d938ffc3ae/node_modules/@rollup/rollup-freebsd-arm64'
143 silly reify ]
144 verbose reify failed optional dependency /tmp/workspace/a97c8650-d5af-4e3f-90e8-f8d938ffc3ae/node_modules/@rollup/rollup-darwin-x64
145 silly reify mark deleted [
145 silly reify   '/tmp/workspace/a97c8650-d5af-4e3f-90e8-f8d938ffc3ae/node_modules/@rollup/rollup-darwin-x64'
145 silly reify ]
146 verbose reify failed optional dependency /tmp/workspace/a97c8650-d5af-4e3f-90e8-f8d938ffc3ae/node_modules/@rollup/rollup-darwin-arm64
147 silly reify mark deleted [
147 silly reify   '/tmp/workspace/a97c8650-d5af-4e3f-90e8-f8d938ffc3ae/node_modules/@rollup/rollup-darwin-arm64'
147 silly reify ]
148 verbose reify failed optional dependency /tmp/workspace/a97c8650-d5af-4e3f-90e8-f8d938ffc3ae/node_modules/@rollup/rollup-android-arm64
149 silly reify mark deleted [
149 silly reify   '/tmp/workspace/a97c8650-d5af-4e3f-90e8-f8d938ffc3ae/node_modules/@rollup/rollup-android-arm64'
149 silly reify ]
150 verbose reify failed optional dependency /tmp/workspace/a97c8650-d5af-4e3f-90e8-f8d938ffc3ae/node_modules/@rollup/rollup-android-arm-eabi
151 silly reify mark deleted [
151 silly reify   '/tmp/workspace/a97c8650-d5af-4e3f-90e8-f8d938ffc3ae/node_modules/@rollup/rollup-android-arm-eabi'
151 silly reify ]
152 verbose reify failed optional dependency /tmp/workspace/a97c8650-d5af-4e3f-90e8-f8d938ffc3ae/node_modules/@esbuild/win32-x64
153 silly reify mark deleted [
153 silly reify   '/tmp/workspace/a97c8650-d5af-4e3f-90e8-f8d938ffc3ae/node_modules/@esbuild/win32-x64'
153 silly reify ]
154 verbose reify failed optional dependency /tmp/workspace/a97c8650-d5af-4e3f-90e8-f8d938ffc3ae/node_modules/@esbuild/win32-ia32
155 silly reify mark deleted [
155 silly reify   '/tmp/workspace/a97c8650-d5af-4e3f-90e8-f8d938ffc3ae/node_modules/@esbuild/win32-ia32'
155 silly reify ]
156 verbose reify failed optional dependency /tmp/workspace/a97c8650-d5af-4e3f-90e8-f8d938ffc3ae/node_modules/@esbuild/win32-arm64
157 silly reify mark deleted [
157 silly reify   '/tmp/workspace/a97c8650-d5af-4e3f-90e8-f8d938ffc3ae/node_modules/@esbuild/win32-arm64'
157 silly reify ]
158 verbose reify failed optional dependency /tmp/workspace/a97c8650-d5af-4e3f-90e8-f8d938ffc3ae/node_modules/@esbuild/sunos-x64
159 silly reify mark deleted [
159 silly reify   '/tmp/workspace/a97c8650-d5af-4e3f-90e8-f8d938ffc3ae/node_modules/@esbuild/sunos-x64'
159 silly reify ]
160 verbose reify failed optional dependency /tmp/workspace/a97c8650-d5af-4e3f-90e8-f8d938ffc3ae/node_modules/@esbuild/openharmony-arm64
161 silly reify mark deleted [
161 silly reify   '/tmp/workspace/a97c8650-d5af-4e3f-90e8-f8d938ffc3ae/node_modules/@esbuild/openharmony-arm64'
161 silly reify ]
162 verbose reify failed optional dependency /tmp/workspace/a97c8650-d5af-4e3f-90e8-f8d938ffc3ae/node_modules/@esbuild/openbsd-x64
163 silly reify mark deleted [
163 silly reify   '/tmp/workspace/a97c8650-d5af-4e3f-90e8-f8d938ffc3ae/node_modules/@esbuild/openbsd-x64'
163 silly reify ]
164 verbose reify failed optional dependency /tmp/workspace/a97c8650-d5af-4e3f-90e8-f8d938ffc3ae/node_modules/@esbuild/openbsd-arm64
165 silly reify mark deleted [
165 silly reify   '/tmp/workspace/a97c8650-d5af-4e3f-90e8-f8d938ffc3ae/node_modules/@esbuild/openbsd-arm64'
165 silly reify ]
166 verbose reify failed optional dependency /tmp/workspace/a97c8650-d5af-4e3f-90e8-f8d938ffc3ae/node_modules/@esbuild/netbsd-x64
167 silly reify mark deleted [
167 silly reify   '/tmp/workspace/a97c8650-d5af-4e3f-90e8-f8d938ffc3ae/node_modules/@esbuild/netbsd-x64'
167 silly reify ]
168 verbose reify failed optional dependency /tmp/workspace/a97c8650-d5af-4e3f-90e8-f8d938ffc3ae/node_modules/@esbuild/netbsd-arm64
169 silly reify mark deleted [
169 silly reify   '/tmp/workspace/a97c8650-d5af-4e3f-90e8-f8d938ffc3ae/node_modules/@esbuild/netbsd-arm64'
169 silly reify ]
170 verbose reify failed optional dependency /tmp/workspace/a97c8650-d5af-4e3f-90e8-f8d938ffc3ae/node_modules/@esbuild/linux-s390x
171 silly reify mark deleted [
171 silly reify   '/tmp/workspace/a97c8650-d5af-4e3f-90e8-f8d938ffc3ae/node_modules/@esbuild/linux-s390x'
171 silly reify ]
172 verbose reify failed optional dependency /tmp/workspace/a97c8650-d5af-4e3f-90e8-f8d938ffc3ae/node_modules/@esbuild/linux-riscv64
173 silly reify mark deleted [
173 silly reify   '/tmp/workspace/a97c8650-d5af-4e3f-90e8-f8d938ffc3ae/node_modules/@esbuild/linux-riscv64'
173 silly reify ]
174 verbose reify failed optional dependency /tmp/workspace/a97c8650-d5af-4e3f-90e8-f8d938ffc3ae/node_modules/@esbuild/linux-ppc64
175 silly reify mark deleted [
175 silly reify   '/tmp/workspace/a97c8650-d5af-4e3f-90e8-f8d938ffc3ae/node_modules/@esbuild/linux-ppc64'
175 silly reify ]
176 verbose reify failed optional dependency /tmp/workspace/a97c8650-d5af-4e3f-90e8-f8d938ffc3ae/node_modules/@esbuild/linux-mips64el
177 silly reify mark deleted [
177 silly reify   '/tmp/workspace/a97c8650-d5af-4e3f-90e8-f8d938ffc3ae/node_modules/@esbuild/linux-mips64el'
177 silly reify ]
178 verbose reify failed optional dependency /tmp/workspace/a97c8650-d5af-4e3f-90e8-f8d938ffc3ae/node_modules/@esbuild/linux-loong64
179 silly reify mark deleted [
179 silly reify   '/tmp/workspace/a97c8650-d5af-4e3f-90e8-f8d938ffc3ae/node_modules/@esbuild/linux-loong64'
179 silly reify ]
180 verbose reify failed optional dependency /tmp/workspace/a97c8650-d5af-4e3f-90e8-f8d938ffc3ae/node_modules/@esbuild/linux-ia32
181 silly reify mark deleted [
181 silly reify   '/tmp/workspace/a97c8650-d5af-4e3f-90e8-f8d938ffc3ae/node_modules/@esbuild/linux-ia32'
181 silly reify ]
182 verbose reify failed optional dependency /tmp/workspace/a97c8650-d5af-4e3f-90e8-f8d938ffc3ae/node_modules/@esbuild/linux-arm64
183 silly reify mark deleted [
183 silly reify   '/tmp/workspace/a97c8650-d5af-4e3f-90e8-f8d938ffc3ae/node_modules/@esbuild/linux-arm64'
183 silly reify ]
184 verbose reify failed optional dependency /tmp/workspace/a97c8650-d5af-4e3f-90e8-f8d938ffc3ae/node_modules/@esbuild/linux-arm
185 silly reify mark deleted [
185 silly reify   '/tmp/workspace/a97c8650-d5af-4e3f-90e8-f8d938ffc3ae/node_modules/@esbuild/linux-arm'
185 silly reify ]
186 verbose reify failed optional dependency /tmp/workspace/a97c8650-d5af-4e3f-90e8-f8d938ffc3ae/node_modules/@esbuild/freebsd-x64
187 silly reify mark deleted [
187 silly reify   '/tmp/workspace/a97c8650-d5af-4e3f-90e8-f8d938ffc3ae/node_modules/@esbuild/freebsd-x64'
187 silly reify ]
188 verbose reify failed optional dependency /tmp/workspace/a97c8650-d5af-4e3f-90e8-f8d938ffc3ae/node_modules/@esbuild/freebsd-arm64
189 silly reify mark deleted [
189 silly reify   '/tmp/workspace/a97c8650-d5af-4e3f-90e8-f8d938ffc3ae/node_modules/@esbuild/freebsd-arm64'
189 silly reify ]
190 verbose reify failed optional dependency /tmp/workspace/a97c8650-d5af-4e3f-90e8-f8d938ffc3ae/node_modules/@esbuild/darwin-x64
191 silly reify mark deleted [
191 silly reify   '/tmp/workspace/a97c8650-d5af-4e3f-90e8-f8d938ffc3ae/node_modules/@esbuild/darwin-x64'
191 silly reify ]
192 verbose reify failed optional dependency /tmp/workspace/a97c8650-d5af-4e3f-90e8-f8d938ffc3ae/node_modules/@esbuild/darwin-arm64
193 silly reify mark deleted [
193 silly reify   '/tmp/workspace/a97c8650-d5af-4e3f-90e8-f8d938ffc3ae/node_modules/@esbuild/darwin-arm64'
193 silly reify ]
194 verbose reify failed optional dependency /tmp/workspace/a97c8650-d5af-4e3f-90e8-f8d938ffc3ae/node_modules/@esbuild/android-x64
195 silly reify mark deleted [
195 silly reify   '/tmp/workspace/a97c8650-d5af-4e3f-90e8-f8d938ffc3ae/node_modules/@esbuild/android-x64'
195 silly reify ]
196 verbose reify failed optional dependency /tmp/workspace/a97c8650-d5af-4e3f-90e8-f8d938ffc3ae/node_modules/@esbuild/android-arm64
197 silly reify mark deleted [
197 silly reify   '/tmp/workspace/a97c8650-d5af-4e3f-90e8-f8d938ffc3ae/node_modules/@esbuild/android-arm64'
197 silly reify ]
198 verbose reify failed optional dependency /tmp/workspace/a97c8650-d5af-4e3f-90e8-f8d938ffc3ae/node_modules/@esbuild/android-arm
199 silly reify mark deleted [
199 silly reify   '/tmp/workspace/a97c8650-d5af-4e3f-90e8-f8d938ffc3ae/node_modules/@esbuild/android-arm'
199 silly reify ]
200 verbose reify failed optional dependency /tmp/workspace/a97c8650-d5af-4e3f-90e8-f8d938ffc3ae/node_modules/@esbuild/aix-ppc64
201 silly reify mark deleted [
201 silly reify   '/tmp/workspace/a97c8650-d5af-4e3f-90e8-f8d938ffc3ae/node_modules/@esbuild/aix-ppc64'
201 silly reify ]
202 http cache yargs-parser@https://registry.npmjs.org/yargs-parser/-/yargs-parser-22.0.0.tgz 0ms (cache hit)
203 http cache yargs@https://registry.npmjs.org/yargs/-/yargs-18.0.0.tgz 0ms (cache hit)
204 http cache yallist@https://registry.npmjs.org/yallist/-/yallist-3.1.1.tgz 0ms (cache hit)
205 http cache y18n@https://registry.npmjs.org/y18n/-/y18n-5.0.8.tgz 1ms (cache hit)
206 http cache ws@https://registry.npmjs.org/ws/-/ws-8.21.0.tgz 0ms (cache hit)
207 http cache wrap-ansi@https://registry.npmjs.org/wrap-ansi/-/wrap-ansi-9.0.2.tgz 0ms (cache hit)
208 http cache web-streams-polyfill@https://registry.npmjs.org/web-streams-polyfill/-/web-streams-polyfill-3.3.3.tgz 0ms (cache hit)
209 http cache vite@https://registry.npmjs.org/vite/-/vite-6.4.3.tgz 0ms (cache hit)
210 http cache vary@https://registry.npmjs.org/vary/-/vary-1.1.2.tgz 0ms (cache hit)
211 http cache utils-merge@https://registry.npmjs.org/utils-merge/-/utils-merge-1.0.1.tgz 0ms (cache hit)
212 http cache update-browserslist-db@https://registry.npmjs.org/update-browserslist-db/-/update-browserslist-db-1.2.3.tgz 0ms (cache hit)
213 http cache unpipe@https://registry.npmjs.org/unpipe/-/unpipe-1.0.0.tgz 0ms (cache hit)
214 http cache undici-types@https://registry.npmjs.org/undici-types/-/undici-types-6.21.0.tgz 0ms (cache hit)
215 http cache undefsafe@https://registry.npmjs.org/undefsafe/-/undefsafe-2.0.5.tgz 0ms (cache hit)
216 http cache typescript@https://registry.npmjs.org/typescript/-/typescript-5.8.3.tgz 0ms (cache hit)
217 http cache type-is@https://registry.npmjs.org/type-is/-/type-is-1.6.18.tgz 0ms (cache hit)
218 http cache tsx@https://registry.npmjs.org/tsx/-/tsx-4.22.4.tgz 0ms (cache hit)
219 http cache tree-kill@https://registry.npmjs.org/tree-kill/-/tree-kill-1.2.2.tgz 0ms (cache hit)
220 http cache touch@https://registry.npmjs.org/touch/-/touch-3.1.1.tgz 0ms (cache hit)
221 http cache toidentifier@https://registry.npmjs.org/toidentifier/-/toidentifier-1.0.1.tgz 0ms (cache hit)
222 http cache to-regex-range@https://registry.npmjs.org/to-regex-range/-/to-regex-range-5.0.1.tgz 0ms (cache hit)
223 http cache tinyglobby@https://registry.npmjs.org/tinyglobby/-/tinyglobby-0.2.17.tgz 0ms (cache hit)
224 http cache text-encoding-shim@https://registry.npmjs.org/text-encoding-shim/-/text-encoding-shim-1.0.5.tgz 0ms (cache hit)
225 http cache tapable@https://registry.npmjs.org/tapable/-/tapable-2.3.3.tgz 0ms (cache hit)
226 http cache tailwindcss@https://registry.npmjs.org/tailwindcss/-/tailwindcss-4.3.0.tgz 0ms (cache hit)
227 http cache supports-preserve-symlinks-flag@https://registry.npmjs.org/supports-preserve-symlinks-flag/-/supports-preserve-symlinks-flag-1.0.0.tgz 0ms (cache hit)
228 http cache supports-color@https://registry.npmjs.org/supports-color/-/supports-color-10.2.2.tgz 0ms (cache hit)
229 http cache strip-ansi@https://registry.npmjs.org/strip-ansi/-/strip-ansi-7.2.0.tgz 0ms (cache hit)
230 http cache string-width@https://registry.npmjs.org/string-width/-/string-width-7.2.0.tgz 0ms (cache hit)
231 http cache statuses@https://registry.npmjs.org/statuses/-/statuses-2.0.2.tgz 0ms (cache hit)
232 http cache source-map-js@https://registry.npmjs.org/source-map-js/-/source-map-js-1.2.1.tgz 0ms (cache hit)
233 http cache simple-update-notifier@https://registry.npmjs.org/simple-update-notifier/-/simple-update-notifier-2.0.0.tgz 0ms (cache hit)
234 http cache side-channel-weakmap@https://registry.npmjs.org/side-channel-weakmap/-/side-channel-weakmap-1.0.2.tgz 0ms (cache hit)
235 http cache side-channel-map@https://registry.npmjs.org/side-channel-map/-/side-channel-map-1.0.1.tgz 0ms (cache hit)
236 http cache side-channel-list@https://registry.npmjs.org/side-channel-list/-/side-channel-list-1.0.1.tgz 0ms (cache hit)
237 http cache shell-quote@https://registry.npmjs.org/shell-quote/-/shell-quote-1.8.4.tgz 0ms (cache hit)
238 http cache side-channel@https://registry.npmjs.org/side-channel/-/side-channel-1.1.0.tgz 0ms (cache hit)
239 http cache setprototypeof@https://registry.npmjs.org/setprototypeof/-/setprototypeof-1.2.0.tgz 0ms (cache hit)
240 http cache serve-static@https://registry.npmjs.org/serve-static/-/serve-static-1.16.3.tgz 0ms (cache hit)
241 http cache send@https://registry.npmjs.org/send/-/send-0.19.2.tgz 0ms (cache hit)
242 http cache semver@https://registry.npmjs.org/semver/-/semver-6.3.1.tgz 0ms (cache hit)
243 http cache scheduler@https://registry.npmjs.org/scheduler/-/scheduler-0.27.0.tgz 0ms (cache hit)
244 http cache safer-buffer@https://registry.npmjs.org/safer-buffer/-/safer-buffer-2.1.2.tgz 0ms (cache hit)
245 http cache safe-buffer@https://registry.npmjs.org/safe-buffer/-/safe-buffer-5.2.1.tgz 0ms (cache hit)
246 http cache rxjs@https://registry.npmjs.org/rxjs/-/rxjs-7.8.2.tgz 0ms (cache hit)
247 http cache rollup@https://registry.npmjs.org/rollup/-/rollup-4.61.1.tgz 0ms (cache hit)
248 http cache retry@https://registry.npmjs.org/retry/-/retry-0.13.1.tgz 0ms (cache hit)
249 http cache resolve@https://registry.npmjs.org/resolve/-/resolve-1.22.12.tgz 0ms (cache hit)
250 http cache tslib@https://registry.npmjs.org/tslib/-/tslib-2.8.1.tgz 0ms (cache hit)
251 http cache readdirp@https://registry.npmjs.org/readdirp/-/readdirp-3.6.0.tgz 0ms (cache hit)
252 http cache react-refresh@https://registry.npmjs.org/react-refresh/-/react-refresh-0.18.0.tgz 0ms (cache hit)
253 http cache react-dom@https://registry.npmjs.org/react-dom/-/react-dom-19.2.7.tgz 0ms (cache hit)
254 http cache react@https://registry.npmjs.org/react/-/react-19.2.7.tgz 0ms (cache hit)
255 http cache raw-body@https://registry.npmjs.org/raw-body/-/raw-body-2.5.3.tgz 0ms (cache hit)
256 http cache range-parser@https://registry.npmjs.org/range-parser/-/range-parser-1.2.1.tgz 0ms (cache hit)
257 http cache qs@https://registry.npmjs.org/qs/-/qs-6.15.2.tgz 0ms (cache hit)
258 http cache pstree.remy@https://registry.npmjs.org/pstree.remy/-/pstree.remy-1.1.8.tgz 0ms (cache hit)
259 http cache proxy-addr@https://registry.npmjs.org/proxy-addr/-/proxy-addr-2.0.7.tgz 0ms (cache hit)
260 http cache protobufjs@https://registry.npmjs.org/protobufjs/-/protobufjs-7.6.2.tgz 0ms (cache hit)
261 http cache postcss-value-parser@https://registry.npmjs.org/postcss-value-parser/-/postcss-value-parser-4.2.0.tgz 0ms (cache hit)
262 http cache postcss@https://registry.npmjs.org/postcss/-/postcss-8.5.15.tgz 0ms (cache hit)
263 http cache picomatch@https://registry.npmjs.org/picomatch/-/picomatch-4.0.4.tgz 0ms (cache hit)
264 http cache picocolors@https://registry.npmjs.org/picocolors/-/picocolors-1.1.1.tgz 0ms (cache hit)
265 http cache path-to-regexp@https://registry.npmjs.org/path-to-regexp/-/path-to-regexp-0.1.13.tgz 0ms (cache hit)
266 http cache path-parse@https://registry.npmjs.org/path-parse/-/path-parse-1.0.7.tgz 0ms (cache hit)
267 http cache parseurl@https://registry.npmjs.org/parseurl/-/parseurl-1.3.3.tgz 0ms (cache hit)
268 http cache p-retry@https://registry.npmjs.org/p-retry/-/p-retry-4.6.2.tgz 0ms (cache hit)
269 http cache on-finished@https://registry.npmjs.org/on-finished/-/on-finished-2.4.1.tgz 0ms (cache hit)
270 http cache object-inspect@https://registry.npmjs.org/object-inspect/-/object-inspect-1.13.4.tgz 0ms (cache hit)
271 http cache object-assign@https://registry.npmjs.org/object-assign/-/object-assign-4.1.1.tgz 0ms (cache hit)
272 http cache normalize-path@https://registry.npmjs.org/normalize-path/-/normalize-path-3.0.0.tgz 0ms (cache hit)
273 http cache nodemon@https://registry.npmjs.org/nodemon/-/nodemon-3.1.14.tgz 0ms (cache hit)
274 http cache node-fetch@https://registry.npmjs.org/node-fetch/-/node-fetch-3.3.2.tgz 0ms (cache hit)
275 http cache node-releases@https://registry.npmjs.org/node-releases/-/node-releases-2.0.47.tgz 0ms (cache hit)
276 http cache node-domexception@https://registry.npmjs.org/node-domexception/-/node-domexception-1.0.0.tgz 0ms (cache hit)
277 http cache negotiator@https://registry.npmjs.org/negotiator/-/negotiator-0.6.3.tgz 0ms (cache hit)
278 http cache nanoid@https://registry.npmjs.org/nanoid/-/nanoid-3.3.12.tgz 0ms (cache hit)
279 http cache motion-utils@https://registry.npmjs.org/motion-utils/-/motion-utils-12.39.0.tgz 0ms (cache hit)
280 http cache motion-dom@https://registry.npmjs.org/motion-dom/-/motion-dom-12.40.0.tgz 0ms (cache hit)
281 http cache motion@https://registry.npmjs.org/motion/-/motion-12.40.0.tgz 0ms (cache hit)
282 http cache ms@https://registry.npmjs.org/ms/-/ms-2.1.3.tgz 0ms (cache hit)
283 http cache minimatch@https://registry.npmjs.org/minimatch/-/minimatch-10.2.5.tgz 0ms (cache hit)
284 http cache mime-types@https://registry.npmjs.org/mime-types/-/mime-types-2.1.35.tgz 0ms (cache hit)
285 http cache mime-db@https://registry.npmjs.org/mime-db/-/mime-db-1.52.0.tgz 0ms (cache hit)
286 http cache mime@https://registry.npmjs.org/mime/-/mime-1.6.0.tgz 0ms (cache hit)
287 http cache methods@https://registry.npmjs.org/methods/-/methods-1.1.2.tgz 0ms (cache hit)
288 http cache merge-descriptors@https://registry.npmjs.org/merge-descriptors/-/merge-descriptors-1.0.3.tgz 0ms (cache hit)
289 http cache media-typer@https://registry.npmjs.org/media-typer/-/media-typer-0.3.0.tgz 0ms (cache hit)
290 http cache math-intrinsics@https://registry.npmjs.org/math-intrinsics/-/math-intrinsics-1.1.0.tgz 0ms (cache hit)
291 http cache magic-string@https://registry.npmjs.org/magic-string/-/magic-string-0.30.21.tgz 0ms (cache hit)
292 http cache lucide-react@https://registry.npmjs.org/lucide-react/-/lucide-react-0.546.0.tgz 0ms (cache hit)
293 http cache lru-cache@https://registry.npmjs.org/lru-cache/-/lru-cache-5.1.1.tgz 0ms (cache hit)
294 http cache long@https://registry.npmjs.org/long/-/long-5.3.2.tgz 0ms (cache hit)
295 http cache lodash@https://registry.npmjs.org/lodash/-/lodash-4.18.1.tgz 0ms (cache hit)
296 http cache lightningcss-linux-x64-musl@https://registry.npmjs.org/lightningcss-linux-x64-musl/-/lightningcss-linux-x64-musl-1.32.0.tgz 0ms (cache hit)
297 http cache lightningcss-linux-x64-gnu@https://registry.npmjs.org/lightningcss-linux-x64-gnu/-/lightningcss-linux-x64-gnu-1.32.0.tgz 0ms (cache hit)
298 http cache lightningcss@https://registry.npmjs.org/lightningcss/-/lightningcss-1.32.0.tgz 0ms (cache hit)
299 http cache jwt-decode@https://registry.npmjs.org/jwt-decode/-/jwt-decode-3.1.2.tgz 0ms (cache hit)
300 http cache jws@https://registry.npmjs.org/jws/-/jws-4.0.1.tgz 0ms (cache hit)
301 http cache jwa@https://registry.npmjs.org/jwa/-/jwa-2.0.1.tgz 0ms (cache hit)
302 http cache json5@https://registry.npmjs.org/json5/-/json5-2.2.3.tgz 0ms (cache hit)
303 http cache json-bigint@https://registry.npmjs.org/json-bigint/-/json-bigint-1.0.0.tgz 0ms (cache hit)
304 http cache jsesc@https://registry.npmjs.org/jsesc/-/jsesc-3.1.0.tgz 0ms (cache hit)
305 http cache js-tokens@https://registry.npmjs.org/js-tokens/-/js-tokens-4.0.0.tgz 0ms (cache hit)
306 http cache jiti@https://registry.npmjs.org/jiti/-/jiti-2.7.0.tgz 0ms (cache hit)
307 http cache is-reference@https://registry.npmjs.org/is-reference/-/is-reference-1.2.1.tgz 0ms (cache hit)
308 http cache is-number@https://registry.npmjs.org/is-number/-/is-number-7.0.0.tgz 0ms (cache hit)
309 http cache is-module@https://registry.npmjs.org/is-module/-/is-module-1.0.0.tgz 0ms (cache hit)
310 http cache is-glob@https://registry.npmjs.org/is-glob/-/is-glob-4.0.3.tgz 0ms (cache hit)
311 http cache is-extglob@https://registry.npmjs.org/is-extglob/-/is-extglob-2.1.1.tgz 0ms (cache hit)
312 http cache is-core-module@https://registry.npmjs.org/is-core-module/-/is-core-module-2.16.2.tgz 0ms (cache hit)
313 http cache is-binary-path@https://registry.npmjs.org/is-binary-path/-/is-binary-path-2.1.0.tgz 0ms (cache hit)
314 http cache inherits@https://registry.npmjs.org/inherits/-/inherits-2.0.4.tgz 0ms (cache hit)
315 http cache ipaddr.js@https://registry.npmjs.org/ipaddr.js/-/ipaddr.js-1.9.1.tgz 0ms (cache hit)
316 http cache ignore-by-default@https://registry.npmjs.org/ignore-by-default/-/ignore-by-default-1.0.1.tgz 0ms (cache hit)
317 http cache iconv-lite@https://registry.npmjs.org/iconv-lite/-/iconv-lite-0.4.24.tgz 0ms (cache hit)
318 http cache https-proxy-agent@https://registry.npmjs.org/https-proxy-agent/-/https-proxy-agent-7.0.6.tgz 0ms (cache hit)
319 http cache http-errors@https://registry.npmjs.org/http-errors/-/http-errors-2.0.1.tgz 0ms (cache hit)
320 http cache hasown@https://registry.npmjs.org/hasown/-/hasown-2.0.4.tgz 0ms (cache hit)
321 http cache has-symbols@https://registry.npmjs.org/has-symbols/-/has-symbols-1.1.0.tgz 0ms (cache hit)
322 http cache has-flag@https://registry.npmjs.org/has-flag/-/has-flag-3.0.0.tgz 0ms (cache hit)
323 http cache graceful-fs@https://registry.npmjs.org/graceful-fs/-/graceful-fs-4.2.11.tgz 0ms (cache hit)
324 http cache gopd@https://registry.npmjs.org/gopd/-/gopd-1.2.0.tgz 0ms (cache hit)
325 http cache google-logging-utils@https://registry.npmjs.org/google-logging-utils/-/google-logging-utils-1.1.3.tgz 0ms (cache hit)
326 http cache google-auth-library@https://registry.npmjs.org/google-auth-library/-/google-auth-library-10.6.2.tgz 0ms (cache hit)
327 http cache glob-parent@https://registry.npmjs.org/glob-parent/-/glob-parent-5.1.2.tgz 0ms (cache hit)
328 http cache get-proto@https://registry.npmjs.org/get-proto/-/get-proto-1.0.1.tgz 0ms (cache hit)
329 http cache get-intrinsic@https://registry.npmjs.org/get-intrinsic/-/get-intrinsic-1.3.0.tgz 0ms (cache hit)
330 http cache get-east-asian-width@https://registry.npmjs.org/get-east-asian-width/-/get-east-asian-width-1.6.0.tgz 0ms (cache hit)
331 http cache get-caller-file@https://registry.npmjs.org/get-caller-file/-/get-caller-file-2.0.5.tgz 0ms (cache hit)
332 http cache gensync@https://registry.npmjs.org/gensync/-/gensync-1.0.0-beta.2.tgz 0ms (cache hit)
333 http cache gcp-metadata@https://registry.npmjs.org/gcp-metadata/-/gcp-metadata-8.1.2.tgz 0ms (cache hit)
334 http cache gaxios@https://registry.npmjs.org/gaxios/-/gaxios-7.1.4.tgz 0ms (cache hit)
335 http cache function-bind@https://registry.npmjs.org/function-bind/-/function-bind-1.1.2.tgz 0ms (cache hit)
336 http cache fresh@https://registry.npmjs.org/fresh/-/fresh-0.5.2.tgz 0ms (cache hit)
337 http cache framer-motion@https://registry.npmjs.org/framer-motion/-/framer-motion-12.40.0.tgz 0ms (cache hit)
338 http cache fraction.js@https://registry.npmjs.org/fraction.js/-/fraction.js-5.3.4.tgz 0ms (cache hit)
339 http cache forwarded@https://registry.npmjs.org/forwarded/-/forwarded-0.2.0.tgz 0ms (cache hit)
340 http cache formdata-polyfill@https://registry.npmjs.org/formdata-polyfill/-/formdata-polyfill-4.0.10.tgz 0ms (cache hit)
341 http cache finalhandler@https://registry.npmjs.org/finalhandler/-/finalhandler-1.3.2.tgz 0ms (cache hit)
342 http cache fill-range@https://registry.npmjs.org/fill-range/-/fill-range-7.1.1.tgz 0ms (cache hit)
343 http cache fetch-blob@https://registry.npmjs.org/fetch-blob/-/fetch-blob-3.2.0.tgz 0ms (cache hit)
344 http cache fdir@https://registry.npmjs.org/fdir/-/fdir-6.5.0.tgz 0ms (cache hit)
345 http cache extend@https://registry.npmjs.org/extend/-/extend-3.0.2.tgz 0ms (cache hit)
346 http cache express@https://registry.npmjs.org/express/-/express-4.22.2.tgz 0ms (cache hit)
347 http cache etag@https://registry.npmjs.org/etag/-/etag-1.8.1.tgz 0ms (cache hit)
348 http cache escape-html@https://registry.npmjs.org/escape-html/-/escape-html-1.0.3.tgz 0ms (cache hit)
349 http cache estree-walker@https://registry.npmjs.org/estree-walker/-/estree-walker-2.0.2.tgz 0ms (cache hit)
350 http cache escalade@https://registry.npmjs.org/escalade/-/escalade-3.2.0.tgz 0ms (cache hit)
351 http cache es-object-atoms@https://registry.npmjs.org/es-object-atoms/-/es-object-atoms-1.1.2.tgz 0ms (cache hit)
352 http cache esbuild@https://registry.npmjs.org/esbuild/-/esbuild-0.25.12.tgz 0ms (cache hit)
353 http cache es-errors@https://registry.npmjs.org/es-errors/-/es-errors-1.3.0.tgz 0ms (cache hit)
354 http cache es-define-property@https://registry.npmjs.org/es-define-property/-/es-define-property-1.0.1.tgz 0ms (cache hit)
355 http cache enhanced-resolve@https://registry.npmjs.org/enhanced-resolve/-/enhanced-resolve-5.22.2.tgz 0ms (cache hit)
356 http cache emoji-regex@https://registry.npmjs.org/emoji-regex/-/emoji-regex-10.6.0.tgz 0ms (cache hit)
357 http cache electron-to-chromium@https://registry.npmjs.org/electron-to-chromium/-/electron-to-chromium-1.5.367.tgz 0ms (cache hit)
358 http cache ee-first@https://registry.npmjs.org/ee-first/-/ee-first-1.1.1.tgz 0ms (cache hit)
359 http cache ecdsa-sig-formatter@https://registry.npmjs.org/ecdsa-sig-formatter/-/ecdsa-sig-formatter-1.0.11.tgz 0ms (cache hit)
360 http cache dunder-proto@https://registry.npmjs.org/dunder-proto/-/dunder-proto-1.0.1.tgz 0ms (cache hit)
361 http cache dotenv@https://registry.npmjs.org/dotenv/-/dotenv-17.4.2.tgz 0ms (cache hit)
362 http cache detect-libc@https://registry.npmjs.org/detect-libc/-/detect-libc-2.1.2.tgz 0ms (cache hit)
363 http cache destroy@https://registry.npmjs.org/destroy/-/destroy-1.2.0.tgz 0ms (cache hit)
364 http cache depd@https://registry.npmjs.org/depd/-/depd-2.0.0.tgz 0ms (cache hit)
365 http cache deepmerge@https://registry.npmjs.org/deepmerge/-/deepmerge-4.3.1.tgz 0ms (cache hit)
366 http cache debug@https://registry.npmjs.org/debug/-/debug-4.4.3.tgz 0ms (cache hit)
367 http cache data-uri-to-buffer@https://registry.npmjs.org/data-uri-to-buffer/-/data-uri-to-buffer-4.0.1.tgz 0ms (cache hit)
368 http cache cors@https://registry.npmjs.org/cors/-/cors-2.8.6.tgz 0ms (cache hit)
369 http cache core-js-pure@https://registry.npmjs.org/core-js-pure/-/core-js-pure-3.49.0.tgz 0ms (cache hit)
370 http cache cookie-signature@https://registry.npmjs.org/cookie-signature/-/cookie-signature-1.0.7.tgz 0ms (cache hit)
371 http cache cookie@https://registry.npmjs.org/cookie/-/cookie-0.7.2.tgz 0ms (cache hit)
372 http cache convert-source-map@https://registry.npmjs.org/convert-source-map/-/convert-source-map-2.0.0.tgz 0ms (cache hit)
373 http cache content-type@https://registry.npmjs.org/content-type/-/content-type-1.0.5.tgz 0ms (cache hit)
374 http cache content-disposition@https://registry.npmjs.org/content-disposition/-/content-disposition-0.5.4.tgz 0ms (cache hit)
375 http cache concurrently@https://registry.npmjs.org/concurrently/-/concurrently-10.0.3.tgz 0ms (cache hit)
376 http cache commondir@https://registry.npmjs.org/commondir/-/commondir-1.0.1.tgz 0ms (cache hit)
377 http cache cliui@https://registry.npmjs.org/cliui/-/cliui-9.0.1.tgz 0ms (cache hit)
378 http cache chokidar@https://registry.npmjs.org/chokidar/-/chokidar-3.6.0.tgz 0ms (cache hit)
379 http cache chalk@https://registry.npmjs.org/chalk/-/chalk-5.6.2.tgz 0ms (cache hit)
380 http cache caniuse-lite@https://registry.npmjs.org/caniuse-lite/-/caniuse-lite-1.0.30001793.tgz 0ms (cache hit)
381 http cache call-bound@https://registry.npmjs.org/call-bound/-/call-bound-1.0.4.tgz 0ms (cache hit)
382 http cache call-bind-apply-helpers@https://registry.npmjs.org/call-bind-apply-helpers/-/call-bind-apply-helpers-1.0.2.tgz 0ms (cache hit)
383 http cache bytes@https://registry.npmjs.org/bytes/-/bytes-3.1.2.tgz 0ms (cache hit)
384 http cache buffer-equal-constant-time@https://registry.npmjs.org/buffer-equal-constant-time/-/buffer-equal-constant-time-1.0.1.tgz 0ms (cache hit)
385 http cache encodeurl@https://registry.npmjs.org/encodeurl/-/encodeurl-2.0.0.tgz 0ms (cache hit)
386 http cache browserslist@https://registry.npmjs.org/browserslist/-/browserslist-4.28.2.tgz 0ms (cache hit)
387 http cache bson@https://registry.npmjs.org/bson/-/bson-7.2.0.tgz 0ms (cache hit)
388 http cache braces@https://registry.npmjs.org/braces/-/braces-3.0.3.tgz 0ms (cache hit)
389 http cache body-parser@https://registry.npmjs.org/body-parser/-/body-parser-1.20.5.tgz 0ms (cache hit)
390 http cache brace-expansion@https://registry.npmjs.org/brace-expansion/-/brace-expansion-5.0.6.tgz 0ms (cache hit)
391 http cache bignumber.js@https://registry.npmjs.org/bignumber.js/-/bignumber.js-9.3.1.tgz 0ms (cache hit)
392 http cache binary-extensions@https://registry.npmjs.org/binary-extensions/-/binary-extensions-2.3.0.tgz 0ms (cache hit)
393 http cache baseline-browser-mapping@https://registry.npmjs.org/baseline-browser-mapping/-/baseline-browser-mapping-2.10.33.tgz 0ms (cache hit)
394 http cache base64-js@https://registry.npmjs.org/base64-js/-/base64-js-1.5.1.tgz 0ms (cache hit)
395 http cache balanced-match@https://registry.npmjs.org/balanced-match/-/balanced-match-4.0.4.tgz 0ms (cache hit)
396 http cache autoprefixer@https://registry.npmjs.org/autoprefixer/-/autoprefixer-10.5.0.tgz 0ms (cache hit)
397 http cache array-flatten@https://registry.npmjs.org/array-flatten/-/array-flatten-1.1.1.tgz 0ms (cache hit)
398 http cache anymatch@https://registry.npmjs.org/anymatch/-/anymatch-3.1.3.tgz 0ms (cache hit)
399 http cache ansi-styles@https://registry.npmjs.org/ansi-styles/-/ansi-styles-6.2.3.tgz 0ms (cache hit)
400 http cache ansi-regex@https://registry.npmjs.org/ansi-regex/-/ansi-regex-6.2.2.tgz 0ms (cache hit)
401 http cache agent-base@https://registry.npmjs.org/agent-base/-/agent-base-7.1.4.tgz 0ms (cache hit)
402 http cache accepts@https://registry.npmjs.org/accepts/-/accepts-1.3.8.tgz 0ms (cache hit)
403 http cache @vitejs/plugin-react@https://registry.npmjs.org/@vitejs/plugin-react/-/plugin-react-5.2.0.tgz 0ms (cache hit)
404 http cache @types/serve-static@https://registry.npmjs.org/@types/serve-static/-/serve-static-1.15.10.tgz 0ms (cache hit)
405 http cache @types/send@https://registry.npmjs.org/@types/send/-/send-1.2.1.tgz 0ms (cache hit)
406 http cache @types/retry@https://registry.npmjs.org/@types/retry/-/retry-0.12.0.tgz 0ms (cache hit)
407 http cache @types/resolve@https://registry.npmjs.org/@types/resolve/-/resolve-1.20.2.tgz 0ms (cache hit)
408 http cache @types/range-parser@https://registry.npmjs.org/@types/range-parser/-/range-parser-1.2.7.tgz 0ms (cache hit)
409 http cache @types/qs@https://registry.npmjs.org/@types/qs/-/qs-6.15.1.tgz 0ms (cache hit)
410 http cache @types/node@https://registry.npmjs.org/@types/node/-/node-22.19.19.tgz 0ms (cache hit)
411 http cache @types/mime@https://registry.npmjs.org/@types/mime/-/mime-1.3.5.tgz 0ms (cache hit)
412 http cache @types/http-errors@https://registry.npmjs.org/@types/http-errors/-/http-errors-2.0.5.tgz 0ms (cache hit)
413 http cache @types/express-serve-static-core@https://registry.npmjs.org/@types/express-serve-static-core/-/express-serve-static-core-4.19.8.tgz 0ms (cache hit)
414 http cache @types/express@https://registry.npmjs.org/@types/express/-/express-4.17.25.tgz 0ms (cache hit)
415 http cache @types/estree@https://registry.npmjs.org/@types/estree/-/estree-1.0.9.tgz 0ms (cache hit)
416 http cache @types/connect@https://registry.npmjs.org/@types/connect/-/connect-3.4.38.tgz 0ms (cache hit)
417 http cache @types/body-parser@https://registry.npmjs.org/@types/body-parser/-/body-parser-1.19.6.tgz 0ms (cache hit)
418 http cache @types/babel__traverse@https://registry.npmjs.org/@types/babel__traverse/-/babel__traverse-7.28.0.tgz 0ms (cache hit)
419 http cache @types/babel__template@https://registry.npmjs.org/@types/babel__template/-/babel__template-7.4.4.tgz 0ms (cache hit)
420 http cache @types/babel__generator@https://registry.npmjs.org/@types/babel__generator/-/babel__generator-7.27.0.tgz 0ms (cache hit)
421 http cache @types/babel__core@https://registry.npmjs.org/@types/babel__core/-/babel__core-7.20.5.tgz 0ms (cache hit)
422 http cache @tailwindcss/vite@https://registry.npmjs.org/@tailwindcss/vite/-/vite-4.3.0.tgz 0ms (cache hit)
423 http cache @tailwindcss/oxide-linux-x64-musl@https://registry.npmjs.org/@tailwindcss/oxide-linux-x64-musl/-/oxide-linux-x64-musl-4.3.0.tgz 0ms (cache hit)
424 http cache @tailwindcss/oxide-linux-x64-gnu@https://registry.npmjs.org/@tailwindcss/oxide-linux-x64-gnu/-/oxide-linux-x64-gnu-4.3.0.tgz 0ms (cache hit)
425 http cache @tailwindcss/oxide@https://registry.npmjs.org/@tailwindcss/oxide/-/oxide-4.3.0.tgz 0ms (cache hit)
426 http cache @tailwindcss/node@https://registry.npmjs.org/@tailwindcss/node/-/node-4.3.0.tgz 0ms (cache hit)
427 http cache @rollup/rollup-linux-x64-musl@https://registry.npmjs.org/@rollup/rollup-linux-x64-musl/-/rollup-linux-x64-musl-4.61.1.tgz 0ms (cache hit)
428 http cache @rollup/rollup-linux-x64-gnu@https://registry.npmjs.org/@rollup/rollup-linux-x64-gnu/-/rollup-linux-x64-gnu-4.61.1.tgz 0ms (cache hit)
429 http cache @rollup/pluginutils@https://registry.npmjs.org/@rollup/pluginutils/-/pluginutils-5.4.0.tgz 0ms (cache hit)
430 http cache @rollup/plugin-node-resolve@https://registry.npmjs.org/@rollup/plugin-node-resolve/-/plugin-node-resolve-16.0.3.tgz 0ms (cache hit)
431 http cache @rollup/plugin-commonjs@https://registry.npmjs.org/@rollup/plugin-commonjs/-/plugin-commonjs-29.0.3.tgz 0ms (cache hit)
432 http cache @rolldown/pluginutils@https://registry.npmjs.org/@rolldown/pluginutils/-/pluginutils-1.0.0-rc.3.tgz 0ms (cache hit)
433 http cache @protobufjs/utf8@https://registry.npmjs.org/@protobufjs/utf8/-/utf8-1.1.1.tgz 0ms (cache hit)
434 http cache @protobufjs/path@https://registry.npmjs.org/@protobufjs/path/-/path-1.1.2.tgz 0ms (cache hit)
435 http cache @protobufjs/inquire@https://registry.npmjs.org/@protobufjs/inquire/-/inquire-1.1.2.tgz 0ms (cache hit)
436 http cache @protobufjs/float@https://registry.npmjs.org/@protobufjs/float/-/float-1.0.2.tgz 0ms (cache hit)
437 http cache @protobufjs/fetch@https://registry.npmjs.org/@protobufjs/fetch/-/fetch-1.1.1.tgz 0ms (cache hit)
438 http cache @protobufjs/pool@https://registry.npmjs.org/@protobufjs/pool/-/pool-1.1.0.tgz 0ms (cache hit)
439 http cache @protobufjs/eventemitter@https://registry.npmjs.org/@protobufjs/eventemitter/-/eventemitter-1.1.1.tgz 0ms (cache hit)
440 http cache @protobufjs/codegen@https://registry.npmjs.org/@protobufjs/codegen/-/codegen-2.0.5.tgz 0ms (cache hit)
441 http cache @protobufjs/base64@https://registry.npmjs.org/@protobufjs/base64/-/base64-1.1.2.tgz 0ms (cache hit)
442 http cache @protobufjs/aspromise@https://registry.npmjs.org/@protobufjs/aspromise/-/aspromise-1.1.2.tgz 0ms (cache hit)
443 http cache @mattiasbuelens/web-streams-adapter@https://registry.npmjs.org/@mattiasbuelens/web-streams-adapter/-/web-streams-adapter-0.1.0.tgz 0ms (cache hit)
444 http cache @jridgewell/trace-mapping@https://registry.npmjs.org/@jridgewell/trace-mapping/-/trace-mapping-0.3.31.tgz 0ms (cache hit)
445 http cache @jridgewell/sourcemap-codec@https://registry.npmjs.org/@jridgewell/sourcemap-codec/-/sourcemap-codec-1.5.5.tgz 0ms (cache hit)
446 http cache @jridgewell/resolve-uri@https://registry.npmjs.org/@jridgewell/resolve-uri/-/resolve-uri-3.1.2.tgz 0ms (cache hit)
447 http cache @jridgewell/remapping@https://registry.npmjs.org/@jridgewell/remapping/-/remapping-2.3.5.tgz 0ms (cache hit)
448 http cache @jridgewell/gen-mapping@https://registry.npmjs.org/@jridgewell/gen-mapping/-/gen-mapping-0.3.13.tgz 0ms (cache hit)
449 http cache @google/genai@https://registry.npmjs.org/@google/genai/-/genai-2.8.0.tgz 0ms (cache hit)
450 http cache @esbuild/linux-x64@https://registry.npmjs.org/@esbuild/linux-x64/-/linux-x64-0.25.12.tgz 0ms (cache hit)
451 http cache @cloudbase/wx-cloud-client-sdk@https://registry.npmjs.org/@cloudbase/wx-cloud-client-sdk/-/wx-cloud-client-sdk-1.8.8.tgz 0ms (cache hit)
452 http cache @cloudbase/utilities@https://registry.npmjs.org/@cloudbase/utilities/-/utilities-3.3.13.tgz 0ms (cache hit)
453 http cache @cloudbase/types@https://registry.npmjs.org/@cloudbase/types/-/types-3.3.13.tgz 0ms (cache hit)
454 http cache @cloudbase/storage@https://registry.npmjs.org/@cloudbase/storage/-/storage-3.3.13.tgz 0ms (cache hit)
455 http cache @cloudbase/realtime@https://registry.npmjs.org/@cloudbase/realtime/-/realtime-3.3.13.tgz 0ms (cache hit)
456 http cache @cloudbase/oauth@https://registry.npmjs.org/@cloudbase/oauth/-/oauth-3.3.13.tgz 0ms (cache hit)
457 http cache @cloudbase/mysql@https://registry.npmjs.org/@cloudbase/mysql/-/mysql-3.3.13.tgz 0ms (cache hit)
458 http cache @cloudbase/model@https://registry.npmjs.org/@cloudbase/model/-/model-3.3.13.tgz 0ms (cache hit)
459 http cache @cloudbase/js-sdk@https://registry.npmjs.org/@cloudbase/js-sdk/-/js-sdk-3.3.13.tgz 0ms (cache hit)
460 http cache @cloudbase/functions@https://registry.npmjs.org/@cloudbase/functions/-/functions-3.3.13.tgz 0ms (cache hit)
461 http cache @cloudbase/database@https://registry.npmjs.org/@cloudbase/database/-/database-0.12.1.tgz 0ms (cache hit)
462 http cache @cloudbase/cloudrun@https://registry.npmjs.org/@cloudbase/cloudrun/-/cloudrun-3.3.13.tgz 0ms (cache hit)
463 http cache @cloudbase/auth@https://registry.npmjs.org/@cloudbase/auth/-/auth-3.3.13.tgz 0ms (cache hit)
464 http cache @cloudbase/app@https://registry.npmjs.org/@cloudbase/app/-/app-3.3.13.tgz 0ms (cache hit)
465 http cache @cloudbase/apis@https://registry.npmjs.org/@cloudbase/apis/-/apis-3.3.13.tgz 0ms (cache hit)
466 http cache @cloudbase/analytics@https://registry.npmjs.org/@cloudbase/analytics/-/analytics-3.3.13.tgz 0ms (cache hit)
467 http cache @cloudbase/ai@https://registry.npmjs.org/@cloudbase/ai/-/ai-3.3.13.tgz 0ms (cache hit)
468 http cache @cloudbase/adapter-wx_mp@https://registry.npmjs.org/@cloudbase/adapter-wx_mp/-/adapter-wx_mp-1.3.1.tgz 0ms (cache hit)
469 http cache @cloudbase/adapter-interface@https://registry.npmjs.org/@cloudbase/adapter-interface/-/adapter-interface-0.7.1.tgz 0ms (cache hit)
470 http cache @babel/types@https://registry.npmjs.org/@babel/types/-/types-7.29.7.tgz 0ms (cache hit)
471 http cache @babel/traverse@https://registry.npmjs.org/@babel/traverse/-/traverse-7.29.7.tgz 0ms (cache hit)
472 http cache @babel/template@https://registry.npmjs.org/@babel/template/-/template-7.29.7.tgz 0ms (cache hit)
473 http cache @babel/plugin-transform-react-jsx-source@https://registry.npmjs.org/@babel/plugin-transform-react-jsx-source/-/plugin-transform-react-jsx-source-7.29.7.tgz 0ms (cache hit)
474 http cache @babel/plugin-transform-react-jsx-self@https://registry.npmjs.org/@babel/plugin-transform-react-jsx-self/-/plugin-transform-react-jsx-self-7.29.7.tgz 0ms (cache hit)
475 http cache @babel/parser@https://registry.npmjs.org/@babel/parser/-/parser-7.29.7.tgz 0ms (cache hit)
476 http cache @babel/helpers@https://registry.npmjs.org/@babel/helpers/-/helpers-7.29.7.tgz 0ms (cache hit)
477 http cache @babel/helper-validator-option@https://registry.npmjs.org/@babel/helper-validator-option/-/helper-validator-option-7.29.7.tgz 0ms (cache hit)
478 http cache @babel/helper-validator-identifier@https://registry.npmjs.org/@babel/helper-validator-identifier/-/helper-validator-identifier-7.29.7.tgz 0ms (cache hit)
479 http cache @babel/helper-string-parser@https://registry.npmjs.org/@babel/helper-string-parser/-/helper-string-parser-7.29.7.tgz 0ms (cache hit)
480 http cache @babel/helper-plugin-utils@https://registry.npmjs.org/@babel/helper-plugin-utils/-/helper-plugin-utils-7.29.7.tgz 0ms (cache hit)
481 http cache @babel/helper-module-transforms@https://registry.npmjs.org/@babel/helper-module-transforms/-/helper-module-transforms-7.29.7.tgz 0ms (cache hit)
482 http cache @babel/helper-module-imports@https://registry.npmjs.org/@babel/helper-module-imports/-/helper-module-imports-7.29.7.tgz 0ms (cache hit)
483 http cache @babel/helper-globals@https://registry.npmjs.org/@babel/helper-globals/-/helper-globals-7.29.7.tgz 0ms (cache hit)
484 http cache @babel/helper-compilation-targets@https://registry.npmjs.org/@babel/helper-compilation-targets/-/helper-compilation-targets-7.29.7.tgz 0ms (cache hit)
485 http cache @babel/core@https://registry.npmjs.org/@babel/core/-/core-7.29.7.tgz 0ms (cache hit)
486 http cache @babel/generator@https://registry.npmjs.org/@babel/generator/-/generator-7.29.7.tgz 0ms (cache hit)
487 http cache @babel/compat-data@https://registry.npmjs.org/@babel/compat-data/-/compat-data-7.29.7.tgz 0ms (cache hit)
488 http cache @babel/code-frame@https://registry.npmjs.org/@babel/code-frame/-/code-frame-7.29.7.tgz 0ms (cache hit)
489 http cache esbuild@https://registry.npmjs.org/esbuild/-/esbuild-0.28.0.tgz 0ms (cache hit)
490 http cache @esbuild/linux-x64@https://registry.npmjs.org/@esbuild/linux-x64/-/linux-x64-0.28.0.tgz 0ms (cache hit)
491 http cache semver@https://registry.npmjs.org/semver/-/semver-7.8.1.tgz 0ms (cache hit)
492 http cache debug@https://registry.npmjs.org/debug/-/debug-2.6.9.tgz 0ms (cache hit)
493 http cache ms@https://registry.npmjs.org/ms/-/ms-2.0.0.tgz 0ms (cache hit)
494 http cache picomatch@https://registry.npmjs.org/picomatch/-/picomatch-2.3.2.tgz 0ms (cache hit)
495 http cache supports-color@https://registry.npmjs.org/supports-color/-/supports-color-5.5.0.tgz 0ms (cache hit)
496 http cache semver@https://registry.npmjs.org/semver/-/semver-7.8.1.tgz 0ms (cache hit)
497 http cache ms@https://registry.npmjs.org/ms/-/ms-2.0.0.tgz 0ms (cache hit)
498 http cache debug@https://registry.npmjs.org/debug/-/debug-2.6.9.tgz 0ms (cache hit)
499 http cache debug@https://registry.npmjs.org/debug/-/debug-2.6.9.tgz 0ms (cache hit)
500 http cache ms@https://registry.npmjs.org/ms/-/ms-2.0.0.tgz 0ms (cache hit)
501 http cache ms@https://registry.npmjs.org/ms/-/ms-2.0.0.tgz 0ms (cache hit)
502 http cache debug@https://registry.npmjs.org/debug/-/debug-2.6.9.tgz 0ms (cache hit)
503 http cache picomatch@https://registry.npmjs.org/picomatch/-/picomatch-2.3.2.tgz 0ms (cache hit)
504 http cache @types/send@https://registry.npmjs.org/@types/send/-/send-0.17.6.tgz 0ms (cache hit)
505 http cache @cloudbase/wx-cloud-client-sdk@https://registry.npmjs.org/@cloudbase/wx-cloud-client-sdk/-/wx-cloud-client-sdk-1.8.6-beta.1.tgz 0ms (cache hit)
506 http cache @cloudbase/utilities@https://registry.npmjs.org/@cloudbase/utilities/-/utilities-2.20.3.tgz 0ms (cache hit)
507 http cache @cloudbase/types@https://registry.npmjs.org/@cloudbase/types/-/types-2.20.3.tgz 0ms (cache hit)
508 http cache web-streams-polyfill@https://registry.npmjs.org/web-streams-polyfill/-/web-streams-polyfill-4.3.0.tgz 0ms (cache hit)
509 http cache web-streams-polyfill@https://registry.npmjs.org/web-streams-polyfill/-/web-streams-polyfill-4.3.0.tgz 0ms (cache hit)
510 warn deprecated node-domexception@1.0.0: Use your platform's native DOMException instead
511 http fetch POST 200 https://registry.npmjs.org/-/npm/v1/security/advisories/bulk 3332ms
512 silly audit report {}
513 info run @google/genai@2.8.0 preinstall node_modules/@google/genai echo 'preinstall: no-op'
514 info run @google/genai@2.8.0 preinstall { code: 0, signal: null }
515 info run core-js-pure@3.49.0 postinstall node_modules/core-js-pure node -e "try{require('./postinstall')}catch(e){}"
516 info run esbuild@0.25.12 postinstall node_modules/esbuild node install.js
517 info run core-js-pure@3.49.0 postinstall { code: 0, signal: null }
518 info run protobufjs@7.6.2 postinstall node_modules/protobufjs node scripts/postinstall
519 info run esbuild@0.25.12 postinstall { code: 0, signal: null }
520 info run esbuild@0.28.0 postinstall node_modules/tsx/node_modules/esbuild node install.js
521 info run protobufjs@7.6.2 postinstall { code: 0, signal: null }
522 info run esbuild@0.28.0 postinstall { code: 0, signal: null }
523 silly ADD node_modules/yargs-parser
524 silly ADD node_modules/yargs
525 silly ADD node_modules/yallist
526 silly ADD node_modules/y18n
527 silly ADD node_modules/ws
528 silly ADD node_modules/wrap-ansi
529 silly ADD node_modules/web-streams-polyfill
530 silly ADD node_modules/vite
531 silly ADD node_modules/vary
532 silly ADD node_modules/utils-merge
533 silly ADD node_modules/update-browserslist-db
534 silly ADD node_modules/unpipe
535 silly ADD node_modules/undici-types
536 silly ADD node_modules/undefsafe
537 silly ADD node_modules/typescript
538 silly ADD node_modules/type-is
539 silly ADD node_modules/tsx
540 silly ADD node_modules/tsx/node_modules/esbuild
541 silly ADD
542 silly ADD
543 silly ADD
544 silly ADD
545 silly ADD
546 silly ADD
547 silly ADD
548 silly ADD
549 silly ADD
550 silly ADD node_modules/tsx/node_modules/@esbuild/linux-x64
551 silly ADD
552 silly ADD
553 silly ADD
554 silly ADD
555 silly ADD
556 silly ADD
557 silly ADD
558 silly ADD
559 silly ADD
560 silly ADD
561 silly ADD
562 silly ADD
563 silly ADD
564 silly ADD
565 silly ADD
566 silly ADD
567 silly ADD node_modules/tslib
568 silly ADD node_modules/tree-kill
569 silly ADD node_modules/touch
570 silly ADD node_modules/toidentifier
571 silly ADD node_modules/to-regex-range
572 silly ADD node_modules/tinyglobby
573 silly ADD node_modules/text-encoding-shim
574 silly ADD node_modules/tapable
575 silly ADD node_modules/tailwindcss
576 silly ADD node_modules/supports-preserve-symlinks-flag
577 silly ADD node_modules/supports-color
578 silly ADD node_modules/strip-ansi
579 silly ADD node_modules/string-width
580 silly ADD node_modules/statuses
581 silly ADD node_modules/source-map-js
582 silly ADD node_modules/simple-update-notifier
583 silly ADD node_modules/simple-update-notifier/node_modules/semver
584 silly ADD node_modules/side-channel-weakmap
585 silly ADD node_modules/side-channel-map
586 silly ADD node_modules/side-channel-list
587 silly ADD node_modules/side-channel
588 silly ADD node_modules/shell-quote
589 silly ADD node_modules/setprototypeof
590 silly ADD node_modules/serve-static
591 silly ADD node_modules/send
592 silly ADD node_modules/send/node_modules/debug
593 silly ADD node_modules/send/node_modules/debug/node_modules/ms
594 silly ADD node_modules/semver
595 silly ADD node_modules/scheduler
596 silly ADD node_modules/safer-buffer
597 silly ADD node_modules/safe-buffer
598 silly ADD node_modules/rxjs
599 silly ADD node_modules/rollup
600 silly ADD node_modules/retry
601 silly ADD node_modules/resolve
602 silly ADD node_modules/readdirp
603 silly ADD node_modules/readdirp/node_modules/picomatch
604 silly ADD node_modules/react-refresh
605 silly ADD node_modules/react-dom
606 silly ADD node_modules/react
607 silly ADD node_modules/raw-body
608 silly ADD node_modules/range-parser
609 silly ADD node_modules/qs
610 silly ADD node_modules/pstree.remy
611 silly ADD node_modules/proxy-addr
612 silly ADD node_modules/protobufjs
613 silly ADD node_modules/postcss-value-parser
614 silly ADD node_modules/postcss
615 silly ADD node_modules/picomatch
616 silly ADD node_modules/picocolors
617 silly ADD node_modules/path-to-regexp
618 silly ADD node_modules/path-parse
619 silly ADD node_modules/parseurl
620 silly ADD node_modules/p-retry
621 silly ADD node_modules/on-finished
622 silly ADD node_modules/object-inspect
623 silly ADD node_modules/object-assign
624 silly ADD node_modules/normalize-path
625 silly ADD node_modules/nodemon
626 silly ADD node_modules/nodemon/node_modules/supports-color
627 silly ADD node_modules/nodemon/node_modules/semver
628 silly ADD node_modules/node-releases
629 silly ADD node_modules/node-fetch
630 silly ADD node_modules/node-domexception
631 silly ADD node_modules/negotiator
632 silly ADD node_modules/nanoid
633 silly ADD node_modules/ms
634 silly ADD node_modules/motion-utils
635 silly ADD node_modules/motion-dom
636 silly ADD node_modules/motion
637 silly ADD node_modules/minimatch
638 silly ADD node_modules/mime-types
639 silly ADD node_modules/mime-db
640 silly ADD node_modules/mime
641 silly ADD node_modules/methods
642 silly ADD node_modules/merge-descriptors
643 silly ADD node_modules/media-typer
644 silly ADD node_modules/math-intrinsics
645 silly ADD node_modules/magic-string
646 silly ADD node_modules/lucide-react
647 silly ADD node_modules/lru-cache
648 silly ADD node_modules/long
649 silly ADD node_modules/lodash
650 silly ADD
651 silly ADD
652 silly ADD node_modules/lightningcss-linux-x64-musl
653 silly ADD node_modules/lightningcss-linux-x64-gnu
654 silly ADD
655 silly ADD
656 silly ADD
657 silly ADD
658 silly ADD
659 silly ADD
660 silly ADD
661 silly ADD node_modules/lightningcss
662 silly ADD node_modules/jwt-decode
663 silly ADD node_modules/jws
664 silly ADD node_modules/jwa
665 silly ADD node_modules/json5
666 silly ADD node_modules/json-bigint
667 silly ADD node_modules/jsesc
668 silly ADD node_modules/js-tokens
669 silly ADD node_modules/jiti
670 silly ADD node_modules/is-reference
671 silly ADD node_modules/is-number
672 silly ADD node_modules/is-module
673 silly ADD node_modules/is-glob
674 silly ADD node_modules/is-extglob
675 silly ADD node_modules/is-core-module
676 silly ADD node_modules/is-binary-path
677 silly ADD node_modules/ipaddr.js
678 silly ADD node_modules/inherits
679 silly ADD node_modules/ignore-by-default
680 silly ADD node_modules/iconv-lite
681 silly ADD node_modules/https-proxy-agent
682 silly ADD node_modules/http-errors
683 silly ADD node_modules/hasown
684 silly ADD node_modules/has-symbols
685 silly ADD node_modules/has-flag
686 silly ADD node_modules/graceful-fs
687 silly ADD node_modules/gopd
688 silly ADD node_modules/google-logging-utils
689 silly ADD node_modules/google-auth-library
690 silly ADD node_modules/glob-parent
691 silly ADD node_modules/get-proto
692 silly ADD node_modules/get-intrinsic
693 silly ADD node_modules/get-east-asian-width
694 silly ADD node_modules/get-caller-file
695 silly ADD node_modules/gensync
696 silly ADD node_modules/gcp-metadata
697 silly ADD node_modules/gaxios
698 silly ADD node_modules/function-bind
699 silly ADD
700 silly ADD node_modules/fresh
701 silly ADD node_modules/framer-motion
702 silly ADD node_modules/fraction.js
703 silly ADD node_modules/forwarded
704 silly ADD node_modules/formdata-polyfill
705 silly ADD node_modules/finalhandler
706 silly ADD node_modules/finalhandler/node_modules/ms
707 silly ADD node_modules/finalhandler/node_modules/debug
708 silly ADD node_modules/fill-range
709 silly ADD node_modules/fetch-blob
710 silly ADD node_modules/fdir
711 silly ADD node_modules/extend
712 silly ADD node_modules/express
713 silly ADD node_modules/express/node_modules/ms
714 silly ADD node_modules/express/node_modules/debug
715 silly ADD node_modules/etag
716 silly ADD node_modules/estree-walker
717 silly ADD node_modules/escape-html
718 silly ADD node_modules/escalade
719 silly ADD node_modules/esbuild
720 silly ADD node_modules/es-object-atoms
721 silly ADD node_modules/es-errors
722 silly ADD node_modules/es-define-property
723 silly ADD node_modules/enhanced-resolve
724 silly ADD node_modules/encodeurl
725 silly ADD node_modules/emoji-regex
726 silly ADD node_modules/electron-to-chromium
727 silly ADD node_modules/ee-first
728 silly ADD node_modules/ecdsa-sig-formatter
729 silly ADD node_modules/dunder-proto
730 silly ADD node_modules/dotenv
731 silly ADD node_modules/detect-libc
732 silly ADD node_modules/destroy
733 silly ADD node_modules/depd
734 silly ADD node_modules/deepmerge
735 silly ADD node_modules/debug
736 silly ADD node_modules/data-uri-to-buffer
737 silly ADD node_modules/cors
738 silly ADD node_modules/core-js-pure
739 silly ADD node_modules/cookie-signature
740 silly ADD node_modules/cookie
741 silly ADD node_modules/convert-source-map
742 silly ADD node_modules/content-type
743 silly ADD node_modules/content-disposition
744 silly ADD node_modules/concurrently
745 silly ADD node_modules/commondir
746 silly ADD node_modules/cliui
747 silly ADD node_modules/chokidar
748 silly ADD node_modules/chalk
749 silly ADD node_modules/caniuse-lite
750 silly ADD node_modules/call-bound
751 silly ADD node_modules/call-bind-apply-helpers
752 silly ADD node_modules/bytes
753 silly ADD node_modules/buffer-equal-constant-time
754 silly ADD node_modules/bson
755 silly ADD node_modules/browserslist
756 silly ADD node_modules/braces
757 silly ADD node_modules/brace-expansion
758 silly ADD node_modules/body-parser
759 silly ADD node_modules/body-parser/node_modules/ms
760 silly ADD node_modules/body-parser/node_modules/debug
761 silly ADD node_modules/binary-extensions
762 silly ADD node_modules/bignumber.js
763 silly ADD node_modules/baseline-browser-mapping
764 silly ADD node_modules/base64-js
765 silly ADD node_modules/balanced-match
766 silly ADD node_modules/autoprefixer
767 silly ADD node_modules/array-flatten
768 silly ADD node_modules/anymatch
769 silly ADD node_modules/anymatch/node_modules/picomatch
770 silly ADD node_modules/ansi-styles
771 silly ADD node_modules/ansi-regex
772 silly ADD node_modules/agent-base
773 silly ADD node_modules/accepts
774 silly ADD node_modules/@vitejs/plugin-react
775 silly ADD node_modules/@types/serve-static
776 silly ADD node_modules/@types/serve-static/node_modules/@types/send
777 silly ADD node_modules/@types/send
778 silly ADD node_modules/@types/retry
779 silly ADD node_modules/@types/resolve
780 silly ADD node_modules/@types/range-parser
781 silly ADD node_modules/@types/qs
782 silly ADD node_modules/@types/node
783 silly ADD node_modules/@types/mime
784 silly ADD node_modules/@types/http-errors
785 silly ADD node_modules/@types/express-serve-static-core
786 silly ADD node_modules/@types/express
787 silly ADD node_modules/@types/estree
788 silly ADD node_modules/@types/connect
789 silly ADD node_modules/@types/body-parser
790 silly ADD node_modules/@types/babel__traverse
791 silly ADD node_modules/@types/babel__template
792 silly ADD node_modules/@types/babel__generator
793 silly ADD node_modules/@types/babel__core
794 silly ADD node_modules/@tailwindcss/vite
795 silly ADD
796 silly ADD
797 silly ADD
798 silly ADD node_modules/@tailwindcss/oxide-linux-x64-musl
799 silly ADD node_modules/@tailwindcss/oxide-linux-x64-gnu
800 silly ADD
801 silly ADD
802 silly ADD
803 silly ADD
804 silly ADD
805 silly ADD
806 silly ADD
807 silly ADD node_modules/@tailwindcss/oxide
808 silly ADD node_modules/@tailwindcss/node
809 silly ADD
810 silly ADD
811 silly ADD
812 silly ADD
813 silly ADD
814 silly ADD
815 silly ADD node_modules/@rollup/rollup-linux-x64-musl
816 silly ADD node_modules/@rollup/rollup-linux-x64-gnu
817 silly ADD
818 silly ADD
819 silly ADD
820 silly ADD
821 silly ADD
822 silly ADD
823 silly ADD
824 silly ADD
825 silly ADD
826 silly ADD
827 silly ADD
828 silly ADD
829 silly ADD
830 silly ADD
831 silly ADD
832 silly ADD
833 silly ADD
834 silly ADD node_modules/@rollup/pluginutils
835 silly ADD node_modules/@rollup/plugin-node-resolve
836 silly ADD node_modules/@rollup/plugin-commonjs
837 silly ADD node_modules/@rolldown/pluginutils
838 silly ADD node_modules/@protobufjs/utf8
839 silly ADD node_modules/@protobufjs/pool
840 silly ADD node_modules/@protobufjs/path
841 silly ADD node_modules/@protobufjs/inquire
842 silly ADD node_modules/@protobufjs/float
843 silly ADD node_modules/@protobufjs/fetch
844 silly ADD node_modules/@protobufjs/eventemitter
845 silly ADD node_modules/@protobufjs/codegen
846 silly ADD node_modules/@protobufjs/base64
847 silly ADD node_modules/@protobufjs/aspromise
848 silly ADD node_modules/@mattiasbuelens/web-streams-adapter
849 silly ADD node_modules/@jridgewell/trace-mapping
850 silly ADD node_modules/@jridgewell/sourcemap-codec
851 silly ADD node_modules/@jridgewell/resolve-uri
852 silly ADD node_modules/@jridgewell/remapping
853 silly ADD node_modules/@jridgewell/gen-mapping
854 silly ADD node_modules/@google/genai
855 silly ADD
856 silly ADD
857 silly ADD
858 silly ADD
859 silly ADD
860 silly ADD
861 silly ADD
862 silly ADD
863 silly ADD
864 silly ADD node_modules/@esbuild/linux-x64
865 silly ADD
866 silly ADD
867 silly ADD
868 silly ADD
869 silly ADD
870 silly ADD
871 silly ADD
872 silly ADD
873 silly ADD
874 silly ADD
875 silly ADD
876 silly ADD
877 silly ADD
878 silly ADD
879 silly ADD
880 silly ADD
881 silly ADD node_modules/@cloudbase/wx-cloud-client-sdk
882 silly ADD node_modules/@cloudbase/utilities
883 silly ADD node_modules/@cloudbase/types
884 silly ADD node_modules/@cloudbase/storage
885 silly ADD node_modules/@cloudbase/realtime
886 silly ADD node_modules/@cloudbase/oauth
887 silly ADD node_modules/@cloudbase/mysql
888 silly ADD node_modules/@cloudbase/mysql/node_modules/@cloudbase/wx-cloud-client-sdk
889 silly ADD node_modules/@cloudbase/mysql/node_modules/@cloudbase/utilities
890 silly ADD node_modules/@cloudbase/mysql/node_modules/@cloudbase/types
891 silly ADD node_modules/@cloudbase/model
892 silly ADD node_modules/@cloudbase/js-sdk
893 silly ADD node_modules/@cloudbase/functions
894 silly ADD node_modules/@cloudbase/database
895 silly ADD node_modules/@cloudbase/cloudrun
896 silly ADD node_modules/@cloudbase/auth
897 silly ADD node_modules/@cloudbase/app
898 silly ADD node_modules/@cloudbase/apis
899 silly ADD node_modules/@cloudbase/analytics
900 silly ADD node_modules/@cloudbase/ai
901 silly ADD node_modules/@cloudbase/ai/node_modules/web-streams-polyfill
902 silly ADD node_modules/@cloudbase/adapter-wx_mp
903 silly ADD node_modules/@cloudbase/adapter-wx_mp/node_modules/web-streams-polyfill
904 silly ADD node_modules/@cloudbase/adapter-interface
905 silly ADD node_modules/@babel/types
906 silly ADD node_modules/@babel/traverse
907 silly ADD node_modules/@babel/template
908 silly ADD node_modules/@babel/plugin-transform-react-jsx-source
909 silly ADD node_modules/@babel/plugin-transform-react-jsx-self
910 silly ADD node_modules/@babel/parser
911 silly ADD node_modules/@babel/helpers
912 silly ADD node_modules/@babel/helper-validator-option
913 silly ADD node_modules/@babel/helper-validator-identifier
914 silly ADD node_modules/@babel/helper-string-parser
915 silly ADD node_modules/@babel/helper-plugin-utils
916 silly ADD node_modules/@babel/helper-module-transforms
917 silly ADD node_modules/@babel/helper-module-imports
918 silly ADD node_modules/@babel/helper-globals
919 silly ADD node_modules/@babel/helper-compilation-targets
920 silly ADD node_modules/@babel/generator
921 silly ADD node_modules/@babel/core
922 silly ADD node_modules/@babel/compat-data
923 silly ADD node_modules/@babel/code-frame
924 verbose cwd /tmp/workspace/a97c8650-d5af-4e3f-90e8-f8d938ffc3ae
925 verbose os Linux 5.4.119-19-0009-03_2.0.1-00029-gee3a514c359c
926 verbose node v22.22.2
927 verbose npm  v10.9.7
928 verbose exit 0
929 info ok
