0 verbose cli /usr/local/bin/node /usr/local/bin/npm
1 info using npm@10.9.7
2 info using node@v22.22.2
3 silly config load:file:/usr/local/lib/node_modules/npm/npmrc
4 silly config load:file:/tmp/workspace/a97c8650-d5af-4e3f-90e8-f8d938ffc3ae/.npmrc
5 silly config load:file:/usr/local/etc/npmrc
6 verbose title npm install @cloudbase/js-sdk
7 verbose argv "install" "@cloudbase/js-sdk"
8 verbose logfile logs-max:10 dir:/tmp/workspace/a97c8650-d5af-4e3f-90e8-f8d938ffc3ae/.npm/_logs/2026-06-05T08_02_19_156Z-
9 verbose logfile /tmp/workspace/a97c8650-d5af-4e3f-90e8-f8d938ffc3ae/.npm/_logs/2026-06-05T08_02_19_156Z-debug-0.log
10 silly logfile done cleaning log files
11 silly packumentCache heap:1098907648 maxSize:274726912 maxEntrySize:137363456
12 silly idealTree buildDeps
13 silly fetch manifest @cloudbase/js-sdk@^3.3.13
14 silly packumentCache full:https://registry.npmjs.org/@cloudbase%2fjs-sdk cache-miss
15 verbose shrinkwrap failed to load node_modules/.package-lock.json out of date, updated: node_modules
16 http fetch GET 200 https://registry.npmjs.org/@cloudbase%2fjs-sdk 2623ms (cache miss)
17 silly packumentCache full:https://registry.npmjs.org/@cloudbase%2fjs-sdk set size:undefined disposed:false
18 silly placeDep ROOT @cloudbase/js-sdk@3.3.13 REPLACE for: react-example@0.0.0 want: ^3.3.13
19 silly reify moves {}
20 verbose reify failed optional dependency /tmp/workspace/a97c8650-d5af-4e3f-90e8-f8d938ffc3ae/node_modules/@tailwindcss/oxide-wasm32-wasi
21 silly reify mark deleted [
21 silly reify   '/tmp/workspace/a97c8650-d5af-4e3f-90e8-f8d938ffc3ae/node_modules/@tailwindcss/oxide-wasm32-wasi'
21 silly reify ]
22 silly audit bulk request {
22 silly audit   '@babel/code-frame': [ '7.29.7' ],
22 silly audit   '@babel/compat-data': [ '7.29.7' ],
22 silly audit   '@babel/core': [ '7.29.7' ],
22 silly audit   '@babel/generator': [ '7.29.7' ],
22 silly audit   '@babel/helper-compilation-targets': [ '7.29.7' ],
22 silly audit   '@babel/helper-globals': [ '7.29.7' ],
22 silly audit   '@babel/helper-module-imports': [ '7.29.7' ],
22 silly audit   '@babel/helper-module-transforms': [ '7.29.7' ],
22 silly audit   '@babel/helper-plugin-utils': [ '7.29.7' ],
22 silly audit   '@babel/helper-string-parser': [ '7.29.7' ],
22 silly audit   '@babel/helper-validator-identifier': [ '7.29.7' ],
22 silly audit   '@babel/helper-validator-option': [ '7.29.7' ],
22 silly audit   '@babel/helpers': [ '7.29.7' ],
22 silly audit   '@babel/parser': [ '7.29.7' ],
22 silly audit   '@babel/plugin-transform-react-jsx-self': [ '7.29.7' ],
22 silly audit   '@babel/plugin-transform-react-jsx-source': [ '7.29.7' ],
22 silly audit   '@babel/template': [ '7.29.7' ],
22 silly audit   '@babel/traverse': [ '7.29.7' ],
22 silly audit   '@babel/types': [ '7.29.7' ],
22 silly audit   '@cloudbase/adapter-interface': [ '0.7.1' ],
22 silly audit   '@cloudbase/adapter-wx_mp': [ '1.3.1' ],
22 silly audit   'web-streams-polyfill': [ '4.3.0', '3.3.3' ],
22 silly audit   '@cloudbase/ai': [ '3.3.13' ],
22 silly audit   '@cloudbase/analytics': [ '3.3.13' ],
22 silly audit   '@cloudbase/apis': [ '3.3.13' ],
22 silly audit   '@cloudbase/app': [ '3.3.13' ],
22 silly audit   '@cloudbase/auth': [ '3.3.13' ],
22 silly audit   '@cloudbase/cloudrun': [ '3.3.13' ],
22 silly audit   '@cloudbase/database': [ '0.12.1' ],
22 silly audit   '@cloudbase/functions': [ '3.3.13' ],
22 silly audit   '@cloudbase/model': [ '3.3.13' ],
22 silly audit   '@cloudbase/mysql': [ '3.3.13' ],
22 silly audit   '@cloudbase/types': [ '2.20.3', '3.3.13' ],
22 silly audit   '@cloudbase/utilities': [ '2.20.3', '3.3.13' ],
22 silly audit   '@cloudbase/wx-cloud-client-sdk': [ '1.8.6-beta.1', '1.8.8' ],
22 silly audit   '@cloudbase/oauth': [ '3.3.13' ],
22 silly audit   '@cloudbase/realtime': [ '3.3.13' ],
22 silly audit   '@cloudbase/storage': [ '3.3.13' ],
22 silly audit   '@esbuild/aix-ppc64': [ '0.25.12', '0.28.0' ],
22 silly audit   '@esbuild/android-arm': [ '0.25.12', '0.28.0' ],
22 silly audit   '@esbuild/android-arm64': [ '0.25.12', '0.28.0' ],
22 silly audit   '@esbuild/android-x64': [ '0.25.12', '0.28.0' ],
22 silly audit   '@esbuild/darwin-arm64': [ '0.25.12', '0.28.0' ],
22 silly audit   '@esbuild/darwin-x64': [ '0.25.12', '0.28.0' ],
22 silly audit   '@esbuild/freebsd-arm64': [ '0.25.12', '0.28.0' ],
22 silly audit   '@esbuild/freebsd-x64': [ '0.25.12', '0.28.0' ],
22 silly audit   '@esbuild/linux-arm': [ '0.25.12', '0.28.0' ],
22 silly audit   '@esbuild/linux-arm64': [ '0.25.12', '0.28.0' ],
22 silly audit   '@esbuild/linux-ia32': [ '0.25.12', '0.28.0' ],
22 silly audit   '@esbuild/linux-loong64': [ '0.25.12', '0.28.0' ],
22 silly audit   '@esbuild/linux-mips64el': [ '0.25.12', '0.28.0' ],
22 silly audit   '@esbuild/linux-ppc64': [ '0.25.12', '0.28.0' ],
22 silly audit   '@esbuild/linux-riscv64': [ '0.25.12', '0.28.0' ],
22 silly audit   '@esbuild/linux-s390x': [ '0.25.12', '0.28.0' ],
22 silly audit   '@esbuild/linux-x64': [ '0.25.12', '0.28.0' ],
22 silly audit   '@esbuild/netbsd-arm64': [ '0.25.12', '0.28.0' ],
22 silly audit   '@esbuild/netbsd-x64': [ '0.25.12', '0.28.0' ],
22 silly audit   '@esbuild/openbsd-arm64': [ '0.25.12', '0.28.0' ],
22 silly audit   '@esbuild/openbsd-x64': [ '0.25.12', '0.28.0' ],
22 silly audit   '@esbuild/openharmony-arm64': [ '0.25.12', '0.28.0' ],
22 silly audit   '@esbuild/sunos-x64': [ '0.25.12', '0.28.0' ],
22 silly audit   '@esbuild/win32-arm64': [ '0.25.12', '0.28.0' ],
22 silly audit   '@esbuild/win32-ia32': [ '0.25.12', '0.28.0' ],
22 silly audit   '@esbuild/win32-x64': [ '0.25.12', '0.28.0' ],
22 silly audit   '@google/genai': [ '2.8.0' ],
22 silly audit   '@jridgewell/gen-mapping': [ '0.3.13' ],
22 silly audit   '@jridgewell/remapping': [ '2.3.5' ],
22 silly audit   '@jridgewell/resolve-uri': [ '3.1.2' ],
22 silly audit   '@jridgewell/sourcemap-codec': [ '1.5.5' ],
22 silly audit   '@jridgewell/trace-mapping': [ '0.3.31' ],
22 silly audit   '@mattiasbuelens/web-streams-adapter': [ '0.1.0' ],
22 silly audit   '@protobufjs/aspromise': [ '1.1.2' ],
22 silly audit   '@protobufjs/base64': [ '1.1.2' ],
22 silly audit   '@protobufjs/codegen': [ '2.0.5' ],
22 silly audit   '@protobufjs/eventemitter': [ '1.1.1' ],
22 silly audit   '@protobufjs/fetch': [ '1.1.1' ],
22 silly audit   '@protobufjs/float': [ '1.0.2' ],
22 silly audit   '@protobufjs/inquire': [ '1.1.2' ],
22 silly audit   '@protobufjs/path': [ '1.1.2' ],
22 silly audit   '@protobufjs/pool': [ '1.1.0' ],
22 silly audit   '@protobufjs/utf8': [ '1.1.1' ],
22 silly audit   '@rolldown/pluginutils': [ '1.0.0-rc.3' ],
22 silly audit   '@rollup/rollup-android-arm-eabi': [ '4.61.1' ],
22 silly audit   '@rollup/rollup-android-arm64': [ '4.61.1' ],
22 silly audit   '@rollup/rollup-darwin-arm64': [ '4.61.1' ],
22 silly audit   '@rollup/rollup-darwin-x64': [ '4.61.1' ],
22 silly audit   '@rollup/rollup-freebsd-arm64': [ '4.61.1' ],
22 silly audit   '@rollup/rollup-freebsd-x64': [ '4.61.1' ],
22 silly audit   '@rollup/rollup-linux-arm-gnueabihf': [ '4.61.1' ],
22 silly audit   '@rollup/rollup-linux-arm-musleabihf': [ '4.61.1' ],
22 silly audit   '@rollup/rollup-linux-arm64-gnu': [ '4.61.1' ],
22 silly audit   '@rollup/rollup-linux-arm64-musl': [ '4.61.1' ],
22 silly audit   '@rollup/rollup-linux-loong64-gnu': [ '4.61.1' ],
22 silly audit   '@rollup/rollup-linux-loong64-musl': [ '4.61.1' ],
22 silly audit   '@rollup/rollup-linux-ppc64-gnu': [ '4.61.1' ],
22 silly audit   '@rollup/rollup-linux-ppc64-musl': [ '4.61.1' ],
22 silly audit   '@rollup/rollup-linux-riscv64-gnu': [ '4.61.1' ],
22 silly audit   '@rollup/rollup-linux-riscv64-musl': [ '4.61.1' ],
22 silly audit   '@rollup/rollup-linux-s390x-gnu': [ '4.61.1' ],
22 silly audit   '@rollup/rollup-linux-x64-gnu': [ '4.61.1' ],
22 silly audit   '@rollup/rollup-linux-x64-musl': [ '4.61.1' ],
22 silly audit   '@rollup/rollup-openbsd-x64': [ '4.61.1' ],
22 silly audit   '@rollup/rollup-openharmony-arm64': [ '4.61.1' ],
22 silly audit   '@rollup/rollup-win32-arm64-msvc': [ '4.61.1' ],
22 silly audit   '@rollup/rollup-win32-ia32-msvc': [ '4.61.1' ],
22 silly audit   '@rollup/rollup-win32-x64-gnu': [ '4.61.1' ],
22 silly audit   '@rollup/rollup-win32-x64-msvc': [ '4.61.1' ],
22 silly audit   '@tailwindcss/node': [ '4.3.0' ],
22 silly audit   '@tailwindcss/oxide': [ '4.3.0' ],
22 silly audit   '@tailwindcss/oxide-android-arm64': [ '4.3.0' ],
22 silly audit   '@tailwindcss/oxide-darwin-arm64': [ '4.3.0' ],
22 silly audit   '@tailwindcss/oxide-darwin-x64': [ '4.3.0' ],
22 silly audit   '@tailwindcss/oxide-freebsd-x64': [ '4.3.0' ],
22 silly audit   '@tailwindcss/oxide-linux-arm-gnueabihf': [ '4.3.0' ],
22 silly audit   '@tailwindcss/oxide-linux-arm64-gnu': [ '4.3.0' ],
22 silly audit   '@tailwindcss/oxide-linux-arm64-musl': [ '4.3.0' ],
22 silly audit   '@tailwindcss/oxide-linux-x64-gnu': [ '4.3.0' ],
22 silly audit   '@tailwindcss/oxide-linux-x64-musl': [ '4.3.0' ],
22 silly audit   '@tailwindcss/oxide-win32-arm64-msvc': [ '4.3.0' ],
22 silly audit   '@tailwindcss/oxide-win32-x64-msvc': [ '4.3.0' ],
22 silly audit   '@tailwindcss/vite': [ '4.3.0' ],
22 silly audit   '@types/babel__core': [ '7.20.5' ],
22 silly audit   '@types/babel__generator': [ '7.27.0' ],
22 silly audit   '@types/babel__template': [ '7.4.4' ],
22 silly audit   '@types/babel__traverse': [ '7.28.0' ],
22 silly audit   '@types/body-parser': [ '1.19.6' ],
22 silly audit   '@types/connect': [ '3.4.38' ],
22 silly audit   '@types/estree': [ '1.0.9' ],
22 silly audit   '@types/express': [ '4.17.25' ],
22 silly audit   '@types/express-serve-static-core': [ '4.19.8' ],
22 silly audit   '@types/http-errors': [ '2.0.5' ],
22 silly audit   '@types/mime': [ '1.3.5' ],
22 silly audit   '@types/node': [ '22.19.19' ],
22 silly audit   '@types/qs': [ '6.15.1' ],
22 silly audit   '@types/range-parser': [ '1.2.7' ],
22 silly audit   '@types/retry': [ '0.12.0' ],
22 silly audit   '@types/send': [ '1.2.1', '0.17.6' ],
22 silly audit   '@types/serve-static': [ '1.15.10' ],
22 silly audit   '@vitejs/plugin-react': [ '5.2.0' ],
22 silly audit   accepts: [ '1.3.8' ],
22 silly audit   'agent-base': [ '7.1.4' ],
22 silly audit   'ansi-regex': [ '6.2.2' ],
22 silly audit   'ansi-styles': [ '6.2.3' ],
22 silly audit   anymatch: [ '3.1.3' ],
22 silly audit   picomatch: [ '2.3.2', '4.0.4' ],
22 silly audit   'array-flatten': [ '1.1.1' ],
22 silly audit   autoprefixer: [ '10.5.0' ],
22 silly audit   'balanced-match': [ '4.0.4' ],
22 silly audit   'base64-js': [ '1.5.1' ],
22 silly audit   'baseline-browser-mapping': [ '2.10.33' ],
22 silly audit   'bignumber.js': [ '9.3.1' ],
22 silly audit   'binary-extensions': [ '2.3.0' ],
22 silly audit   'body-parser': [ '1.20.5' ],
22 silly audit   debug: [ '2.6.9', '4.4.3' ],
22 silly audit   ms: [ '2.0.0', '2.1.3' ],
22 silly audit   'brace-expansion': [ '5.0.6' ],
22 silly audit   braces: [ '3.0.3' ],
22 silly audit   browserslist: [ '4.28.2' ],
22 silly audit   bson: [ '7.2.0' ],
22 silly audit   'buffer-equal-constant-time': [ '1.0.1' ],
22 silly audit   bytes: [ '3.1.2' ],
22 silly audit   'call-bind-apply-helpers': [ '1.0.2' ],
22 silly audit   'call-bound': [ '1.0.4' ],
22 silly audit   'caniuse-lite': [ '1.0.30001793' ],
22 silly audit   chalk: [ '5.6.2' ],
22 silly audit   chokidar: [ '3.6.0' ],
22 silly audit   cliui: [ '9.0.1' ],
22 silly audit   concurrently: [ '10.0.3' ],
22 silly audit   'content-disposition': [ '0.5.4' ],
22 silly audit   'content-type': [ '1.0.5' ],
22 silly audit   'convert-source-map': [ '2.0.0' ],
22 silly audit   cookie: [ '0.7.2' ],
22 silly audit   'cookie-signature': [ '1.0.7' ],
22 silly audit   'core-js-pure': [ '3.49.0' ],
22 silly audit   cors: [ '2.8.6' ],
22 silly audit   'data-uri-to-buffer': [ '4.0.1' ],
22 silly audit   depd: [ '2.0.0' ],
22 silly audit   destroy: [ '1.2.0' ],
22 silly audit   'detect-libc': [ '2.1.2' ],
22 silly audit   dotenv: [ '17.4.2' ],
22 silly audit   'dunder-proto': [ '1.0.1' ],
22 silly audit   'ecdsa-sig-formatter': [ '1.0.11' ],
22 silly audit   'ee-first': [ '1.1.1' ],
22 silly audit   'electron-to-chromium': [ '1.5.367' ],
22 silly audit   'emoji-regex': [ '10.6.0' ],
22 silly audit   encodeurl: [ '2.0.0' ],
22 silly audit   'enhanced-resolve': [ '5.22.2' ],
22 silly audit   'es-define-property': [ '1.0.1' ],
22 silly audit   'es-errors': [ '1.3.0' ],
22 silly audit   'es-object-atoms': [ '1.1.2' ],
22 silly audit   esbuild: [ '0.25.12', '0.28.0' ],
22 silly audit   escalade: [ '3.2.0' ],
22 silly audit   'escape-html': [ '1.0.3' ],
22 silly audit   etag: [ '1.8.1' ],
22 silly audit   express: [ '4.22.2' ],
22 silly audit   extend: [ '3.0.2' ],
22 silly audit   fdir: [ '6.5.0' ],
22 silly audit   'fetch-blob': [ '3.2.0' ],
22 silly audit   'fill-range': [ '7.1.1' ],
22 silly audit   finalhandler: [ '1.3.2' ],
22 silly audit   'formdata-polyfill': [ '4.0.10' ],
22 silly audit   forwarded: [ '0.2.0' ],
22 silly audit   'fraction.js': [ '5.3.4' ],
22 silly audit   'framer-motion': [ '12.40.0' ],
22 silly audit   fresh: [ '0.5.2' ],
22 silly audit   fsevents: [ '2.3.3' ],
22 silly audit   'function-bind': [ '1.1.2' ],
22 silly audit   gaxios: [ '7.1.4' ],
22 silly audit   'gcp-metadata': [ '8.1.2' ],
22 silly audit   gensync: [ '1.0.0-beta.2' ],
22 silly audit   'get-caller-file': [ '2.0.5' ],
22 silly audit   'get-east-asian-width': [ '1.6.0' ],
22 silly audit   'get-intrinsic': [ '1.3.0' ],
22 silly audit   'get-proto': [ '1.0.1' ],
22 silly audit   'glob-parent': [ '5.1.2' ],
22 silly audit   'google-auth-library': [ '10.6.2' ],
22 silly audit   'google-logging-utils': [ '1.1.3' ],
22 silly audit   gopd: [ '1.2.0' ],
22 silly audit   'graceful-fs': [ '4.2.11' ],
22 silly audit   'has-flag': [ '3.0.0' ],
22 silly audit   'has-symbols': [ '1.1.0' ],
22 silly audit   hasown: [ '2.0.4' ],
22 silly audit   'http-errors': [ '2.0.1' ],
22 silly audit   'https-proxy-agent': [ '7.0.6' ],
22 silly audit   'iconv-lite': [ '0.4.24' ],
22 silly audit   'ignore-by-default': [ '1.0.1' ],
22 silly audit   inherits: [ '2.0.4' ],
22 silly audit   'ipaddr.js': [ '1.9.1' ],
22 silly audit   'is-binary-path': [ '2.1.0' ],
22 silly audit   'is-extglob': [ '2.1.1' ],
22 silly audit   'is-glob': [ '4.0.3' ],
22 silly audit   'is-number': [ '7.0.0' ],
22 silly audit   jiti: [ '2.7.0' ],
22 silly audit   'js-tokens': [ '4.0.0' ],
22 silly audit   jsesc: [ '3.1.0' ],
22 silly audit   'json-bigint': [ '1.0.0' ],
22 silly audit   json5: [ '2.2.3' ],
22 silly audit   jwa: [ '2.0.1' ],
22 silly audit   jws: [ '4.0.1' ],
22 silly audit   'jwt-decode': [ '3.1.2' ],
22 silly audit   lightningcss: [ '1.32.0' ],
22 silly audit   'lightningcss-android-arm64': [ '1.32.0' ],
22 silly audit   'lightningcss-darwin-arm64': [ '1.32.0' ],
22 silly audit   'lightningcss-darwin-x64': [ '1.32.0' ],
22 silly audit   'lightningcss-freebsd-x64': [ '1.32.0' ],
22 silly audit   'lightningcss-linux-arm-gnueabihf': [ '1.32.0' ],
22 silly audit   'lightningcss-linux-arm64-gnu': [ '1.32.0' ],
22 silly audit   'lightningcss-linux-arm64-musl': [ '1.32.0' ],
22 silly audit   'lightningcss-linux-x64-gnu': [ '1.32.0' ],
22 silly audit   'lightningcss-linux-x64-musl': [ '1.32.0' ],
22 silly audit   'lightningcss-win32-arm64-msvc': [ '1.32.0' ],
22 silly audit   'lightningcss-win32-x64-msvc': [ '1.32.0' ],
22 silly audit   lodash: [ '4.18.1' ],
22 silly audit   long: [ '5.3.2' ],
22 silly audit   'lru-cache': [ '5.1.1' ],
22 silly audit   'lucide-react': [ '0.546.0' ],
22 silly audit   'magic-string': [ '0.30.21' ],
22 silly audit   'math-intrinsics': [ '1.1.0' ],
22 silly audit   'media-typer': [ '0.3.0' ],
22 silly audit   'merge-descriptors': [ '1.0.3' ],
22 silly audit   methods: [ '1.1.2' ],
22 silly audit   mime: [ '1.6.0' ],
22 silly audit   'mime-db': [ '1.52.0' ],
22 silly audit   'mime-types': [ '2.1.35' ],
22 silly audit   minimatch: [ '10.2.5' ],
22 silly audit   motion: [ '12.40.0' ],
22 silly audit   'motion-dom': [ '12.40.0' ],
22 silly audit   'motion-utils': [ '12.39.0' ],
22 silly audit   nanoid: [ '3.3.12' ],
22 silly audit   negotiator: [ '0.6.3' ],
22 silly audit   'node-domexception': [ '1.0.0' ],
22 silly audit   'node-fetch': [ '3.3.2' ],
22 silly audit   'node-releases': [ '2.0.47' ],
22 silly audit   nodemon: [ '3.1.14' ],
22 silly audit   semver: [ '7.8.1', '6.3.1' ],
22 silly audit   'supports-color': [ '5.5.0', '10.2.2' ],
22 silly audit   'normalize-path': [ '3.0.0' ],
22 silly audit   'object-assign': [ '4.1.1' ],
22 silly audit   'object-inspect': [ '1.13.4' ],
22 silly audit   'on-finished': [ '2.4.1' ],
22 silly audit   'p-retry': [ '4.6.2' ],
22 silly audit   parseurl: [ '1.3.3' ],
22 silly audit   'path-to-regexp': [ '0.1.13' ],
22 silly audit   picocolors: [ '1.1.1' ],
22 silly audit   postcss: [ '8.5.15' ],
22 silly audit   'postcss-value-parser': [ '4.2.0' ],
22 silly audit   protobufjs: [ '7.6.2' ],
22 silly audit   'proxy-addr': [ '2.0.7' ],
22 silly audit   'pstree.remy': [ '1.1.8' ],
22 silly audit   qs: [ '6.15.2' ],
22 silly audit   'range-parser': [ '1.2.1' ],
22 silly audit   'raw-body': [ '2.5.3' ],
22 silly audit   react: [ '19.2.7' ],
22 silly audit   'react-dom': [ '19.2.7' ],
22 silly audit   'react-refresh': [ '0.18.0' ],
22 silly audit   readdirp: [ '3.6.0' ],
22 silly audit   retry: [ '0.13.1' ],
22 silly audit   rollup: [ '4.61.1' ],
22 silly audit   rxjs: [ '7.8.2' ],
22 silly audit   'safe-buffer': [ '5.2.1' ],
22 silly audit   'safer-buffer': [ '2.1.2' ],
22 silly audit   scheduler: [ '0.27.0' ],
22 silly audit   send: [ '0.19.2' ],
22 silly audit   'serve-static': [ '1.16.3' ],
22 silly audit   setprototypeof: [ '1.2.0' ],
22 silly audit   'shell-quote': [ '1.8.4' ],
22 silly audit   'side-channel': [ '1.1.0' ],
22 silly audit   'side-channel-list': [ '1.0.1' ],
22 silly audit   'side-channel-map': [ '1.0.1' ],
22 silly audit   'side-channel-weakmap': [ '1.0.2' ],
22 silly audit   'simple-update-notifier': [ '2.0.0' ],
22 silly audit   'source-map-js': [ '1.2.1' ],
22 silly audit   statuses: [ '2.0.2' ],
22 silly audit   'string-width': [ '7.2.0' ],
22 silly audit   'strip-ansi': [ '7.2.0' ],
22 silly audit   tailwindcss: [ '4.3.0' ],
22 silly audit   tapable: [ '2.3.3' ],
22 silly audit   'text-encoding-shim': [ '1.0.5' ],
22 silly audit   tinyglobby: [ '0.2.17' ],
22 silly audit   'to-regex-range': [ '5.0.1' ],
22 silly audit   toidentifier: [ '1.0.1' ],
22 silly audit   touch: [ '3.1.1' ],
22 silly audit   'tree-kill': [ '1.2.2' ],
22 silly audit   tslib: [ '2.8.1' ],
22 silly audit   tsx: [ '4.22.4' ],
22 silly audit   'type-is': [ '1.6.18' ],
22 silly audit   typescript: [ '5.8.3' ],
22 silly audit   undefsafe: [ '2.0.5' ],
22 silly audit   'undici-types': [ '6.21.0' ],
22 silly audit   unpipe: [ '1.0.0' ],
22 silly audit   'update-browserslist-db': [ '1.2.3' ],
22 silly audit   'utils-merge': [ '1.0.1' ],
22 silly audit   vary: [ '1.1.2' ],
22 silly audit   vite: [ '6.4.3' ],
22 silly audit   'wrap-ansi': [ '9.0.2' ],
22 silly audit   ws: [ '8.21.0' ],
22 silly audit   y18n: [ '5.0.8' ],
22 silly audit   yallist: [ '3.1.1' ],
22 silly audit   yargs: [ '18.0.0' ],
22 silly audit   'yargs-parser': [ '22.0.0' ],
22 silly audit   '@cloudbase/js-sdk': [ '3.3.13' ],
22 silly audit   '@tailwindcss/oxide-wasm32-wasi': [ '4.3.0' ]
22 silly audit }
23 verbose reify failed optional dependency /tmp/workspace/a97c8650-d5af-4e3f-90e8-f8d938ffc3ae/node_modules/lightningcss-win32-x64-msvc
24 silly reify mark deleted [
24 silly reify   '/tmp/workspace/a97c8650-d5af-4e3f-90e8-f8d938ffc3ae/node_modules/lightningcss-win32-x64-msvc'
24 silly reify ]
25 verbose reify failed optional dependency /tmp/workspace/a97c8650-d5af-4e3f-90e8-f8d938ffc3ae/node_modules/lightningcss-win32-arm64-msvc
26 silly reify mark deleted [
26 silly reify   '/tmp/workspace/a97c8650-d5af-4e3f-90e8-f8d938ffc3ae/node_modules/lightningcss-win32-arm64-msvc'
26 silly reify ]
27 verbose reify failed optional dependency /tmp/workspace/a97c8650-d5af-4e3f-90e8-f8d938ffc3ae/node_modules/lightningcss-linux-arm64-musl
28 silly reify mark deleted [
28 silly reify   '/tmp/workspace/a97c8650-d5af-4e3f-90e8-f8d938ffc3ae/node_modules/lightningcss-linux-arm64-musl'
28 silly reify ]
29 verbose reify failed optional dependency /tmp/workspace/a97c8650-d5af-4e3f-90e8-f8d938ffc3ae/node_modules/lightningcss-linux-arm64-gnu
30 silly reify mark deleted [
30 silly reify   '/tmp/workspace/a97c8650-d5af-4e3f-90e8-f8d938ffc3ae/node_modules/lightningcss-linux-arm64-gnu'
30 silly reify ]
31 verbose reify failed optional dependency /tmp/workspace/a97c8650-d5af-4e3f-90e8-f8d938ffc3ae/node_modules/lightningcss-linux-arm-gnueabihf
32 silly reify mark deleted [
32 silly reify   '/tmp/workspace/a97c8650-d5af-4e3f-90e8-f8d938ffc3ae/node_modules/lightningcss-linux-arm-gnueabihf'
32 silly reify ]
33 verbose reify failed optional dependency /tmp/workspace/a97c8650-d5af-4e3f-90e8-f8d938ffc3ae/node_modules/lightningcss-freebsd-x64
34 silly reify mark deleted [
34 silly reify   '/tmp/workspace/a97c8650-d5af-4e3f-90e8-f8d938ffc3ae/node_modules/lightningcss-freebsd-x64'
34 silly reify ]
35 verbose reify failed optional dependency /tmp/workspace/a97c8650-d5af-4e3f-90e8-f8d938ffc3ae/node_modules/lightningcss-darwin-x64
36 silly reify mark deleted [
36 silly reify   '/tmp/workspace/a97c8650-d5af-4e3f-90e8-f8d938ffc3ae/node_modules/lightningcss-darwin-x64'
36 silly reify ]
37 verbose reify failed optional dependency /tmp/workspace/a97c8650-d5af-4e3f-90e8-f8d938ffc3ae/node_modules/lightningcss-darwin-arm64
38 silly reify mark deleted [
38 silly reify   '/tmp/workspace/a97c8650-d5af-4e3f-90e8-f8d938ffc3ae/node_modules/lightningcss-darwin-arm64'
38 silly reify ]
39 verbose reify failed optional dependency /tmp/workspace/a97c8650-d5af-4e3f-90e8-f8d938ffc3ae/node_modules/lightningcss-android-arm64
40 silly reify mark deleted [
40 silly reify   '/tmp/workspace/a97c8650-d5af-4e3f-90e8-f8d938ffc3ae/node_modules/lightningcss-android-arm64'
40 silly reify ]
41 verbose reify failed optional dependency /tmp/workspace/a97c8650-d5af-4e3f-90e8-f8d938ffc3ae/node_modules/fsevents
42 silly reify mark deleted [
42 silly reify   '/tmp/workspace/a97c8650-d5af-4e3f-90e8-f8d938ffc3ae/node_modules/fsevents'
42 silly reify ]
43 verbose reify failed optional dependency /tmp/workspace/a97c8650-d5af-4e3f-90e8-f8d938ffc3ae/node_modules/@tailwindcss/oxide-win32-x64-msvc
44 silly reify mark deleted [
44 silly reify   '/tmp/workspace/a97c8650-d5af-4e3f-90e8-f8d938ffc3ae/node_modules/@tailwindcss/oxide-win32-x64-msvc'
44 silly reify ]
45 verbose reify failed optional dependency /tmp/workspace/a97c8650-d5af-4e3f-90e8-f8d938ffc3ae/node_modules/@tailwindcss/oxide-win32-arm64-msvc
46 silly reify mark deleted [
46 silly reify   '/tmp/workspace/a97c8650-d5af-4e3f-90e8-f8d938ffc3ae/node_modules/@tailwindcss/oxide-win32-arm64-msvc'
46 silly reify ]
47 verbose reify failed optional dependency /tmp/workspace/a97c8650-d5af-4e3f-90e8-f8d938ffc3ae/node_modules/@tailwindcss/oxide-linux-arm64-musl
48 silly reify mark deleted [
48 silly reify   '/tmp/workspace/a97c8650-d5af-4e3f-90e8-f8d938ffc3ae/node_modules/@tailwindcss/oxide-linux-arm64-musl'
48 silly reify ]
49 verbose reify failed optional dependency /tmp/workspace/a97c8650-d5af-4e3f-90e8-f8d938ffc3ae/node_modules/@tailwindcss/oxide-linux-arm64-gnu
50 silly reify mark deleted [
50 silly reify   '/tmp/workspace/a97c8650-d5af-4e3f-90e8-f8d938ffc3ae/node_modules/@tailwindcss/oxide-linux-arm64-gnu'
50 silly reify ]
51 verbose reify failed optional dependency /tmp/workspace/a97c8650-d5af-4e3f-90e8-f8d938ffc3ae/node_modules/@tailwindcss/oxide-linux-arm-gnueabihf
52 silly reify mark deleted [
52 silly reify   '/tmp/workspace/a97c8650-d5af-4e3f-90e8-f8d938ffc3ae/node_modules/@tailwindcss/oxide-linux-arm-gnueabihf'
52 silly reify ]
53 verbose reify failed optional dependency /tmp/workspace/a97c8650-d5af-4e3f-90e8-f8d938ffc3ae/node_modules/@tailwindcss/oxide-freebsd-x64
54 silly reify mark deleted [
54 silly reify   '/tmp/workspace/a97c8650-d5af-4e3f-90e8-f8d938ffc3ae/node_modules/@tailwindcss/oxide-freebsd-x64'
54 silly reify ]
55 verbose reify failed optional dependency /tmp/workspace/a97c8650-d5af-4e3f-90e8-f8d938ffc3ae/node_modules/@tailwindcss/oxide-darwin-x64
56 silly reify mark deleted [
56 silly reify   '/tmp/workspace/a97c8650-d5af-4e3f-90e8-f8d938ffc3ae/node_modules/@tailwindcss/oxide-darwin-x64'
56 silly reify ]
57 verbose reify failed optional dependency /tmp/workspace/a97c8650-d5af-4e3f-90e8-f8d938ffc3ae/node_modules/@tailwindcss/oxide-darwin-arm64
58 silly reify mark deleted [
58 silly reify   '/tmp/workspace/a97c8650-d5af-4e3f-90e8-f8d938ffc3ae/node_modules/@tailwindcss/oxide-darwin-arm64'
58 silly reify ]
59 verbose reify failed optional dependency /tmp/workspace/a97c8650-d5af-4e3f-90e8-f8d938ffc3ae/node_modules/@tailwindcss/oxide-android-arm64
60 silly reify mark deleted [
60 silly reify   '/tmp/workspace/a97c8650-d5af-4e3f-90e8-f8d938ffc3ae/node_modules/@tailwindcss/oxide-android-arm64'
60 silly reify ]
61 verbose reify failed optional dependency /tmp/workspace/a97c8650-d5af-4e3f-90e8-f8d938ffc3ae/node_modules/@rollup/rollup-win32-x64-msvc
62 silly reify mark deleted [
62 silly reify   '/tmp/workspace/a97c8650-d5af-4e3f-90e8-f8d938ffc3ae/node_modules/@rollup/rollup-win32-x64-msvc'
62 silly reify ]
63 verbose reify failed optional dependency /tmp/workspace/a97c8650-d5af-4e3f-90e8-f8d938ffc3ae/node_modules/@rollup/rollup-win32-x64-gnu
64 silly reify mark deleted [
64 silly reify   '/tmp/workspace/a97c8650-d5af-4e3f-90e8-f8d938ffc3ae/node_modules/@rollup/rollup-win32-x64-gnu'
64 silly reify ]
65 verbose reify failed optional dependency /tmp/workspace/a97c8650-d5af-4e3f-90e8-f8d938ffc3ae/node_modules/@rollup/rollup-win32-ia32-msvc
66 silly reify mark deleted [
66 silly reify   '/tmp/workspace/a97c8650-d5af-4e3f-90e8-f8d938ffc3ae/node_modules/@rollup/rollup-win32-ia32-msvc'
66 silly reify ]
67 verbose reify failed optional dependency /tmp/workspace/a97c8650-d5af-4e3f-90e8-f8d938ffc3ae/node_modules/@rollup/rollup-win32-arm64-msvc
68 silly reify mark deleted [
68 silly reify   '/tmp/workspace/a97c8650-d5af-4e3f-90e8-f8d938ffc3ae/node_modules/@rollup/rollup-win32-arm64-msvc'
68 silly reify ]
69 verbose reify failed optional dependency /tmp/workspace/a97c8650-d5af-4e3f-90e8-f8d938ffc3ae/node_modules/@rollup/rollup-openharmony-arm64
70 silly reify mark deleted [
70 silly reify   '/tmp/workspace/a97c8650-d5af-4e3f-90e8-f8d938ffc3ae/node_modules/@rollup/rollup-openharmony-arm64'
70 silly reify ]
71 verbose reify failed optional dependency /tmp/workspace/a97c8650-d5af-4e3f-90e8-f8d938ffc3ae/node_modules/@rollup/rollup-openbsd-x64
72 silly reify mark deleted [
72 silly reify   '/tmp/workspace/a97c8650-d5af-4e3f-90e8-f8d938ffc3ae/node_modules/@rollup/rollup-openbsd-x64'
72 silly reify ]
73 verbose reify failed optional dependency /tmp/workspace/a97c8650-d5af-4e3f-90e8-f8d938ffc3ae/node_modules/@rollup/rollup-linux-s390x-gnu
74 silly reify mark deleted [
74 silly reify   '/tmp/workspace/a97c8650-d5af-4e3f-90e8-f8d938ffc3ae/node_modules/@rollup/rollup-linux-s390x-gnu'
74 silly reify ]
75 verbose reify failed optional dependency /tmp/workspace/a97c8650-d5af-4e3f-90e8-f8d938ffc3ae/node_modules/@rollup/rollup-linux-riscv64-musl
76 silly reify mark deleted [
76 silly reify   '/tmp/workspace/a97c8650-d5af-4e3f-90e8-f8d938ffc3ae/node_modules/@rollup/rollup-linux-riscv64-musl'
76 silly reify ]
77 verbose reify failed optional dependency /tmp/workspace/a97c8650-d5af-4e3f-90e8-f8d938ffc3ae/node_modules/@rollup/rollup-linux-riscv64-gnu
78 silly reify mark deleted [
78 silly reify   '/tmp/workspace/a97c8650-d5af-4e3f-90e8-f8d938ffc3ae/node_modules/@rollup/rollup-linux-riscv64-gnu'
78 silly reify ]
79 verbose reify failed optional dependency /tmp/workspace/a97c8650-d5af-4e3f-90e8-f8d938ffc3ae/node_modules/@rollup/rollup-linux-ppc64-musl
80 silly reify mark deleted [
80 silly reify   '/tmp/workspace/a97c8650-d5af-4e3f-90e8-f8d938ffc3ae/node_modules/@rollup/rollup-linux-ppc64-musl'
80 silly reify ]
81 verbose reify failed optional dependency /tmp/workspace/a97c8650-d5af-4e3f-90e8-f8d938ffc3ae/node_modules/@rollup/rollup-linux-ppc64-gnu
82 silly reify mark deleted [
82 silly reify   '/tmp/workspace/a97c8650-d5af-4e3f-90e8-f8d938ffc3ae/node_modules/@rollup/rollup-linux-ppc64-gnu'
82 silly reify ]
83 verbose reify failed optional dependency /tmp/workspace/a97c8650-d5af-4e3f-90e8-f8d938ffc3ae/node_modules/@rollup/rollup-linux-loong64-musl
84 silly reify mark deleted [
84 silly reify   '/tmp/workspace/a97c8650-d5af-4e3f-90e8-f8d938ffc3ae/node_modules/@rollup/rollup-linux-loong64-musl'
84 silly reify ]
85 verbose reify failed optional dependency /tmp/workspace/a97c8650-d5af-4e3f-90e8-f8d938ffc3ae/node_modules/@rollup/rollup-linux-loong64-gnu
86 silly reify mark deleted [
86 silly reify   '/tmp/workspace/a97c8650-d5af-4e3f-90e8-f8d938ffc3ae/node_modules/@rollup/rollup-linux-loong64-gnu'
86 silly reify ]
87 verbose reify failed optional dependency /tmp/workspace/a97c8650-d5af-4e3f-90e8-f8d938ffc3ae/node_modules/@rollup/rollup-linux-arm64-musl
88 silly reify mark deleted [
88 silly reify   '/tmp/workspace/a97c8650-d5af-4e3f-90e8-f8d938ffc3ae/node_modules/@rollup/rollup-linux-arm64-musl'
88 silly reify ]
89 verbose reify failed optional dependency /tmp/workspace/a97c8650-d5af-4e3f-90e8-f8d938ffc3ae/node_modules/@rollup/rollup-linux-arm64-gnu
90 silly reify mark deleted [
90 silly reify   '/tmp/workspace/a97c8650-d5af-4e3f-90e8-f8d938ffc3ae/node_modules/@rollup/rollup-linux-arm64-gnu'
90 silly reify ]
91 verbose reify failed optional dependency /tmp/workspace/a97c8650-d5af-4e3f-90e8-f8d938ffc3ae/node_modules/@rollup/rollup-linux-arm-musleabihf
92 silly reify mark deleted [
92 silly reify   '/tmp/workspace/a97c8650-d5af-4e3f-90e8-f8d938ffc3ae/node_modules/@rollup/rollup-linux-arm-musleabihf'
92 silly reify ]
93 verbose reify failed optional dependency /tmp/workspace/a97c8650-d5af-4e3f-90e8-f8d938ffc3ae/node_modules/@rollup/rollup-linux-arm-gnueabihf
94 silly reify mark deleted [
94 silly reify   '/tmp/workspace/a97c8650-d5af-4e3f-90e8-f8d938ffc3ae/node_modules/@rollup/rollup-linux-arm-gnueabihf'
94 silly reify ]
95 verbose reify failed optional dependency /tmp/workspace/a97c8650-d5af-4e3f-90e8-f8d938ffc3ae/node_modules/@rollup/rollup-freebsd-x64
96 silly reify mark deleted [
96 silly reify   '/tmp/workspace/a97c8650-d5af-4e3f-90e8-f8d938ffc3ae/node_modules/@rollup/rollup-freebsd-x64'
96 silly reify ]
97 verbose reify failed optional dependency /tmp/workspace/a97c8650-d5af-4e3f-90e8-f8d938ffc3ae/node_modules/@rollup/rollup-freebsd-arm64
98 silly reify mark deleted [
98 silly reify   '/tmp/workspace/a97c8650-d5af-4e3f-90e8-f8d938ffc3ae/node_modules/@rollup/rollup-freebsd-arm64'
98 silly reify ]
99 verbose reify failed optional dependency /tmp/workspace/a97c8650-d5af-4e3f-90e8-f8d938ffc3ae/node_modules/@rollup/rollup-darwin-x64
100 silly reify mark deleted [
100 silly reify   '/tmp/workspace/a97c8650-d5af-4e3f-90e8-f8d938ffc3ae/node_modules/@rollup/rollup-darwin-x64'
100 silly reify ]
101 verbose reify failed optional dependency /tmp/workspace/a97c8650-d5af-4e3f-90e8-f8d938ffc3ae/node_modules/@rollup/rollup-darwin-arm64
102 silly reify mark deleted [
102 silly reify   '/tmp/workspace/a97c8650-d5af-4e3f-90e8-f8d938ffc3ae/node_modules/@rollup/rollup-darwin-arm64'
102 silly reify ]
103 verbose reify failed optional dependency /tmp/workspace/a97c8650-d5af-4e3f-90e8-f8d938ffc3ae/node_modules/@rollup/rollup-android-arm64
104 silly reify mark deleted [
104 silly reify   '/tmp/workspace/a97c8650-d5af-4e3f-90e8-f8d938ffc3ae/node_modules/@rollup/rollup-android-arm64'
104 silly reify ]
105 verbose reify failed optional dependency /tmp/workspace/a97c8650-d5af-4e3f-90e8-f8d938ffc3ae/node_modules/@rollup/rollup-android-arm-eabi
106 silly reify mark deleted [
106 silly reify   '/tmp/workspace/a97c8650-d5af-4e3f-90e8-f8d938ffc3ae/node_modules/@rollup/rollup-android-arm-eabi'
106 silly reify ]
107 verbose reify failed optional dependency /tmp/workspace/a97c8650-d5af-4e3f-90e8-f8d938ffc3ae/node_modules/@esbuild/win32-x64
108 silly reify mark deleted [
108 silly reify   '/tmp/workspace/a97c8650-d5af-4e3f-90e8-f8d938ffc3ae/node_modules/@esbuild/win32-x64'
108 silly reify ]
109 verbose reify failed optional dependency /tmp/workspace/a97c8650-d5af-4e3f-90e8-f8d938ffc3ae/node_modules/@esbuild/win32-ia32
110 silly reify mark deleted [
110 silly reify   '/tmp/workspace/a97c8650-d5af-4e3f-90e8-f8d938ffc3ae/node_modules/@esbuild/win32-ia32'
110 silly reify ]
111 verbose reify failed optional dependency /tmp/workspace/a97c8650-d5af-4e3f-90e8-f8d938ffc3ae/node_modules/@esbuild/win32-arm64
112 silly reify mark deleted [
112 silly reify   '/tmp/workspace/a97c8650-d5af-4e3f-90e8-f8d938ffc3ae/node_modules/@esbuild/win32-arm64'
112 silly reify ]
113 verbose reify failed optional dependency /tmp/workspace/a97c8650-d5af-4e3f-90e8-f8d938ffc3ae/node_modules/@esbuild/sunos-x64
114 silly reify mark deleted [
114 silly reify   '/tmp/workspace/a97c8650-d5af-4e3f-90e8-f8d938ffc3ae/node_modules/@esbuild/sunos-x64'
114 silly reify ]
115 verbose reify failed optional dependency /tmp/workspace/a97c8650-d5af-4e3f-90e8-f8d938ffc3ae/node_modules/@esbuild/openharmony-arm64
116 silly reify mark deleted [
116 silly reify   '/tmp/workspace/a97c8650-d5af-4e3f-90e8-f8d938ffc3ae/node_modules/@esbuild/openharmony-arm64'
116 silly reify ]
117 verbose reify failed optional dependency /tmp/workspace/a97c8650-d5af-4e3f-90e8-f8d938ffc3ae/node_modules/@esbuild/openbsd-x64
118 silly reify mark deleted [
118 silly reify   '/tmp/workspace/a97c8650-d5af-4e3f-90e8-f8d938ffc3ae/node_modules/@esbuild/openbsd-x64'
118 silly reify ]
119 verbose reify failed optional dependency /tmp/workspace/a97c8650-d5af-4e3f-90e8-f8d938ffc3ae/node_modules/@esbuild/openbsd-arm64
120 silly reify mark deleted [
120 silly reify   '/tmp/workspace/a97c8650-d5af-4e3f-90e8-f8d938ffc3ae/node_modules/@esbuild/openbsd-arm64'
120 silly reify ]
121 verbose reify failed optional dependency /tmp/workspace/a97c8650-d5af-4e3f-90e8-f8d938ffc3ae/node_modules/@esbuild/netbsd-x64
122 silly reify mark deleted [
122 silly reify   '/tmp/workspace/a97c8650-d5af-4e3f-90e8-f8d938ffc3ae/node_modules/@esbuild/netbsd-x64'
122 silly reify ]
123 verbose reify failed optional dependency /tmp/workspace/a97c8650-d5af-4e3f-90e8-f8d938ffc3ae/node_modules/@esbuild/netbsd-arm64
124 silly reify mark deleted [
124 silly reify   '/tmp/workspace/a97c8650-d5af-4e3f-90e8-f8d938ffc3ae/node_modules/@esbuild/netbsd-arm64'
124 silly reify ]
125 verbose reify failed optional dependency /tmp/workspace/a97c8650-d5af-4e3f-90e8-f8d938ffc3ae/node_modules/@esbuild/linux-s390x
126 silly reify mark deleted [
126 silly reify   '/tmp/workspace/a97c8650-d5af-4e3f-90e8-f8d938ffc3ae/node_modules/@esbuild/linux-s390x'
126 silly reify ]
127 verbose reify failed optional dependency /tmp/workspace/a97c8650-d5af-4e3f-90e8-f8d938ffc3ae/node_modules/@esbuild/linux-riscv64
128 silly reify mark deleted [
128 silly reify   '/tmp/workspace/a97c8650-d5af-4e3f-90e8-f8d938ffc3ae/node_modules/@esbuild/linux-riscv64'
128 silly reify ]
129 verbose reify failed optional dependency /tmp/workspace/a97c8650-d5af-4e3f-90e8-f8d938ffc3ae/node_modules/@esbuild/linux-ppc64
130 silly reify mark deleted [
130 silly reify   '/tmp/workspace/a97c8650-d5af-4e3f-90e8-f8d938ffc3ae/node_modules/@esbuild/linux-ppc64'
130 silly reify ]
131 verbose reify failed optional dependency /tmp/workspace/a97c8650-d5af-4e3f-90e8-f8d938ffc3ae/node_modules/@esbuild/linux-mips64el
132 silly reify mark deleted [
132 silly reify   '/tmp/workspace/a97c8650-d5af-4e3f-90e8-f8d938ffc3ae/node_modules/@esbuild/linux-mips64el'
132 silly reify ]
133 verbose reify failed optional dependency /tmp/workspace/a97c8650-d5af-4e3f-90e8-f8d938ffc3ae/node_modules/@esbuild/linux-loong64
134 silly reify mark deleted [
134 silly reify   '/tmp/workspace/a97c8650-d5af-4e3f-90e8-f8d938ffc3ae/node_modules/@esbuild/linux-loong64'
134 silly reify ]
135 verbose reify failed optional dependency /tmp/workspace/a97c8650-d5af-4e3f-90e8-f8d938ffc3ae/node_modules/@esbuild/linux-ia32
136 silly reify mark deleted [
136 silly reify   '/tmp/workspace/a97c8650-d5af-4e3f-90e8-f8d938ffc3ae/node_modules/@esbuild/linux-ia32'
136 silly reify ]
137 verbose reify failed optional dependency /tmp/workspace/a97c8650-d5af-4e3f-90e8-f8d938ffc3ae/node_modules/@esbuild/linux-arm64
138 silly reify mark deleted [
138 silly reify   '/tmp/workspace/a97c8650-d5af-4e3f-90e8-f8d938ffc3ae/node_modules/@esbuild/linux-arm64'
138 silly reify ]
139 verbose reify failed optional dependency /tmp/workspace/a97c8650-d5af-4e3f-90e8-f8d938ffc3ae/node_modules/@esbuild/linux-arm
140 silly reify mark deleted [
140 silly reify   '/tmp/workspace/a97c8650-d5af-4e3f-90e8-f8d938ffc3ae/node_modules/@esbuild/linux-arm'
140 silly reify ]
141 verbose reify failed optional dependency /tmp/workspace/a97c8650-d5af-4e3f-90e8-f8d938ffc3ae/node_modules/@esbuild/freebsd-x64
142 silly reify mark deleted [
142 silly reify   '/tmp/workspace/a97c8650-d5af-4e3f-90e8-f8d938ffc3ae/node_modules/@esbuild/freebsd-x64'
142 silly reify ]
143 verbose reify failed optional dependency /tmp/workspace/a97c8650-d5af-4e3f-90e8-f8d938ffc3ae/node_modules/@esbuild/freebsd-arm64
144 silly reify mark deleted [
144 silly reify   '/tmp/workspace/a97c8650-d5af-4e3f-90e8-f8d938ffc3ae/node_modules/@esbuild/freebsd-arm64'
144 silly reify ]
145 verbose reify failed optional dependency /tmp/workspace/a97c8650-d5af-4e3f-90e8-f8d938ffc3ae/node_modules/@esbuild/darwin-x64
146 silly reify mark deleted [
146 silly reify   '/tmp/workspace/a97c8650-d5af-4e3f-90e8-f8d938ffc3ae/node_modules/@esbuild/darwin-x64'
146 silly reify ]
147 verbose reify failed optional dependency /tmp/workspace/a97c8650-d5af-4e3f-90e8-f8d938ffc3ae/node_modules/@esbuild/darwin-arm64
148 silly reify mark deleted [
148 silly reify   '/tmp/workspace/a97c8650-d5af-4e3f-90e8-f8d938ffc3ae/node_modules/@esbuild/darwin-arm64'
148 silly reify ]
149 verbose reify failed optional dependency /tmp/workspace/a97c8650-d5af-4e3f-90e8-f8d938ffc3ae/node_modules/@esbuild/android-x64
150 silly reify mark deleted [
150 silly reify   '/tmp/workspace/a97c8650-d5af-4e3f-90e8-f8d938ffc3ae/node_modules/@esbuild/android-x64'
150 silly reify ]
151 verbose reify failed optional dependency /tmp/workspace/a97c8650-d5af-4e3f-90e8-f8d938ffc3ae/node_modules/@esbuild/android-arm64
152 silly reify mark deleted [
152 silly reify   '/tmp/workspace/a97c8650-d5af-4e3f-90e8-f8d938ffc3ae/node_modules/@esbuild/android-arm64'
152 silly reify ]
153 verbose reify failed optional dependency /tmp/workspace/a97c8650-d5af-4e3f-90e8-f8d938ffc3ae/node_modules/@esbuild/android-arm
154 silly reify mark deleted [
154 silly reify   '/tmp/workspace/a97c8650-d5af-4e3f-90e8-f8d938ffc3ae/node_modules/@esbuild/android-arm'
154 silly reify ]
155 verbose reify failed optional dependency /tmp/workspace/a97c8650-d5af-4e3f-90e8-f8d938ffc3ae/node_modules/@esbuild/aix-ppc64
156 silly reify mark deleted [
156 silly reify   '/tmp/workspace/a97c8650-d5af-4e3f-90e8-f8d938ffc3ae/node_modules/@esbuild/aix-ppc64'
156 silly reify ]
157 verbose reify failed optional dependency /tmp/workspace/a97c8650-d5af-4e3f-90e8-f8d938ffc3ae/node_modules/tsx/node_modules/@esbuild/win32-x64
158 silly reify mark deleted [
158 silly reify   '/tmp/workspace/a97c8650-d5af-4e3f-90e8-f8d938ffc3ae/node_modules/tsx/node_modules/@esbuild/win32-x64'
158 silly reify ]
159 verbose reify failed optional dependency /tmp/workspace/a97c8650-d5af-4e3f-90e8-f8d938ffc3ae/node_modules/tsx/node_modules/@esbuild/win32-ia32
160 silly reify mark deleted [
160 silly reify   '/tmp/workspace/a97c8650-d5af-4e3f-90e8-f8d938ffc3ae/node_modules/tsx/node_modules/@esbuild/win32-ia32'
160 silly reify ]
161 verbose reify failed optional dependency /tmp/workspace/a97c8650-d5af-4e3f-90e8-f8d938ffc3ae/node_modules/tsx/node_modules/@esbuild/win32-arm64
162 silly reify mark deleted [
162 silly reify   '/tmp/workspace/a97c8650-d5af-4e3f-90e8-f8d938ffc3ae/node_modules/tsx/node_modules/@esbuild/win32-arm64'
162 silly reify ]
163 verbose reify failed optional dependency /tmp/workspace/a97c8650-d5af-4e3f-90e8-f8d938ffc3ae/node_modules/tsx/node_modules/@esbuild/sunos-x64
164 silly reify mark deleted [
164 silly reify   '/tmp/workspace/a97c8650-d5af-4e3f-90e8-f8d938ffc3ae/node_modules/tsx/node_modules/@esbuild/sunos-x64'
164 silly reify ]
165 verbose reify failed optional dependency /tmp/workspace/a97c8650-d5af-4e3f-90e8-f8d938ffc3ae/node_modules/tsx/node_modules/@esbuild/openharmony-arm64
166 silly reify mark deleted [
166 silly reify   '/tmp/workspace/a97c8650-d5af-4e3f-90e8-f8d938ffc3ae/node_modules/tsx/node_modules/@esbuild/openharmony-arm64'
166 silly reify ]
167 verbose reify failed optional dependency /tmp/workspace/a97c8650-d5af-4e3f-90e8-f8d938ffc3ae/node_modules/tsx/node_modules/@esbuild/openbsd-x64
168 silly reify mark deleted [
168 silly reify   '/tmp/workspace/a97c8650-d5af-4e3f-90e8-f8d938ffc3ae/node_modules/tsx/node_modules/@esbuild/openbsd-x64'
168 silly reify ]
169 verbose reify failed optional dependency /tmp/workspace/a97c8650-d5af-4e3f-90e8-f8d938ffc3ae/node_modules/tsx/node_modules/@esbuild/openbsd-arm64
170 silly reify mark deleted [
170 silly reify   '/tmp/workspace/a97c8650-d5af-4e3f-90e8-f8d938ffc3ae/node_modules/tsx/node_modules/@esbuild/openbsd-arm64'
170 silly reify ]
171 verbose reify failed optional dependency /tmp/workspace/a97c8650-d5af-4e3f-90e8-f8d938ffc3ae/node_modules/tsx/node_modules/@esbuild/netbsd-x64
172 silly reify mark deleted [
172 silly reify   '/tmp/workspace/a97c8650-d5af-4e3f-90e8-f8d938ffc3ae/node_modules/tsx/node_modules/@esbuild/netbsd-x64'
172 silly reify ]
173 verbose reify failed optional dependency /tmp/workspace/a97c8650-d5af-4e3f-90e8-f8d938ffc3ae/node_modules/tsx/node_modules/@esbuild/netbsd-arm64
174 silly reify mark deleted [
174 silly reify   '/tmp/workspace/a97c8650-d5af-4e3f-90e8-f8d938ffc3ae/node_modules/tsx/node_modules/@esbuild/netbsd-arm64'
174 silly reify ]
175 verbose reify failed optional dependency /tmp/workspace/a97c8650-d5af-4e3f-90e8-f8d938ffc3ae/node_modules/tsx/node_modules/@esbuild/linux-s390x
176 silly reify mark deleted [
176 silly reify   '/tmp/workspace/a97c8650-d5af-4e3f-90e8-f8d938ffc3ae/node_modules/tsx/node_modules/@esbuild/linux-s390x'
176 silly reify ]
177 verbose reify failed optional dependency /tmp/workspace/a97c8650-d5af-4e3f-90e8-f8d938ffc3ae/node_modules/tsx/node_modules/@esbuild/linux-riscv64
178 silly reify mark deleted [
178 silly reify   '/tmp/workspace/a97c8650-d5af-4e3f-90e8-f8d938ffc3ae/node_modules/tsx/node_modules/@esbuild/linux-riscv64'
178 silly reify ]
179 verbose reify failed optional dependency /tmp/workspace/a97c8650-d5af-4e3f-90e8-f8d938ffc3ae/node_modules/tsx/node_modules/@esbuild/linux-ppc64
180 silly reify mark deleted [
180 silly reify   '/tmp/workspace/a97c8650-d5af-4e3f-90e8-f8d938ffc3ae/node_modules/tsx/node_modules/@esbuild/linux-ppc64'
180 silly reify ]
181 verbose reify failed optional dependency /tmp/workspace/a97c8650-d5af-4e3f-90e8-f8d938ffc3ae/node_modules/tsx/node_modules/@esbuild/linux-mips64el
182 silly reify mark deleted [
182 silly reify   '/tmp/workspace/a97c8650-d5af-4e3f-90e8-f8d938ffc3ae/node_modules/tsx/node_modules/@esbuild/linux-mips64el'
182 silly reify ]
183 verbose reify failed optional dependency /tmp/workspace/a97c8650-d5af-4e3f-90e8-f8d938ffc3ae/node_modules/tsx/node_modules/@esbuild/linux-loong64
184 silly reify mark deleted [
184 silly reify   '/tmp/workspace/a97c8650-d5af-4e3f-90e8-f8d938ffc3ae/node_modules/tsx/node_modules/@esbuild/linux-loong64'
184 silly reify ]
185 verbose reify failed optional dependency /tmp/workspace/a97c8650-d5af-4e3f-90e8-f8d938ffc3ae/node_modules/tsx/node_modules/@esbuild/linux-ia32
186 silly reify mark deleted [
186 silly reify   '/tmp/workspace/a97c8650-d5af-4e3f-90e8-f8d938ffc3ae/node_modules/tsx/node_modules/@esbuild/linux-ia32'
186 silly reify ]
187 verbose reify failed optional dependency /tmp/workspace/a97c8650-d5af-4e3f-90e8-f8d938ffc3ae/node_modules/tsx/node_modules/@esbuild/linux-arm64
188 silly reify mark deleted [
188 silly reify   '/tmp/workspace/a97c8650-d5af-4e3f-90e8-f8d938ffc3ae/node_modules/tsx/node_modules/@esbuild/linux-arm64'
188 silly reify ]
189 verbose reify failed optional dependency /tmp/workspace/a97c8650-d5af-4e3f-90e8-f8d938ffc3ae/node_modules/tsx/node_modules/@esbuild/linux-arm
190 silly reify mark deleted [
190 silly reify   '/tmp/workspace/a97c8650-d5af-4e3f-90e8-f8d938ffc3ae/node_modules/tsx/node_modules/@esbuild/linux-arm'
190 silly reify ]
191 verbose reify failed optional dependency /tmp/workspace/a97c8650-d5af-4e3f-90e8-f8d938ffc3ae/node_modules/tsx/node_modules/@esbuild/freebsd-x64
192 silly reify mark deleted [
192 silly reify   '/tmp/workspace/a97c8650-d5af-4e3f-90e8-f8d938ffc3ae/node_modules/tsx/node_modules/@esbuild/freebsd-x64'
192 silly reify ]
193 verbose reify failed optional dependency /tmp/workspace/a97c8650-d5af-4e3f-90e8-f8d938ffc3ae/node_modules/tsx/node_modules/@esbuild/freebsd-arm64
194 silly reify mark deleted [
194 silly reify   '/tmp/workspace/a97c8650-d5af-4e3f-90e8-f8d938ffc3ae/node_modules/tsx/node_modules/@esbuild/freebsd-arm64'
194 silly reify ]
195 verbose reify failed optional dependency /tmp/workspace/a97c8650-d5af-4e3f-90e8-f8d938ffc3ae/node_modules/tsx/node_modules/@esbuild/darwin-x64
196 silly reify mark deleted [
196 silly reify   '/tmp/workspace/a97c8650-d5af-4e3f-90e8-f8d938ffc3ae/node_modules/tsx/node_modules/@esbuild/darwin-x64'
196 silly reify ]
197 verbose reify failed optional dependency /tmp/workspace/a97c8650-d5af-4e3f-90e8-f8d938ffc3ae/node_modules/tsx/node_modules/@esbuild/darwin-arm64
198 silly reify mark deleted [
198 silly reify   '/tmp/workspace/a97c8650-d5af-4e3f-90e8-f8d938ffc3ae/node_modules/tsx/node_modules/@esbuild/darwin-arm64'
198 silly reify ]
199 verbose reify failed optional dependency /tmp/workspace/a97c8650-d5af-4e3f-90e8-f8d938ffc3ae/node_modules/tsx/node_modules/@esbuild/android-x64
200 silly reify mark deleted [
200 silly reify   '/tmp/workspace/a97c8650-d5af-4e3f-90e8-f8d938ffc3ae/node_modules/tsx/node_modules/@esbuild/android-x64'
200 silly reify ]
201 verbose reify failed optional dependency /tmp/workspace/a97c8650-d5af-4e3f-90e8-f8d938ffc3ae/node_modules/tsx/node_modules/@esbuild/android-arm64
202 silly reify mark deleted [
202 silly reify   '/tmp/workspace/a97c8650-d5af-4e3f-90e8-f8d938ffc3ae/node_modules/tsx/node_modules/@esbuild/android-arm64'
202 silly reify ]
203 verbose reify failed optional dependency /tmp/workspace/a97c8650-d5af-4e3f-90e8-f8d938ffc3ae/node_modules/tsx/node_modules/@esbuild/android-arm
204 silly reify mark deleted [
204 silly reify   '/tmp/workspace/a97c8650-d5af-4e3f-90e8-f8d938ffc3ae/node_modules/tsx/node_modules/@esbuild/android-arm'
204 silly reify ]
205 verbose reify failed optional dependency /tmp/workspace/a97c8650-d5af-4e3f-90e8-f8d938ffc3ae/node_modules/tsx/node_modules/@esbuild/aix-ppc64
206 silly reify mark deleted [
206 silly reify   '/tmp/workspace/a97c8650-d5af-4e3f-90e8-f8d938ffc3ae/node_modules/tsx/node_modules/@esbuild/aix-ppc64'
206 silly reify ]
207 http cache lightningcss-linux-x64-musl@https://registry.npmjs.org/lightningcss-linux-x64-musl/-/lightningcss-linux-x64-musl-1.32.0.tgz 0ms (cache hit)
208 http cache @tailwindcss/oxide-linux-x64-musl@https://registry.npmjs.org/@tailwindcss/oxide-linux-x64-musl/-/oxide-linux-x64-musl-4.3.0.tgz 0ms (cache hit)
209 http cache @rollup/rollup-linux-x64-musl@https://registry.npmjs.org/@rollup/rollup-linux-x64-musl/-/rollup-linux-x64-musl-4.61.1.tgz 0ms (cache hit)
210 silly tarball no local data for @tailwindcss/oxide-linux-x64-musl@https://registry.npmjs.org/@tailwindcss/oxide-linux-x64-musl/-/oxide-linux-x64-musl-4.3.0.tgz. Extracting by manifest.
211 silly tarball no local data for @rollup/rollup-linux-x64-musl@https://registry.npmjs.org/@rollup/rollup-linux-x64-musl/-/rollup-linux-x64-musl-4.61.1.tgz. Extracting by manifest.
212 silly tarball no local data for lightningcss-linux-x64-musl@https://registry.npmjs.org/lightningcss-linux-x64-musl/-/lightningcss-linux-x64-musl-1.32.0.tgz. Extracting by manifest.
213 http fetch POST 200 https://registry.npmjs.org/-/npm/v1/security/advisories/bulk 224ms
214 silly audit report {}
215 http fetch GET 200 https://registry.npmjs.org/@rollup/rollup-linux-x64-musl/-/rollup-linux-x64-musl-4.61.1.tgz 3869ms (cache miss)
216 http fetch GET 200 https://registry.npmjs.org/@tailwindcss/oxide-linux-x64-musl/-/oxide-linux-x64-musl-4.3.0.tgz 3987ms (cache miss)
217 http fetch GET 200 https://registry.npmjs.org/lightningcss-linux-x64-musl/-/lightningcss-linux-x64-musl-1.32.0.tgz 9038ms (cache miss)
218 silly ADD
219 silly ADD
220 silly ADD node_modules/lightningcss-linux-x64-musl
221 silly ADD
222 silly ADD
223 silly ADD
224 silly ADD
225 silly ADD
226 silly ADD
227 silly ADD
228 silly ADD
229 silly ADD
230 silly ADD
231 silly ADD
232 silly ADD node_modules/@tailwindcss/oxide-linux-x64-musl
233 silly ADD
234 silly ADD
235 silly ADD
236 silly ADD
237 silly ADD
238 silly ADD
239 silly ADD
240 silly ADD
241 silly ADD
242 silly ADD
243 silly ADD
244 silly ADD
245 silly ADD
246 silly ADD node_modules/@rollup/rollup-linux-x64-musl
247 silly ADD
248 silly ADD
249 silly ADD
250 silly ADD
251 silly ADD
252 silly ADD
253 silly ADD
254 silly ADD
255 silly ADD
256 silly ADD
257 silly ADD
258 silly ADD
259 silly ADD
260 silly ADD
261 silly ADD
262 silly ADD
263 silly ADD
264 silly ADD
265 silly ADD
266 silly ADD
267 silly ADD
268 silly ADD
269 silly ADD
270 silly ADD
271 silly ADD
272 silly ADD
273 silly ADD
274 silly ADD
275 silly ADD
276 silly ADD
277 silly ADD
278 silly ADD
279 silly ADD
280 silly ADD
281 silly ADD
282 silly ADD
283 silly ADD
284 silly ADD
285 silly ADD
286 silly ADD
287 silly ADD
288 silly ADD
289 silly ADD
290 silly ADD
291 silly ADD
292 silly ADD
293 silly ADD
294 silly ADD
295 silly ADD
296 silly ADD
297 silly ADD
298 silly ADD
299 silly ADD
300 silly ADD
301 silly ADD
302 silly ADD
303 silly ADD
304 silly ADD
305 silly ADD
306 silly ADD
307 silly ADD
308 silly ADD
309 silly ADD
310 silly ADD
311 silly ADD
312 silly ADD
313 silly ADD
314 verbose cwd /tmp/workspace/a97c8650-d5af-4e3f-90e8-f8d938ffc3ae
315 verbose os Linux 5.4.119-19-0009-03_2.0.1-00029-gee3a514c359c
316 verbose node v22.22.2
317 verbose npm  v10.9.7
318 verbose exit 0
319 info ok
